
Apartment Name: T, Max Bandwidth: 300
(id: 211, initial_bandwith: 31, is_empty: 0) (id: 139, initial_bandwith: 20, is_empty: 0) (id: 291, initial_bandwith: 44, is_empty: 0) (id: 15, initial_bandwith: 44, is_empty: 0) (id: 36, initial_bandwith: 51, is_empty: 0) 
backwards
(id: 36, initial_bandwith: 51, is_empty: 0)(id: 15, initial_bandwith: 44, is_empty: 0)(id: 291, initial_bandwith: 44, is_empty: 0)(id: 139, initial_bandwith: 20, is_empty: 0)(id: 211, initial_bandwith: 31, is_empty: 0)

Apartment Name: G, Max Bandwidth: 107
(id: 421, initial_bandwith: 10, is_empty: 0) (id: 275, initial_bandwith: 11, is_empty: 0) (id: 204, initial_bandwith: 2, is_empty: 0) (id: 163, initial_bandwith: 0, is_empty: 0) (id: 452, initial_bandwith: 8, is_empty: 0) (id: 34, initial_bandwith: 10, is_empty: 0) (id: 451, initial_bandwith: 12, is_empty: 0) 
backwards
(id: 451, initial_bandwith: 12, is_empty: 0)(id: 34, initial_bandwith: 10, is_empty: 0)(id: 452, initial_bandwith: 8, is_empty: 0)(id: 163, initial_bandwith: 0, is_empty: 0)(id: 204, initial_bandwith: 2, is_empty: 0)(id: 275, initial_bandwith: 11, is_empty: 0)(id: 421, initial_bandwith: 10, is_empty: 0)

Apartment Name: W, Max Bandwidth: 332
(id: 72, initial_bandwith: 14, is_empty: 0) (id: 479, initial_bandwith: 13, is_empty: 0) (id: 463, initial_bandwith: 18, is_empty: 0) (id: 455, initial_bandwith: 27, is_empty: 0) (id: 152, initial_bandwith: 10, is_empty: 0) (id: 89, initial_bandwith: 11, is_empty: 0) (id: 446, initial_bandwith: 19, is_empty: 0) (id: 347, initial_bandwith: 17, is_empty: 0) (id: 375, initial_bandwith: 24, is_empty: 0) (id: 141, initial_bandwith: 10, is_empty: 0) 
backwards
(id: 141, initial_bandwith: 10, is_empty: 0)(id: 375, initial_bandwith: 24, is_empty: 0)(id: 347, initial_bandwith: 17, is_empty: 0)(id: 446, initial_bandwith: 19, is_empty: 0)(id: 89, initial_bandwith: 11, is_empty: 0)(id: 152, initial_bandwith: 10, is_empty: 0)(id: 455, initial_bandwith: 27, is_empty: 0)(id: 463, initial_bandwith: 18, is_empty: 0)(id: 479, initial_bandwith: 13, is_empty: 0)(id: 72, initial_bandwith: 14, is_empty: 0)

Apartment Name: A, Max Bandwidth: 271
(id: 88, initial_bandwith: 23, is_empty: 0) (id: 289, initial_bandwith: 17, is_empty: 0) (id: 405, initial_bandwith: 29, is_empty: 0) (id: 1, initial_bandwith: 22, is_empty: 0) (id: 16, initial_bandwith: 13, is_empty: 0) (id: 345, initial_bandwith: 4, is_empty: 0) (id: 319, initial_bandwith: 10, is_empty: 0) (id: 241, initial_bandwith: 27, is_empty: 0) 
backwards
(id: 241, initial_bandwith: 27, is_empty: 0)(id: 319, initial_bandwith: 10, is_empty: 0)(id: 345, initial_bandwith: 4, is_empty: 0)(id: 16, initial_bandwith: 13, is_empty: 0)(id: 1, initial_bandwith: 22, is_empty: 0)(id: 405, initial_bandwith: 29, is_empty: 0)(id: 289, initial_bandwith: 17, is_empty: 0)(id: 88, initial_bandwith: 23, is_empty: 0)

Apartment Name: U, Max Bandwidth: 298
(id: 408, initial_bandwith: 14, is_empty: 0) (id: 393, initial_bandwith: 1, is_empty: 0) (id: 121, initial_bandwith: 5, is_empty: 0) (id: 270, initial_bandwith: 5, is_empty: 0) (id: 94, initial_bandwith: 10, is_empty: 0) (id: 125, initial_bandwith: 13, is_empty: 0) (id: 96, initial_bandwith: 16, is_empty: 0) (id: 87, initial_bandwith: 4, is_empty: 0) (id: 277, initial_bandwith: 10, is_empty: 0) (id: 268, initial_bandwith: 7, is_empty: 0) (id: 286, initial_bandwith: 13, is_empty: 0) (id: 158, initial_bandwith: 8, is_empty: 0) (id: 10, initial_bandwith: 7, is_empty: 0) 
backwards
(id: 10, initial_bandwith: 7, is_empty: 0)(id: 158, initial_bandwith: 8, is_empty: 0)(id: 286, initial_bandwith: 13, is_empty: 0)(id: 268, initial_bandwith: 7, is_empty: 0)(id: 277, initial_bandwith: 10, is_empty: 0)(id: 87, initial_bandwith: 4, is_empty: 0)(id: 96, initial_bandwith: 16, is_empty: 0)(id: 125, initial_bandwith: 13, is_empty: 0)(id: 94, initial_bandwith: 10, is_empty: 0)(id: 270, initial_bandwith: 5, is_empty: 0)(id: 121, initial_bandwith: 5, is_empty: 0)(id: 393, initial_bandwith: 1, is_empty: 0)(id: 408, initial_bandwith: 14, is_empty: 0)

Apartment Name: C, Max Bandwidth: 360
(id: 80, initial_bandwith: 26, is_empty: 0) (id: 397, initial_bandwith: 11, is_empty: 0) (id: 142, initial_bandwith: 23, is_empty: 0) (id: 39, initial_bandwith: 1, is_empty: 0) (id: 385, initial_bandwith: 15, is_empty: 0) (id: 228, initial_bandwith: 6, is_empty: 0) (id: 282, initial_bandwith: 24, is_empty: 0) (id: 156, initial_bandwith: 1, is_empty: 0) (id: 266, initial_bandwith: 6, is_empty: 0) (id: 325, initial_bandwith: 7, is_empty: 0) (id: 469, initial_bandwith: 25, is_empty: 0) (id: 417, initial_bandwith: 1, is_empty: 0) (id: 267, initial_bandwith: 17, is_empty: 0) 
backwards
(id: 267, initial_bandwith: 17, is_empty: 0)(id: 417, initial_bandwith: 1, is_empty: 0)(id: 469, initial_bandwith: 25, is_empty: 0)(id: 325, initial_bandwith: 7, is_empty: 0)(id: 266, initial_bandwith: 6, is_empty: 0)(id: 156, initial_bandwith: 1, is_empty: 0)(id: 282, initial_bandwith: 24, is_empty: 0)(id: 228, initial_bandwith: 6, is_empty: 0)(id: 385, initial_bandwith: 15, is_empty: 0)(id: 39, initial_bandwith: 1, is_empty: 0)(id: 142, initial_bandwith: 23, is_empty: 0)(id: 397, initial_bandwith: 11, is_empty: 0)(id: 80, initial_bandwith: 26, is_empty: 0)

Apartment Name: Y, Max Bandwidth: 169
(id: 337, initial_bandwith: 3, is_empty: 0) (id: 194, initial_bandwith: 17, is_empty: 0) (id: 372, initial_bandwith: 14, is_empty: 0) (id: 68, initial_bandwith: 5, is_empty: 0) (id: 234, initial_bandwith: 7, is_empty: 0) (id: 60, initial_bandwith: 20, is_empty: 0) (id: 423, initial_bandwith: 15, is_empty: 0) 
backwards
(id: 423, initial_bandwith: 15, is_empty: 0)(id: 60, initial_bandwith: 20, is_empty: 0)(id: 234, initial_bandwith: 7, is_empty: 0)(id: 68, initial_bandwith: 5, is_empty: 0)(id: 372, initial_bandwith: 14, is_empty: 0)(id: 194, initial_bandwith: 17, is_empty: 0)(id: 337, initial_bandwith: 3, is_empty: 0)

Apartment Name: D, Max Bandwidth: 111
(id: 210, initial_bandwith: 2, is_empty: 0) (id: 116, initial_bandwith: 4, is_empty: 0) (id: 493, initial_bandwith: 5, is_empty: 0) (id: 497, initial_bandwith: 3, is_empty: 0) (id: 390, initial_bandwith: 4, is_empty: 0) (id: 484, initial_bandwith: 3, is_empty: 0) (id: 331, initial_bandwith: 5, is_empty: 0) (id: 426, initial_bandwith: 6, is_empty: 0) (id: 321, initial_bandwith: 3, is_empty: 0) (id: 217, initial_bandwith: 1, is_empty: 0) (id: 28, initial_bandwith: 0, is_empty: 0) (id: 454, initial_bandwith: 1, is_empty: 0) (id: 265, initial_bandwith: 5, is_empty: 0) (id: 460, initial_bandwith: 1, is_empty: 0) 
backwards
(id: 460, initial_bandwith: 1, is_empty: 0)(id: 265, initial_bandwith: 5, is_empty: 0)(id: 454, initial_bandwith: 1, is_empty: 0)(id: 28, initial_bandwith: 0, is_empty: 0)(id: 217, initial_bandwith: 1, is_empty: 0)(id: 321, initial_bandwith: 3, is_empty: 0)(id: 426, initial_bandwith: 6, is_empty: 0)(id: 331, initial_bandwith: 5, is_empty: 0)(id: 484, initial_bandwith: 3, is_empty: 0)(id: 390, initial_bandwith: 4, is_empty: 0)(id: 497, initial_bandwith: 3, is_empty: 0)(id: 493, initial_bandwith: 5, is_empty: 0)(id: 116, initial_bandwith: 4, is_empty: 0)(id: 210, initial_bandwith: 2, is_empty: 0)

Apartment Name: K, Max Bandwidth: 87
(id: 226, initial_bandwith: 4, is_empty: 0) (id: 363, initial_bandwith: 6, is_empty: 0) (id: 293, initial_bandwith: 12, is_empty: 0) (id: 144, initial_bandwith: 4, is_empty: 0) (id: 258, initial_bandwith: 1, is_empty: 0) 
backwards
(id: 258, initial_bandwith: 1, is_empty: 0)(id: 144, initial_bandwith: 4, is_empty: 0)(id: 293, initial_bandwith: 12, is_empty: 0)(id: 363, initial_bandwith: 6, is_empty: 0)(id: 226, initial_bandwith: 4, is_empty: 0)

Apartment Name: F, Max Bandwidth: 385
(id: 56, initial_bandwith: 2, is_empty: 0) (id: 64, initial_bandwith: 2, is_empty: 0) (id: 188, initial_bandwith: 17, is_empty: 0) (id: 58, initial_bandwith: 5, is_empty: 0) (id: 172, initial_bandwith: 10, is_empty: 0) (id: 162, initial_bandwith: 3, is_empty: 0) (id: 376, initial_bandwith: 12, is_empty: 0) (id: 431, initial_bandwith: 16, is_empty: 0) (id: 167, initial_bandwith: 2, is_empty: 0) (id: 491, initial_bandwith: 28, is_empty: 0) (id: 202, initial_bandwith: 9, is_empty: 0) (id: 394, initial_bandwith: 1, is_empty: 0) (id: 348, initial_bandwith: 7, is_empty: 0) (id: 108, initial_bandwith: 2, is_empty: 0) (id: 358, initial_bandwith: 17, is_empty: 0) (id: 18, initial_bandwith: 3, is_empty: 0) (id: 327, initial_bandwith: 4, is_empty: 0) (id: 232, initial_bandwith: 5, is_empty: 0) (id: 134, initial_bandwith: 10, is_empty: 0) (id: 461, initial_bandwith: 0, is_empty: 0) (id: 66, initial_bandwith: 12, is_empty: 0) (id: 149, initial_bandwith: 11, is_empty: 0) (id: 458, initial_bandwith: 13, is_empty: 0) (id: 206, initial_bandwith: 14, is_empty: 0) (id: 273, initial_bandwith: 6, is_empty: 0) (id: 81, initial_bandwith: 2, is_empty: 0) (id: 33, initial_bandwith: 0, is_empty: 0) (id: 181, initial_bandwith: 1, is_empty: 0) (id: 208, initial_bandwith: 10, is_empty: 0) (id: 25, initial_bandwith: 13, is_empty: 0) 
backwards
(id: 25, initial_bandwith: 13, is_empty: 0)(id: 208, initial_bandwith: 10, is_empty: 0)(id: 181, initial_bandwith: 1, is_empty: 0)(id: 33, initial_bandwith: 0, is_empty: 0)(id: 81, initial_bandwith: 2, is_empty: 0)(id: 273, initial_bandwith: 6, is_empty: 0)(id: 206, initial_bandwith: 14, is_empty: 0)(id: 458, initial_bandwith: 13, is_empty: 0)(id: 149, initial_bandwith: 11, is_empty: 0)(id: 66, initial_bandwith: 12, is_empty: 0)(id: 461, initial_bandwith: 0, is_empty: 0)(id: 134, initial_bandwith: 10, is_empty: 0)(id: 232, initial_bandwith: 5, is_empty: 0)(id: 327, initial_bandwith: 4, is_empty: 0)(id: 18, initial_bandwith: 3, is_empty: 0)(id: 358, initial_bandwith: 17, is_empty: 0)(id: 108, initial_bandwith: 2, is_empty: 0)(id: 348, initial_bandwith: 7, is_empty: 0)(id: 394, initial_bandwith: 1, is_empty: 0)(id: 202, initial_bandwith: 9, is_empty: 0)(id: 491, initial_bandwith: 28, is_empty: 0)(id: 167, initial_bandwith: 2, is_empty: 0)(id: 431, initial_bandwith: 16, is_empty: 0)(id: 376, initial_bandwith: 12, is_empty: 0)(id: 162, initial_bandwith: 3, is_empty: 0)(id: 172, initial_bandwith: 10, is_empty: 0)(id: 58, initial_bandwith: 5, is_empty: 0)(id: 188, initial_bandwith: 17, is_empty: 0)(id: 64, initial_bandwith: 2, is_empty: 0)(id: 56, initial_bandwith: 2, is_empty: 0)

Apartment Name: S, Max Bandwidth: 127
(id: 190, initial_bandwith: 1, is_empty: 0) (id: 177, initial_bandwith: 6, is_empty: 0) (id: 126, initial_bandwith: 0, is_empty: 0) (id: 137, initial_bandwith: 4, is_empty: 0) (id: 352, initial_bandwith: 0, is_empty: 0) (id: 387, initial_bandwith: 3, is_empty: 0) (id: 395, initial_bandwith: 3, is_empty: 0) (id: 418, initial_bandwith: 1, is_empty: 0) (id: 468, initial_bandwith: 7, is_empty: 0) (id: 287, initial_bandwith: 2, is_empty: 0) (id: 130, initial_bandwith: 7, is_empty: 0) (id: 236, initial_bandwith: 7, is_empty: 0) (id: 379, initial_bandwith: 7, is_empty: 0) 
backwards
(id: 379, initial_bandwith: 7, is_empty: 0)(id: 236, initial_bandwith: 7, is_empty: 0)(id: 130, initial_bandwith: 7, is_empty: 0)(id: 287, initial_bandwith: 2, is_empty: 0)(id: 468, initial_bandwith: 7, is_empty: 0)(id: 418, initial_bandwith: 1, is_empty: 0)(id: 395, initial_bandwith: 3, is_empty: 0)(id: 387, initial_bandwith: 3, is_empty: 0)(id: 352, initial_bandwith: 0, is_empty: 0)(id: 137, initial_bandwith: 4, is_empty: 0)(id: 126, initial_bandwith: 0, is_empty: 0)(id: 177, initial_bandwith: 6, is_empty: 0)(id: 190, initial_bandwith: 1, is_empty: 0)

Apartment Name: M, Max Bandwidth: 313
(id: 63, initial_bandwith: 6, is_empty: 0) (id: 309, initial_bandwith: 5, is_empty: 0) (id: 432, initial_bandwith: 7, is_empty: 0) (id: 145, initial_bandwith: 12, is_empty: 0) (id: 290, initial_bandwith: 10, is_empty: 0) (id: 419, initial_bandwith: 9, is_empty: 0) (id: 437, initial_bandwith: 12, is_empty: 0) (id: 439, initial_bandwith: 11, is_empty: 0) (id: 316, initial_bandwith: 1, is_empty: 0) (id: 314, initial_bandwith: 3, is_empty: 0) (id: 115, initial_bandwith: 5, is_empty: 0) (id: 353, initial_bandwith: 2, is_empty: 0) (id: 118, initial_bandwith: 6, is_empty: 0) (id: 322, initial_bandwith: 15, is_empty: 0) (id: 95, initial_bandwith: 11, is_empty: 0) (id: 171, initial_bandwith: 5, is_empty: 0) (id: 239, initial_bandwith: 11, is_empty: 0) (id: 140, initial_bandwith: 1, is_empty: 0) 
backwards
(id: 140, initial_bandwith: 1, is_empty: 0)(id: 239, initial_bandwith: 11, is_empty: 0)(id: 171, initial_bandwith: 5, is_empty: 0)(id: 95, initial_bandwith: 11, is_empty: 0)(id: 322, initial_bandwith: 15, is_empty: 0)(id: 118, initial_bandwith: 6, is_empty: 0)(id: 353, initial_bandwith: 2, is_empty: 0)(id: 115, initial_bandwith: 5, is_empty: 0)(id: 314, initial_bandwith: 3, is_empty: 0)(id: 316, initial_bandwith: 1, is_empty: 0)(id: 439, initial_bandwith: 11, is_empty: 0)(id: 437, initial_bandwith: 12, is_empty: 0)(id: 419, initial_bandwith: 9, is_empty: 0)(id: 290, initial_bandwith: 10, is_empty: 0)(id: 145, initial_bandwith: 12, is_empty: 0)(id: 432, initial_bandwith: 7, is_empty: 0)(id: 309, initial_bandwith: 5, is_empty: 0)(id: 63, initial_bandwith: 6, is_empty: 0)
