
Apartment Name: C, Max Bandwidth: 160
(id: 24, initial_bandwith: 9, is_empty: 0) (id: 155, initial_bandwith: 1, is_empty: 0) (id: 167, initial_bandwith: 38, is_empty: 0) 
backwards
(id: 167, initial_bandwith: 38, is_empty: 0)(id: 155, initial_bandwith: 1, is_empty: 0)(id: 24, initial_bandwith: 9, is_empty: 0)

Apartment Name: V, Max Bandwidth: 208
(id: 172, initial_bandwith: 6, is_empty: 0) (id: 436, initial_bandwith: 10, is_empty: 0) (id: 485, initial_bandwith: 0, is_empty: 0) (id: 481, initial_bandwith: 13, is_empty: 0) (id: 360, initial_bandwith: 3, is_empty: 0) (id: 263, initial_bandwith: 2, is_empty: 0) (id: 395, initial_bandwith: 7, is_empty: 0) (id: 98, initial_bandwith: 6, is_empty: 0) (id: 388, initial_bandwith: 10, is_empty: 0) (id: 404, initial_bandwith: 5, is_empty: 0) (id: 46, initial_bandwith: 12, is_empty: 0) (id: 32, initial_bandwith: 4, is_empty: 0) (id: 385, initial_bandwith: 3, is_empty: 0) (id: 200, initial_bandwith: 8, is_empty: 0) 
backwards
(id: 200, initial_bandwith: 8, is_empty: 0)(id: 385, initial_bandwith: 3, is_empty: 0)(id: 32, initial_bandwith: 4, is_empty: 0)(id: 46, initial_bandwith: 12, is_empty: 0)(id: 404, initial_bandwith: 5, is_empty: 0)(id: 388, initial_bandwith: 10, is_empty: 0)(id: 98, initial_bandwith: 6, is_empty: 0)(id: 395, initial_bandwith: 7, is_empty: 0)(id: 263, initial_bandwith: 2, is_empty: 0)(id: 360, initial_bandwith: 3, is_empty: 0)(id: 481, initial_bandwith: 13, is_empty: 0)(id: 485, initial_bandwith: 0, is_empty: 0)(id: 436, initial_bandwith: 10, is_empty: 0)(id: 172, initial_bandwith: 6, is_empty: 0)

Apartment Name: J, Max Bandwidth: 581
(id: 21, initial_bandwith: 21, is_empty: 0) (id: 381, initial_bandwith: 39, is_empty: 0) (id: 479, initial_bandwith: 6, is_empty: 0) (id: 256, initial_bandwith: 12, is_empty: 0) (id: 39, initial_bandwith: 13, is_empty: 0) (id: 363, initial_bandwith: 10, is_empty: 0) (id: 392, initial_bandwith: 13, is_empty: 0) (id: 290, initial_bandwith: 4, is_empty: 0) (id: 350, initial_bandwith: 15, is_empty: 0) (id: 312, initial_bandwith: 4, is_empty: 0) (id: 488, initial_bandwith: 4, is_empty: 0) (id: 11, initial_bandwith: 4, is_empty: 0) (id: 28, initial_bandwith: 2, is_empty: 0) (id: 30, initial_bandwith: 12, is_empty: 0) (id: 191, initial_bandwith: 9, is_empty: 0) (id: 146, initial_bandwith: 7, is_empty: 0) (id: 268, initial_bandwith: 0, is_empty: 0) (id: 362, initial_bandwith: 2, is_empty: 0) (id: 427, initial_bandwith: 4, is_empty: 0) (id: 306, initial_bandwith: 21, is_empty: 0) (id: 254, initial_bandwith: 18, is_empty: 0) (id: 15, initial_bandwith: 10, is_empty: 0) (id: 339, initial_bandwith: 14, is_empty: 0) (id: 311, initial_bandwith: 1, is_empty: 0) (id: 490, initial_bandwith: 16, is_empty: 0) (id: 373, initial_bandwith: 5, is_empty: 0) (id: 422, initial_bandwith: 5, is_empty: 0) (id: 141, initial_bandwith: 8, is_empty: 0) (id: 310, initial_bandwith: 15, is_empty: 0) (id: 164, initial_bandwith: 8, is_empty: 0) (id: 26, initial_bandwith: 6, is_empty: 0) (id: 343, initial_bandwith: 5, is_empty: 0) (id: 380, initial_bandwith: 8, is_empty: 0) (id: 104, initial_bandwith: 4, is_empty: 0) 
backwards
(id: 104, initial_bandwith: 4, is_empty: 0)(id: 380, initial_bandwith: 8, is_empty: 0)(id: 343, initial_bandwith: 5, is_empty: 0)(id: 26, initial_bandwith: 6, is_empty: 0)(id: 164, initial_bandwith: 8, is_empty: 0)(id: 310, initial_bandwith: 15, is_empty: 0)(id: 141, initial_bandwith: 8, is_empty: 0)(id: 422, initial_bandwith: 5, is_empty: 0)(id: 373, initial_bandwith: 5, is_empty: 0)(id: 490, initial_bandwith: 16, is_empty: 0)(id: 311, initial_bandwith: 1, is_empty: 0)(id: 339, initial_bandwith: 14, is_empty: 0)(id: 15, initial_bandwith: 10, is_empty: 0)(id: 254, initial_bandwith: 18, is_empty: 0)(id: 306, initial_bandwith: 21, is_empty: 0)(id: 427, initial_bandwith: 4, is_empty: 0)(id: 362, initial_bandwith: 2, is_empty: 0)(id: 268, initial_bandwith: 0, is_empty: 0)(id: 146, initial_bandwith: 7, is_empty: 0)(id: 191, initial_bandwith: 9, is_empty: 0)(id: 30, initial_bandwith: 12, is_empty: 0)(id: 28, initial_bandwith: 2, is_empty: 0)(id: 11, initial_bandwith: 4, is_empty: 0)(id: 488, initial_bandwith: 4, is_empty: 0)(id: 312, initial_bandwith: 4, is_empty: 0)(id: 350, initial_bandwith: 15, is_empty: 0)(id: 290, initial_bandwith: 4, is_empty: 0)(id: 392, initial_bandwith: 13, is_empty: 0)(id: 363, initial_bandwith: 10, is_empty: 0)(id: 39, initial_bandwith: 13, is_empty: 0)(id: 256, initial_bandwith: 12, is_empty: 0)(id: 479, initial_bandwith: 6, is_empty: 0)(id: 381, initial_bandwith: 39, is_empty: 0)(id: 21, initial_bandwith: 21, is_empty: 0)

Apartment Name: S, Max Bandwidth: 304
(id: 471, initial_bandwith: 39, is_empty: 0) (id: 197, initial_bandwith: 4, is_empty: 0) (id: 43, initial_bandwith: 39, is_empty: 0) (id: 5, initial_bandwith: 21, is_empty: 0) (id: 82, initial_bandwith: 28, is_empty: 0) (id: 54, initial_bandwith: 25, is_empty: 0) 
backwards
(id: 54, initial_bandwith: 25, is_empty: 0)(id: 82, initial_bandwith: 28, is_empty: 0)(id: 5, initial_bandwith: 21, is_empty: 0)(id: 43, initial_bandwith: 39, is_empty: 0)(id: 197, initial_bandwith: 4, is_empty: 0)(id: 471, initial_bandwith: 39, is_empty: 0)

Apartment Name: I, Max Bandwidth: 91
(id: 25, initial_bandwith: 0, is_empty: 0) (id: 418, initial_bandwith: 5, is_empty: 0) (id: 257, initial_bandwith: 3, is_empty: 0) (id: 215, initial_bandwith: 5, is_empty: 0) (id: 240, initial_bandwith: 0, is_empty: 0) (id: 202, initial_bandwith: 5, is_empty: 0) (id: 328, initial_bandwith: 3, is_empty: 0) (id: 444, initial_bandwith: 0, is_empty: 0) (id: 105, initial_bandwith: 5, is_empty: 0) (id: 491, initial_bandwith: 0, is_empty: 0) (id: 353, initial_bandwith: 4, is_empty: 0) (id: 464, initial_bandwith: 2, is_empty: 0) (id: 319, initial_bandwith: 1, is_empty: 0) (id: 48, initial_bandwith: 4, is_empty: 0) (id: 149, initial_bandwith: 1, is_empty: 0) (id: 85, initial_bandwith: 2, is_empty: 0) 
backwards
(id: 85, initial_bandwith: 2, is_empty: 0)(id: 149, initial_bandwith: 1, is_empty: 0)(id: 48, initial_bandwith: 4, is_empty: 0)(id: 319, initial_bandwith: 1, is_empty: 0)(id: 464, initial_bandwith: 2, is_empty: 0)(id: 353, initial_bandwith: 4, is_empty: 0)(id: 491, initial_bandwith: 0, is_empty: 0)(id: 105, initial_bandwith: 5, is_empty: 0)(id: 444, initial_bandwith: 0, is_empty: 0)(id: 328, initial_bandwith: 3, is_empty: 0)(id: 202, initial_bandwith: 5, is_empty: 0)(id: 240, initial_bandwith: 0, is_empty: 0)(id: 215, initial_bandwith: 5, is_empty: 0)(id: 257, initial_bandwith: 3, is_empty: 0)(id: 418, initial_bandwith: 5, is_empty: 0)(id: 25, initial_bandwith: 0, is_empty: 0)

Apartment Name: U, Max Bandwidth: 134
(id: 428, initial_bandwith: 7, is_empty: 0) (id: 6, initial_bandwith: 7, is_empty: 0) (id: 87, initial_bandwith: 4, is_empty: 0) (id: 90, initial_bandwith: 0, is_empty: 0) (id: 366, initial_bandwith: 7, is_empty: 0) (id: 165, initial_bandwith: 0, is_empty: 0) (id: 351, initial_bandwith: 4, is_empty: 0) (id: 383, initial_bandwith: 2, is_empty: 0) (id: 230, initial_bandwith: 7, is_empty: 0) (id: 37, initial_bandwith: 3, is_empty: 0) (id: 88, initial_bandwith: 0, is_empty: 0) (id: 106, initial_bandwith: 7, is_empty: 0) (id: 218, initial_bandwith: 3, is_empty: 0) (id: 457, initial_bandwith: 1, is_empty: 0) (id: 249, initial_bandwith: 2, is_empty: 0) (id: 440, initial_bandwith: 2, is_empty: 0) (id: 79, initial_bandwith: 1, is_empty: 0) (id: 348, initial_bandwith: 6, is_empty: 0) 
backwards
(id: 348, initial_bandwith: 6, is_empty: 0)(id: 79, initial_bandwith: 1, is_empty: 0)(id: 440, initial_bandwith: 2, is_empty: 0)(id: 249, initial_bandwith: 2, is_empty: 0)(id: 457, initial_bandwith: 1, is_empty: 0)(id: 218, initial_bandwith: 3, is_empty: 0)(id: 106, initial_bandwith: 7, is_empty: 0)(id: 88, initial_bandwith: 0, is_empty: 0)(id: 37, initial_bandwith: 3, is_empty: 0)(id: 230, initial_bandwith: 7, is_empty: 0)(id: 383, initial_bandwith: 2, is_empty: 0)(id: 351, initial_bandwith: 4, is_empty: 0)(id: 165, initial_bandwith: 0, is_empty: 0)(id: 366, initial_bandwith: 7, is_empty: 0)(id: 90, initial_bandwith: 0, is_empty: 0)(id: 87, initial_bandwith: 4, is_empty: 0)(id: 6, initial_bandwith: 7, is_empty: 0)(id: 428, initial_bandwith: 7, is_empty: 0)

Apartment Name: P, Max Bandwidth: 140
(id: 486, initial_bandwith: 14, is_empty: 0) (id: 398, initial_bandwith: 6, is_empty: 0) (id: 452, initial_bandwith: 8, is_empty: 0) (id: 407, initial_bandwith: 28, is_empty: 0) (id: 161, initial_bandwith: 5, is_empty: 0) 
backwards
(id: 161, initial_bandwith: 5, is_empty: 0)(id: 407, initial_bandwith: 28, is_empty: 0)(id: 452, initial_bandwith: 8, is_empty: 0)(id: 398, initial_bandwith: 6, is_empty: 0)(id: 486, initial_bandwith: 14, is_empty: 0)

Apartment Name: O, Max Bandwidth: 268
(id: 326, initial_bandwith: 13, is_empty: 0) (id: 299, initial_bandwith: 15, is_empty: 0) (id: 144, initial_bandwith: 23, is_empty: 0) (id: 416, initial_bandwith: 14, is_empty: 0) (id: 459, initial_bandwith: 18, is_empty: 0) (id: 456, initial_bandwith: 18, is_empty: 0) (id: 393, initial_bandwith: 11, is_empty: 0) (id: 184, initial_bandwith: 22, is_empty: 0) (id: 242, initial_bandwith: 2, is_empty: 0) 
backwards
(id: 242, initial_bandwith: 2, is_empty: 0)(id: 184, initial_bandwith: 22, is_empty: 0)(id: 393, initial_bandwith: 11, is_empty: 0)(id: 456, initial_bandwith: 18, is_empty: 0)(id: 459, initial_bandwith: 18, is_empty: 0)(id: 416, initial_bandwith: 14, is_empty: 0)(id: 144, initial_bandwith: 23, is_empty: 0)(id: 299, initial_bandwith: 15, is_empty: 0)(id: 326, initial_bandwith: 13, is_empty: 0)

Apartment Name: B, Max Bandwidth: 279
(id: 9, initial_bandwith: 20, is_empty: 0) (id: 183, initial_bandwith: 24, is_empty: 0) (id: 302, initial_bandwith: 16, is_empty: 0) (id: 50, initial_bandwith: 1, is_empty: 0) (id: 334, initial_bandwith: 20, is_empty: 0) (id: 492, initial_bandwith: 20, is_empty: 0) (id: 377, initial_bandwith: 24, is_empty: 0) (id: 140, initial_bandwith: 17, is_empty: 0) (id: 76, initial_bandwith: 17, is_empty: 0) 
backwards
(id: 76, initial_bandwith: 17, is_empty: 0)(id: 140, initial_bandwith: 17, is_empty: 0)(id: 377, initial_bandwith: 24, is_empty: 0)(id: 492, initial_bandwith: 20, is_empty: 0)(id: 334, initial_bandwith: 20, is_empty: 0)(id: 50, initial_bandwith: 1, is_empty: 0)(id: 302, initial_bandwith: 16, is_empty: 0)(id: 183, initial_bandwith: 24, is_empty: 0)(id: 9, initial_bandwith: 20, is_empty: 0)

Apartment Name: M, Max Bandwidth: 260
(id: 225, initial_bandwith: 12, is_empty: 0) (id: 81, initial_bandwith: 8, is_empty: 0) (id: 219, initial_bandwith: 7, is_empty: 0) (id: 364, initial_bandwith: 15, is_empty: 0) (id: 217, initial_bandwith: 5, is_empty: 0) (id: 467, initial_bandwith: 14, is_empty: 0) (id: 1, initial_bandwith: 1, is_empty: 0) (id: 424, initial_bandwith: 13, is_empty: 0) (id: 107, initial_bandwith: 14, is_empty: 0) (id: 376, initial_bandwith: 11, is_empty: 0) (id: 244, initial_bandwith: 3, is_empty: 0) (id: 282, initial_bandwith: 0, is_empty: 0) (id: 108, initial_bandwith: 6, is_empty: 0) (id: 320, initial_bandwith: 2, is_empty: 0) (id: 437, initial_bandwith: 15, is_empty: 0) 
backwards
(id: 437, initial_bandwith: 15, is_empty: 0)(id: 320, initial_bandwith: 2, is_empty: 0)(id: 108, initial_bandwith: 6, is_empty: 0)(id: 282, initial_bandwith: 0, is_empty: 0)(id: 244, initial_bandwith: 3, is_empty: 0)(id: 376, initial_bandwith: 11, is_empty: 0)(id: 107, initial_bandwith: 14, is_empty: 0)(id: 424, initial_bandwith: 13, is_empty: 0)(id: 1, initial_bandwith: 1, is_empty: 0)(id: 467, initial_bandwith: 14, is_empty: 0)(id: 217, initial_bandwith: 5, is_empty: 0)(id: 364, initial_bandwith: 15, is_empty: 0)(id: 219, initial_bandwith: 7, is_empty: 0)(id: 81, initial_bandwith: 8, is_empty: 0)(id: 225, initial_bandwith: 12, is_empty: 0)

Apartment Name: H, Max Bandwidth: 236
(id: 150, initial_bandwith: 1, is_empty: 0) (id: 476, initial_bandwith: 13, is_empty: 0) (id: 204, initial_bandwith: 2, is_empty: 0) (id: 275, initial_bandwith: 3, is_empty: 0) (id: 495, initial_bandwith: 5, is_empty: 0) (id: 38, initial_bandwith: 15, is_empty: 0) (id: 344, initial_bandwith: 4, is_empty: 0) (id: 99, initial_bandwith: 7, is_empty: 0) (id: 42, initial_bandwith: 1, is_empty: 0) (id: 192, initial_bandwith: 0, is_empty: 0) (id: 262, initial_bandwith: 8, is_empty: 0) (id: 196, initial_bandwith: 1, is_empty: 0) (id: 74, initial_bandwith: 7, is_empty: 0) (id: 410, initial_bandwith: 9, is_empty: 0) (id: 356, initial_bandwith: 0, is_empty: 0) 
backwards
(id: 356, initial_bandwith: 0, is_empty: 0)(id: 410, initial_bandwith: 9, is_empty: 0)(id: 74, initial_bandwith: 7, is_empty: 0)(id: 196, initial_bandwith: 1, is_empty: 0)(id: 262, initial_bandwith: 8, is_empty: 0)(id: 192, initial_bandwith: 0, is_empty: 0)(id: 42, initial_bandwith: 1, is_empty: 0)(id: 99, initial_bandwith: 7, is_empty: 0)(id: 344, initial_bandwith: 4, is_empty: 0)(id: 38, initial_bandwith: 15, is_empty: 0)(id: 495, initial_bandwith: 5, is_empty: 0)(id: 275, initial_bandwith: 3, is_empty: 0)(id: 204, initial_bandwith: 2, is_empty: 0)(id: 476, initial_bandwith: 13, is_empty: 0)(id: 150, initial_bandwith: 1, is_empty: 0)

Apartment Name: L, Max Bandwidth: 188
(id: 358, initial_bandwith: 5, is_empty: 0) (id: 67, initial_bandwith: 5, is_empty: 0) (id: 133, initial_bandwith: 4, is_empty: 0) (id: 77, initial_bandwith: 5, is_empty: 0) (id: 251, initial_bandwith: 2, is_empty: 0) (id: 405, initial_bandwith: 3, is_empty: 0) (id: 179, initial_bandwith: 7, is_empty: 0) (id: 280, initial_bandwith: 3, is_empty: 0) (id: 232, initial_bandwith: 0, is_empty: 0) (id: 170, initial_bandwith: 10, is_empty: 0) (id: 371, initial_bandwith: 5, is_empty: 0) (id: 372, initial_bandwith: 9, is_empty: 0) (id: 110, initial_bandwith: 6, is_empty: 0) (id: 2, initial_bandwith: 4, is_empty: 0) (id: 0, initial_bandwith: 4, is_empty: 0) (id: 259, initial_bandwith: 7, is_empty: 0) (id: 265, initial_bandwith: 7, is_empty: 0) 
backwards
(id: 265, initial_bandwith: 7, is_empty: 0)(id: 259, initial_bandwith: 7, is_empty: 0)(id: 0, initial_bandwith: 4, is_empty: 0)(id: 2, initial_bandwith: 4, is_empty: 0)(id: 110, initial_bandwith: 6, is_empty: 0)(id: 372, initial_bandwith: 9, is_empty: 0)(id: 371, initial_bandwith: 5, is_empty: 0)(id: 170, initial_bandwith: 10, is_empty: 0)(id: 232, initial_bandwith: 0, is_empty: 0)(id: 280, initial_bandwith: 3, is_empty: 0)(id: 179, initial_bandwith: 7, is_empty: 0)(id: 405, initial_bandwith: 3, is_empty: 0)(id: 251, initial_bandwith: 2, is_empty: 0)(id: 77, initial_bandwith: 5, is_empty: 0)(id: 133, initial_bandwith: 4, is_empty: 0)(id: 67, initial_bandwith: 5, is_empty: 0)(id: 358, initial_bandwith: 5, is_empty: 0)

Apartment Name: K, Max Bandwidth: 115
(id: 288, initial_bandwith: 1, is_empty: 0) (id: 29, initial_bandwith: 3, is_empty: 0) (id: 44, initial_bandwith: 6, is_empty: 0) (id: 415, initial_bandwith: 1, is_empty: 0) (id: 229, initial_bandwith: 5, is_empty: 0) (id: 125, initial_bandwith: 0, is_empty: 0) (id: 239, initial_bandwith: 4, is_empty: 0) (id: 209, initial_bandwith: 5, is_empty: 0) (id: 448, initial_bandwith: 3, is_empty: 0) (id: 397, initial_bandwith: 3, is_empty: 0) (id: 454, initial_bandwith: 8, is_empty: 0) (id: 361, initial_bandwith: 2, is_empty: 0) 
backwards
(id: 361, initial_bandwith: 2, is_empty: 0)(id: 454, initial_bandwith: 8, is_empty: 0)(id: 397, initial_bandwith: 3, is_empty: 0)(id: 448, initial_bandwith: 3, is_empty: 0)(id: 209, initial_bandwith: 5, is_empty: 0)(id: 239, initial_bandwith: 4, is_empty: 0)(id: 125, initial_bandwith: 0, is_empty: 0)(id: 229, initial_bandwith: 5, is_empty: 0)(id: 415, initial_bandwith: 1, is_empty: 0)(id: 44, initial_bandwith: 6, is_empty: 0)(id: 29, initial_bandwith: 3, is_empty: 0)(id: 288, initial_bandwith: 1, is_empty: 0)

Apartment Name: T, Max Bandwidth: 330
(id: 234, initial_bandwith: 5, is_empty: 0) (id: 64, initial_bandwith: 4, is_empty: 0) (id: 94, initial_bandwith: 18, is_empty: 0) (id: 91, initial_bandwith: 11, is_empty: 0) (id: 122, initial_bandwith: 17, is_empty: 0) (id: 447, initial_bandwith: 5, is_empty: 0) (id: 61, initial_bandwith: 1, is_empty: 0) (id: 489, initial_bandwith: 16, is_empty: 0) (id: 368, initial_bandwith: 3, is_empty: 0) (id: 450, initial_bandwith: 17, is_empty: 0) (id: 308, initial_bandwith: 5, is_empty: 0) (id: 253, initial_bandwith: 3, is_empty: 0) (id: 132, initial_bandwith: 11, is_empty: 0) (id: 159, initial_bandwith: 8, is_empty: 0) (id: 499, initial_bandwith: 1, is_empty: 0) (id: 442, initial_bandwith: 3, is_empty: 0) (id: 86, initial_bandwith: 13, is_empty: 0) 
backwards
(id: 86, initial_bandwith: 13, is_empty: 0)(id: 442, initial_bandwith: 3, is_empty: 0)(id: 499, initial_bandwith: 1, is_empty: 0)(id: 159, initial_bandwith: 8, is_empty: 0)(id: 132, initial_bandwith: 11, is_empty: 0)(id: 253, initial_bandwith: 3, is_empty: 0)(id: 308, initial_bandwith: 5, is_empty: 0)(id: 450, initial_bandwith: 17, is_empty: 0)(id: 368, initial_bandwith: 3, is_empty: 0)(id: 489, initial_bandwith: 16, is_empty: 0)(id: 61, initial_bandwith: 1, is_empty: 0)(id: 447, initial_bandwith: 5, is_empty: 0)(id: 122, initial_bandwith: 17, is_empty: 0)(id: 91, initial_bandwith: 11, is_empty: 0)(id: 94, initial_bandwith: 18, is_empty: 0)(id: 64, initial_bandwith: 4, is_empty: 0)(id: 234, initial_bandwith: 5, is_empty: 0)

Apartment Name: Y, Max Bandwidth: 133
(id: 434, initial_bandwith: 8, is_empty: 0) (id: 143, initial_bandwith: 3, is_empty: 0) (id: 322, initial_bandwith: 6, is_empty: 0) (id: 173, initial_bandwith: 6, is_empty: 0) (id: 78, initial_bandwith: 7, is_empty: 0) (id: 341, initial_bandwith: 5, is_empty: 0) (id: 439, initial_bandwith: 0, is_empty: 0) (id: 59, initial_bandwith: 2, is_empty: 0) (id: 494, initial_bandwith: 5, is_empty: 0) (id: 35, initial_bandwith: 4, is_empty: 0) (id: 208, initial_bandwith: 3, is_empty: 0) (id: 455, initial_bandwith: 4, is_empty: 0) (id: 246, initial_bandwith: 4, is_empty: 0) (id: 201, initial_bandwith: 4, is_empty: 0) (id: 264, initial_bandwith: 7, is_empty: 0) 
backwards
(id: 264, initial_bandwith: 7, is_empty: 0)(id: 201, initial_bandwith: 4, is_empty: 0)(id: 246, initial_bandwith: 4, is_empty: 0)(id: 455, initial_bandwith: 4, is_empty: 0)(id: 208, initial_bandwith: 3, is_empty: 0)(id: 35, initial_bandwith: 4, is_empty: 0)(id: 494, initial_bandwith: 5, is_empty: 0)(id: 59, initial_bandwith: 2, is_empty: 0)(id: 439, initial_bandwith: 0, is_empty: 0)(id: 341, initial_bandwith: 5, is_empty: 0)(id: 78, initial_bandwith: 7, is_empty: 0)(id: 173, initial_bandwith: 6, is_empty: 0)(id: 322, initial_bandwith: 6, is_empty: 0)(id: 143, initial_bandwith: 3, is_empty: 0)(id: 434, initial_bandwith: 8, is_empty: 0)

Apartment Name: W, Max Bandwidth: 307
(id: 116, initial_bandwith: 23, is_empty: 0) (id: 221, initial_bandwith: 32, is_empty: 0) (id: 321, initial_bandwith: 13, is_empty: 0) (id: 300, initial_bandwith: 9, is_empty: 0) (id: 188, initial_bandwith: 0, is_empty: 0) (id: 291, initial_bandwith: 13, is_empty: 0) (id: 57, initial_bandwith: 4, is_empty: 0) (id: 284, initial_bandwith: 30, is_empty: 0) (id: 128, initial_bandwith: 31, is_empty: 0) 
backwards
(id: 128, initial_bandwith: 31, is_empty: 0)(id: 284, initial_bandwith: 30, is_empty: 0)(id: 57, initial_bandwith: 4, is_empty: 0)(id: 291, initial_bandwith: 13, is_empty: 0)(id: 188, initial_bandwith: 0, is_empty: 0)(id: 300, initial_bandwith: 9, is_empty: 0)(id: 321, initial_bandwith: 13, is_empty: 0)(id: 221, initial_bandwith: 32, is_empty: 0)(id: 116, initial_bandwith: 23, is_empty: 0)

Apartment Name: D, Max Bandwidth: 123
(id: 210, initial_bandwith: 17, is_empty: 0) (id: 466, initial_bandwith: 11, is_empty: 0) (id: 347, initial_bandwith: 5, is_empty: 0) (id: 235, initial_bandwith: 3, is_empty: 0) (id: 148, initial_bandwith: 16, is_empty: 0) (id: 266, initial_bandwith: 15, is_empty: 0) 
backwards
(id: 266, initial_bandwith: 15, is_empty: 0)(id: 148, initial_bandwith: 16, is_empty: 0)(id: 235, initial_bandwith: 3, is_empty: 0)(id: 347, initial_bandwith: 5, is_empty: 0)(id: 466, initial_bandwith: 11, is_empty: 0)(id: 210, initial_bandwith: 17, is_empty: 0)

Apartment Name: N, Max Bandwidth: 307
(id: 349, initial_bandwith: 21, is_empty: 0) (id: 111, initial_bandwith: 11, is_empty: 0) (id: 14, initial_bandwith: 18, is_empty: 0) (id: 20, initial_bandwith: 8, is_empty: 0) (id: 160, initial_bandwith: 16, is_empty: 0) (id: 431, initial_bandwith: 8, is_empty: 0) (id: 252, initial_bandwith: 11, is_empty: 0) (id: 17, initial_bandwith: 19, is_empty: 0) (id: 487, initial_bandwith: 1, is_empty: 0) (id: 22, initial_bandwith: 3, is_empty: 0) (id: 117, initial_bandwith: 19, is_empty: 0) (id: 309, initial_bandwith: 21, is_empty: 0) 
backwards
(id: 309, initial_bandwith: 21, is_empty: 0)(id: 117, initial_bandwith: 19, is_empty: 0)(id: 22, initial_bandwith: 3, is_empty: 0)(id: 487, initial_bandwith: 1, is_empty: 0)(id: 17, initial_bandwith: 19, is_empty: 0)(id: 252, initial_bandwith: 11, is_empty: 0)(id: 431, initial_bandwith: 8, is_empty: 0)(id: 160, initial_bandwith: 16, is_empty: 0)(id: 20, initial_bandwith: 8, is_empty: 0)(id: 14, initial_bandwith: 18, is_empty: 0)(id: 111, initial_bandwith: 11, is_empty: 0)(id: 349, initial_bandwith: 21, is_empty: 0)

Apartment Name: G, Max Bandwidth: 316
(id: 124, initial_bandwith: 5, is_empty: 0) (id: 180, initial_bandwith: 8, is_empty: 0) (id: 152, initial_bandwith: 5, is_empty: 0) (id: 52, initial_bandwith: 4, is_empty: 0) (id: 493, initial_bandwith: 0, is_empty: 0) (id: 166, initial_bandwith: 1, is_empty: 0) (id: 273, initial_bandwith: 0, is_empty: 0) (id: 55, initial_bandwith: 15, is_empty: 0) (id: 435, initial_bandwith: 3, is_empty: 0) (id: 433, initial_bandwith: 0, is_empty: 0) (id: 269, initial_bandwith: 5, is_empty: 0) (id: 162, initial_bandwith: 9, is_empty: 0) (id: 324, initial_bandwith: 12, is_empty: 0) (id: 274, initial_bandwith: 6, is_empty: 0) (id: 177, initial_bandwith: 9, is_empty: 0) (id: 145, initial_bandwith: 3, is_empty: 0) 
backwards
(id: 145, initial_bandwith: 3, is_empty: 0)(id: 177, initial_bandwith: 9, is_empty: 0)(id: 274, initial_bandwith: 6, is_empty: 0)(id: 324, initial_bandwith: 12, is_empty: 0)(id: 162, initial_bandwith: 9, is_empty: 0)(id: 269, initial_bandwith: 5, is_empty: 0)(id: 433, initial_bandwith: 0, is_empty: 0)(id: 435, initial_bandwith: 3, is_empty: 0)(id: 55, initial_bandwith: 15, is_empty: 0)(id: 273, initial_bandwith: 0, is_empty: 0)(id: 166, initial_bandwith: 1, is_empty: 0)(id: 493, initial_bandwith: 0, is_empty: 0)(id: 52, initial_bandwith: 4, is_empty: 0)(id: 152, initial_bandwith: 5, is_empty: 0)(id: 180, initial_bandwith: 8, is_empty: 0)(id: 124, initial_bandwith: 5, is_empty: 0)

Apartment Name: E, Max Bandwidth: 200
(id: 370, initial_bandwith: 22, is_empty: 0) (id: 182, initial_bandwith: 21, is_empty: 0) (id: 271, initial_bandwith: 33, is_empty: 0) (id: 121, initial_bandwith: 9, is_empty: 0) (id: 194, initial_bandwith: 3, is_empty: 0) (id: 390, initial_bandwith: 21, is_empty: 0) 
backwards
(id: 390, initial_bandwith: 21, is_empty: 0)(id: 194, initial_bandwith: 3, is_empty: 0)(id: 121, initial_bandwith: 9, is_empty: 0)(id: 271, initial_bandwith: 33, is_empty: 0)(id: 182, initial_bandwith: 21, is_empty: 0)(id: 370, initial_bandwith: 22, is_empty: 0)
