
Apartment Name: D, Max Bandwidth: 360
(id: 118, initial_bandwith: 9, is_empty: 0) (id: 239, initial_bandwith: 41, is_empty: 0) (id: 373, initial_bandwith: 21, is_empty: 0) (id: 29, initial_bandwith: 29, is_empty: 0) (id: 156, initial_bandwith: 6, is_empty: 0) (id: 306, initial_bandwith: 33, is_empty: 0) (id: 120, initial_bandwith: 47, is_empty: 0) 
backwards
(id: 120, initial_bandwith: 47, is_empty: 0)(id: 306, initial_bandwith: 33, is_empty: 0)(id: 156, initial_bandwith: 6, is_empty: 0)(id: 29, initial_bandwith: 29, is_empty: 0)(id: 373, initial_bandwith: 21, is_empty: 0)(id: 239, initial_bandwith: 41, is_empty: 0)(id: 118, initial_bandwith: 9, is_empty: 0)

Apartment Name: R, Max Bandwidth: 160
(id: 113, initial_bandwith: 16, is_empty: 0) (id: 290, initial_bandwith: 11, is_empty: 0) (id: 381, initial_bandwith: 11, is_empty: 0) (id: 376, initial_bandwith: 1, is_empty: 0) (id: 348, initial_bandwith: 14, is_empty: 0) (id: 51, initial_bandwith: 15, is_empty: 0) (id: 491, initial_bandwith: 11, is_empty: 0) (id: 477, initial_bandwith: 16, is_empty: 0) (id: 133, initial_bandwith: 16, is_empty: 0) 
backwards
(id: 133, initial_bandwith: 16, is_empty: 0)(id: 477, initial_bandwith: 16, is_empty: 0)(id: 491, initial_bandwith: 11, is_empty: 0)(id: 51, initial_bandwith: 15, is_empty: 0)(id: 348, initial_bandwith: 14, is_empty: 0)(id: 376, initial_bandwith: 1, is_empty: 0)(id: 381, initial_bandwith: 11, is_empty: 0)(id: 290, initial_bandwith: 11, is_empty: 0)(id: 113, initial_bandwith: 16, is_empty: 0)

Apartment Name: E, Max Bandwidth: 160
(id: 195, initial_bandwith: 24, is_empty: 0) (id: 236, initial_bandwith: 27, is_empty: 0) (id: 241, initial_bandwith: 18, is_empty: 0) (id: 378, initial_bandwith: 1, is_empty: 0) 
backwards
(id: 378, initial_bandwith: 1, is_empty: 0)(id: 241, initial_bandwith: 18, is_empty: 0)(id: 236, initial_bandwith: 27, is_empty: 0)(id: 195, initial_bandwith: 24, is_empty: 0)

Apartment Name: X, Max Bandwidth: 300
(id: 208, initial_bandwith: 11, is_empty: 0) (id: 281, initial_bandwith: 4, is_empty: 0) (id: 130, initial_bandwith: 11, is_empty: 0) (id: 362, initial_bandwith: 11, is_empty: 0) (id: 478, initial_bandwith: 3, is_empty: 0) (id: 204, initial_bandwith: 6, is_empty: 0) (id: 421, initial_bandwith: 8, is_empty: 0) (id: 401, initial_bandwith: 3, is_empty: 0) (id: 419, initial_bandwith: 5, is_empty: 0) (id: 246, initial_bandwith: 6, is_empty: 0) (id: 145, initial_bandwith: 10, is_empty: 0) (id: 312, initial_bandwith: 9, is_empty: 0) (id: 384, initial_bandwith: 0, is_empty: 0) (id: 331, initial_bandwith: 1, is_empty: 0) (id: 2, initial_bandwith: 2, is_empty: 0) (id: 166, initial_bandwith: 6, is_empty: 0) (id: 258, initial_bandwith: 6, is_empty: 0) (id: 300, initial_bandwith: 0, is_empty: 0) (id: 295, initial_bandwith: 23, is_empty: 0) (id: 474, initial_bandwith: 26, is_empty: 0) 
backwards
(id: 474, initial_bandwith: 26, is_empty: 0)(id: 295, initial_bandwith: 23, is_empty: 0)(id: 300, initial_bandwith: 0, is_empty: 0)(id: 258, initial_bandwith: 6, is_empty: 0)(id: 166, initial_bandwith: 6, is_empty: 0)(id: 2, initial_bandwith: 2, is_empty: 0)(id: 331, initial_bandwith: 1, is_empty: 0)(id: 384, initial_bandwith: 0, is_empty: 0)(id: 312, initial_bandwith: 9, is_empty: 0)(id: 145, initial_bandwith: 10, is_empty: 0)(id: 246, initial_bandwith: 6, is_empty: 0)(id: 419, initial_bandwith: 5, is_empty: 0)(id: 401, initial_bandwith: 3, is_empty: 0)(id: 421, initial_bandwith: 8, is_empty: 0)(id: 204, initial_bandwith: 6, is_empty: 0)(id: 478, initial_bandwith: 3, is_empty: 0)(id: 362, initial_bandwith: 11, is_empty: 0)(id: 130, initial_bandwith: 11, is_empty: 0)(id: 281, initial_bandwith: 4, is_empty: 0)(id: 208, initial_bandwith: 11, is_empty: 0)

Apartment Name: W, Max Bandwidth: 140
(id: 252, initial_bandwith: 4, is_empty: 0) (id: 311, initial_bandwith: 3, is_empty: 0) (id: 72, initial_bandwith: 8, is_empty: 0) (id: 198, initial_bandwith: 8, is_empty: 0) (id: 406, initial_bandwith: 16, is_empty: 0) (id: 125, initial_bandwith: 18, is_empty: 0) 
backwards
(id: 125, initial_bandwith: 18, is_empty: 0)(id: 406, initial_bandwith: 16, is_empty: 0)(id: 198, initial_bandwith: 8, is_empty: 0)(id: 72, initial_bandwith: 8, is_empty: 0)(id: 311, initial_bandwith: 3, is_empty: 0)(id: 252, initial_bandwith: 4, is_empty: 0)

Apartment Name: G, Max Bandwidth: 320
(id: 151, initial_bandwith: 17, is_empty: 0) (id: 495, initial_bandwith: 8, is_empty: 0) (id: 142, initial_bandwith: 17, is_empty: 0) (id: 146, initial_bandwith: 23, is_empty: 0) (id: 344, initial_bandwith: 28, is_empty: 0) (id: 50, initial_bandwith: 29, is_empty: 0) (id: 140, initial_bandwith: 24, is_empty: 0) (id: 59, initial_bandwith: 20, is_empty: 0) (id: 185, initial_bandwith: 29, is_empty: 0) (id: 16, initial_bandwith: 16, is_empty: 0) (id: 389, initial_bandwith: 5, is_empty: 0) 
backwards
(id: 389, initial_bandwith: 5, is_empty: 0)(id: 16, initial_bandwith: 16, is_empty: 0)(id: 185, initial_bandwith: 29, is_empty: 0)(id: 59, initial_bandwith: 20, is_empty: 0)(id: 140, initial_bandwith: 24, is_empty: 0)(id: 50, initial_bandwith: 29, is_empty: 0)(id: 344, initial_bandwith: 28, is_empty: 0)(id: 146, initial_bandwith: 23, is_empty: 0)(id: 142, initial_bandwith: 17, is_empty: 0)(id: 495, initial_bandwith: 8, is_empty: 0)(id: 151, initial_bandwith: 17, is_empty: 0)

Apartment Name: Y, Max Bandwidth: 220
(id: 169, initial_bandwith: 7, is_empty: 0) (id: 271, initial_bandwith: 7, is_empty: 0) (id: 23, initial_bandwith: 0, is_empty: 0) (id: 363, initial_bandwith: 17, is_empty: 0) (id: 304, initial_bandwith: 42, is_empty: 0) 
backwards
(id: 304, initial_bandwith: 42, is_empty: 0)(id: 363, initial_bandwith: 17, is_empty: 0)(id: 23, initial_bandwith: 0, is_empty: 0)(id: 271, initial_bandwith: 7, is_empty: 0)(id: 169, initial_bandwith: 7, is_empty: 0)

Apartment Name: H, Max Bandwidth: 280
(id: 176, initial_bandwith: 14, is_empty: 0) (id: 426, initial_bandwith: 6, is_empty: 0) (id: 422, initial_bandwith: 12, is_empty: 0) (id: 168, initial_bandwith: 0, is_empty: 0) (id: 121, initial_bandwith: 5, is_empty: 0) (id: 461, initial_bandwith: 4, is_empty: 0) (id: 129, initial_bandwith: 8, is_empty: 0) (id: 158, initial_bandwith: 5, is_empty: 0) (id: 49, initial_bandwith: 10, is_empty: 0) (id: 454, initial_bandwith: 4, is_empty: 0) (id: 40, initial_bandwith: 12, is_empty: 0) (id: 294, initial_bandwith: 12, is_empty: 0) (id: 216, initial_bandwith: 7, is_empty: 0) (id: 418, initial_bandwith: 2, is_empty: 0) (id: 79, initial_bandwith: 1, is_empty: 0) (id: 460, initial_bandwith: 10, is_empty: 0) (id: 359, initial_bandwith: 4, is_empty: 0) (id: 229, initial_bandwith: 7, is_empty: 0) (id: 455, initial_bandwith: 10, is_empty: 0) 
backwards
(id: 455, initial_bandwith: 10, is_empty: 0)(id: 229, initial_bandwith: 7, is_empty: 0)(id: 359, initial_bandwith: 4, is_empty: 0)(id: 460, initial_bandwith: 10, is_empty: 0)(id: 79, initial_bandwith: 1, is_empty: 0)(id: 418, initial_bandwith: 2, is_empty: 0)(id: 216, initial_bandwith: 7, is_empty: 0)(id: 294, initial_bandwith: 12, is_empty: 0)(id: 40, initial_bandwith: 12, is_empty: 0)(id: 454, initial_bandwith: 4, is_empty: 0)(id: 49, initial_bandwith: 10, is_empty: 0)(id: 158, initial_bandwith: 5, is_empty: 0)(id: 129, initial_bandwith: 8, is_empty: 0)(id: 461, initial_bandwith: 4, is_empty: 0)(id: 121, initial_bandwith: 5, is_empty: 0)(id: 168, initial_bandwith: 0, is_empty: 0)(id: 422, initial_bandwith: 12, is_empty: 0)(id: 426, initial_bandwith: 6, is_empty: 0)(id: 176, initial_bandwith: 14, is_empty: 0)

Apartment Name: C, Max Bandwidth: 220
(id: 70, initial_bandwith: 0, is_empty: 0) (id: 337, initial_bandwith: 6, is_empty: 0) (id: 291, initial_bandwith: 3, is_empty: 0) (id: 55, initial_bandwith: 3, is_empty: 0) (id: 330, initial_bandwith: 0, is_empty: 0) (id: 372, initial_bandwith: 12, is_empty: 0) (id: 159, initial_bandwith: 12, is_empty: 0) (id: 276, initial_bandwith: 4, is_empty: 0) (id: 322, initial_bandwith: 5, is_empty: 0) (id: 66, initial_bandwith: 1, is_empty: 0) (id: 88, initial_bandwith: 2, is_empty: 0) (id: 35, initial_bandwith: 5, is_empty: 0) (id: 463, initial_bandwith: 5, is_empty: 0) (id: 328, initial_bandwith: 12, is_empty: 0) (id: 484, initial_bandwith: 8, is_empty: 0) (id: 436, initial_bandwith: 8, is_empty: 0) 
backwards
(id: 436, initial_bandwith: 8, is_empty: 0)(id: 484, initial_bandwith: 8, is_empty: 0)(id: 328, initial_bandwith: 12, is_empty: 0)(id: 463, initial_bandwith: 5, is_empty: 0)(id: 35, initial_bandwith: 5, is_empty: 0)(id: 88, initial_bandwith: 2, is_empty: 0)(id: 66, initial_bandwith: 1, is_empty: 0)(id: 322, initial_bandwith: 5, is_empty: 0)(id: 276, initial_bandwith: 4, is_empty: 0)(id: 159, initial_bandwith: 12, is_empty: 0)(id: 372, initial_bandwith: 12, is_empty: 0)(id: 330, initial_bandwith: 0, is_empty: 0)(id: 55, initial_bandwith: 3, is_empty: 0)(id: 291, initial_bandwith: 3, is_empty: 0)(id: 337, initial_bandwith: 6, is_empty: 0)(id: 70, initial_bandwith: 0, is_empty: 0)

Apartment Name: A, Max Bandwidth: 360
(id: 171, initial_bandwith: 29, is_empty: 0) (id: 254, initial_bandwith: 45, is_empty: 0) (id: 13, initial_bandwith: 49, is_empty: 0) (id: 38, initial_bandwith: 30, is_empty: 0) 
backwards
(id: 38, initial_bandwith: 30, is_empty: 0)(id: 13, initial_bandwith: 49, is_empty: 0)(id: 254, initial_bandwith: 45, is_empty: 0)(id: 171, initial_bandwith: 29, is_empty: 0)

Apartment Name: V, Max Bandwidth: 220
(id: 128, initial_bandwith: 6, is_empty: 0) (id: 450, initial_bandwith: 11, is_empty: 0) (id: 56, initial_bandwith: 6, is_empty: 0) (id: 105, initial_bandwith: 12, is_empty: 0) (id: 297, initial_bandwith: 0, is_empty: 0) (id: 498, initial_bandwith: 0, is_empty: 0) (id: 190, initial_bandwith: 9, is_empty: 0) (id: 207, initial_bandwith: 5, is_empty: 0) (id: 138, initial_bandwith: 1, is_empty: 0) (id: 416, initial_bandwith: 1, is_empty: 0) (id: 95, initial_bandwith: 2, is_empty: 0) (id: 106, initial_bandwith: 8, is_empty: 0) (id: 250, initial_bandwith: 12, is_empty: 0) (id: 413, initial_bandwith: 0, is_empty: 0) (id: 101, initial_bandwith: 12, is_empty: 0) (id: 167, initial_bandwith: 7, is_empty: 0) (id: 224, initial_bandwith: 3, is_empty: 0) (id: 47, initial_bandwith: 8, is_empty: 0) 
backwards
(id: 47, initial_bandwith: 8, is_empty: 0)(id: 224, initial_bandwith: 3, is_empty: 0)(id: 167, initial_bandwith: 7, is_empty: 0)(id: 101, initial_bandwith: 12, is_empty: 0)(id: 413, initial_bandwith: 0, is_empty: 0)(id: 250, initial_bandwith: 12, is_empty: 0)(id: 106, initial_bandwith: 8, is_empty: 0)(id: 95, initial_bandwith: 2, is_empty: 0)(id: 416, initial_bandwith: 1, is_empty: 0)(id: 138, initial_bandwith: 1, is_empty: 0)(id: 207, initial_bandwith: 5, is_empty: 0)(id: 190, initial_bandwith: 9, is_empty: 0)(id: 498, initial_bandwith: 0, is_empty: 0)(id: 297, initial_bandwith: 0, is_empty: 0)(id: 105, initial_bandwith: 12, is_empty: 0)(id: 56, initial_bandwith: 6, is_empty: 0)(id: 450, initial_bandwith: 11, is_empty: 0)(id: 128, initial_bandwith: 6, is_empty: 0)

Apartment Name: F, Max Bandwidth: 120
(id: 28, initial_bandwith: 13, is_empty: 0) (id: 19, initial_bandwith: 2, is_empty: 0) (id: 487, initial_bandwith: 8, is_empty: 0) (id: 341, initial_bandwith: 9, is_empty: 0) (id: 26, initial_bandwith: 10, is_empty: 0) (id: 400, initial_bandwith: 10, is_empty: 0) (id: 441, initial_bandwith: 11, is_empty: 0) (id: 343, initial_bandwith: 3, is_empty: 0) (id: 361, initial_bandwith: 4, is_empty: 0) 
backwards
(id: 361, initial_bandwith: 4, is_empty: 0)(id: 343, initial_bandwith: 3, is_empty: 0)(id: 441, initial_bandwith: 11, is_empty: 0)(id: 400, initial_bandwith: 10, is_empty: 0)(id: 26, initial_bandwith: 10, is_empty: 0)(id: 341, initial_bandwith: 9, is_empty: 0)(id: 487, initial_bandwith: 8, is_empty: 0)(id: 19, initial_bandwith: 2, is_empty: 0)(id: 28, initial_bandwith: 13, is_empty: 0)

Apartment Name: S, Max Bandwidth: 360
(id: 366, initial_bandwith: 18, is_empty: 0) (id: 123, initial_bandwith: 5, is_empty: 0) (id: 447, initial_bandwith: 10, is_empty: 0) (id: 52, initial_bandwith: 2, is_empty: 0) (id: 99, initial_bandwith: 12, is_empty: 0) (id: 54, initial_bandwith: 10, is_empty: 0) (id: 488, initial_bandwith: 24, is_empty: 0) (id: 147, initial_bandwith: 21, is_empty: 0) (id: 57, initial_bandwith: 22, is_empty: 0) (id: 391, initial_bandwith: 10, is_empty: 0) (id: 368, initial_bandwith: 11, is_empty: 0) (id: 210, initial_bandwith: 1, is_empty: 0) (id: 186, initial_bandwith: 3, is_empty: 0) (id: 248, initial_bandwith: 21, is_empty: 0) (id: 213, initial_bandwith: 9, is_empty: 0) 
backwards
(id: 213, initial_bandwith: 9, is_empty: 0)(id: 248, initial_bandwith: 21, is_empty: 0)(id: 186, initial_bandwith: 3, is_empty: 0)(id: 210, initial_bandwith: 1, is_empty: 0)(id: 368, initial_bandwith: 11, is_empty: 0)(id: 391, initial_bandwith: 10, is_empty: 0)(id: 57, initial_bandwith: 22, is_empty: 0)(id: 147, initial_bandwith: 21, is_empty: 0)(id: 488, initial_bandwith: 24, is_empty: 0)(id: 54, initial_bandwith: 10, is_empty: 0)(id: 99, initial_bandwith: 12, is_empty: 0)(id: 52, initial_bandwith: 2, is_empty: 0)(id: 447, initial_bandwith: 10, is_empty: 0)(id: 123, initial_bandwith: 5, is_empty: 0)(id: 366, initial_bandwith: 18, is_empty: 0)

Apartment Name: T, Max Bandwidth: 200
(id: 6, initial_bandwith: 4, is_empty: 0) (id: 12, initial_bandwith: 9, is_empty: 0) (id: 25, initial_bandwith: 8, is_empty: 0) (id: 437, initial_bandwith: 7, is_empty: 0) (id: 206, initial_bandwith: 4, is_empty: 0) (id: 80, initial_bandwith: 2, is_empty: 0) (id: 183, initial_bandwith: 0, is_empty: 0) (id: 489, initial_bandwith: 5, is_empty: 0) (id: 199, initial_bandwith: 6, is_empty: 0) (id: 398, initial_bandwith: 4, is_empty: 0) (id: 136, initial_bandwith: 0, is_empty: 0) (id: 262, initial_bandwith: 5, is_empty: 0) (id: 480, initial_bandwith: 5, is_empty: 0) (id: 289, initial_bandwith: 5, is_empty: 0) (id: 332, initial_bandwith: 7, is_empty: 0) (id: 333, initial_bandwith: 1, is_empty: 0) (id: 479, initial_bandwith: 7, is_empty: 0) (id: 399, initial_bandwith: 5, is_empty: 0) (id: 84, initial_bandwith: 8, is_empty: 0) 
backwards
(id: 84, initial_bandwith: 8, is_empty: 0)(id: 399, initial_bandwith: 5, is_empty: 0)(id: 479, initial_bandwith: 7, is_empty: 0)(id: 333, initial_bandwith: 1, is_empty: 0)(id: 332, initial_bandwith: 7, is_empty: 0)(id: 289, initial_bandwith: 5, is_empty: 0)(id: 480, initial_bandwith: 5, is_empty: 0)(id: 262, initial_bandwith: 5, is_empty: 0)(id: 136, initial_bandwith: 0, is_empty: 0)(id: 398, initial_bandwith: 4, is_empty: 0)(id: 199, initial_bandwith: 6, is_empty: 0)(id: 489, initial_bandwith: 5, is_empty: 0)(id: 183, initial_bandwith: 0, is_empty: 0)(id: 80, initial_bandwith: 2, is_empty: 0)(id: 206, initial_bandwith: 4, is_empty: 0)(id: 437, initial_bandwith: 7, is_empty: 0)(id: 25, initial_bandwith: 8, is_empty: 0)(id: 12, initial_bandwith: 9, is_empty: 0)(id: 6, initial_bandwith: 4, is_empty: 0)

Apartment Name: I, Max Bandwidth: 160
(id: 117, initial_bandwith: 3, is_empty: 0) (id: 170, initial_bandwith: 8, is_empty: 0) (id: 122, initial_bandwith: 3, is_empty: 0) (id: 388, initial_bandwith: 7, is_empty: 0) (id: 244, initial_bandwith: 9, is_empty: 0) (id: 473, initial_bandwith: 6, is_empty: 0) (id: 124, initial_bandwith: 9, is_empty: 0) (id: 325, initial_bandwith: 5, is_empty: 0) (id: 46, initial_bandwith: 9, is_empty: 0) (id: 411, initial_bandwith: 2, is_empty: 0) (id: 466, initial_bandwith: 1, is_empty: 0) (id: 92, initial_bandwith: 1, is_empty: 0) (id: 177, initial_bandwith: 5, is_empty: 0) (id: 64, initial_bandwith: 1, is_empty: 0) (id: 496, initial_bandwith: 9, is_empty: 0) (id: 424, initial_bandwith: 0, is_empty: 0) (id: 320, initial_bandwith: 4, is_empty: 0) 
backwards
(id: 320, initial_bandwith: 4, is_empty: 0)(id: 424, initial_bandwith: 0, is_empty: 0)(id: 496, initial_bandwith: 9, is_empty: 0)(id: 64, initial_bandwith: 1, is_empty: 0)(id: 177, initial_bandwith: 5, is_empty: 0)(id: 92, initial_bandwith: 1, is_empty: 0)(id: 466, initial_bandwith: 1, is_empty: 0)(id: 411, initial_bandwith: 2, is_empty: 0)(id: 46, initial_bandwith: 9, is_empty: 0)(id: 325, initial_bandwith: 5, is_empty: 0)(id: 124, initial_bandwith: 9, is_empty: 0)(id: 473, initial_bandwith: 6, is_empty: 0)(id: 244, initial_bandwith: 9, is_empty: 0)(id: 388, initial_bandwith: 7, is_empty: 0)(id: 122, initial_bandwith: 3, is_empty: 0)(id: 170, initial_bandwith: 8, is_empty: 0)(id: 117, initial_bandwith: 3, is_empty: 0)

Apartment Name: J, Max Bandwidth: 380
(id: 251, initial_bandwith: 13, is_empty: 0) (id: 41, initial_bandwith: 6, is_empty: 0) (id: 131, initial_bandwith: 23, is_empty: 0) (id: 202, initial_bandwith: 13, is_empty: 0) (id: 410, initial_bandwith: 11, is_empty: 0) (id: 234, initial_bandwith: 9, is_empty: 0) (id: 24, initial_bandwith: 19, is_empty: 0) (id: 3, initial_bandwith: 0, is_empty: 0) (id: 220, initial_bandwith: 28, is_empty: 0) (id: 139, initial_bandwith: 5, is_empty: 0) (id: 268, initial_bandwith: 13, is_empty: 0) (id: 247, initial_bandwith: 29, is_empty: 0) (id: 182, initial_bandwith: 6, is_empty: 0) 
backwards
(id: 182, initial_bandwith: 6, is_empty: 0)(id: 247, initial_bandwith: 29, is_empty: 0)(id: 268, initial_bandwith: 13, is_empty: 0)(id: 139, initial_bandwith: 5, is_empty: 0)(id: 220, initial_bandwith: 28, is_empty: 0)(id: 3, initial_bandwith: 0, is_empty: 0)(id: 24, initial_bandwith: 19, is_empty: 0)(id: 234, initial_bandwith: 9, is_empty: 0)(id: 410, initial_bandwith: 11, is_empty: 0)(id: 202, initial_bandwith: 13, is_empty: 0)(id: 131, initial_bandwith: 23, is_empty: 0)(id: 41, initial_bandwith: 6, is_empty: 0)(id: 251, initial_bandwith: 13, is_empty: 0)
