
Apartment Name: Q, Max Bandwidth: 240
(id: 481, initial_bandwith: 5, is_empty: 0) (id: 55, initial_bandwith: 77, is_empty: 0) (id: 355, initial_bandwith: 69, is_empty: 0) 
backwards
(id: 355, initial_bandwith: 69, is_empty: 0)(id: 55, initial_bandwith: 77, is_empty: 0)(id: 481, initial_bandwith: 5, is_empty: 0)

Apartment Name: U, Max Bandwidth: 260
(id: 274, initial_bandwith: 9, is_empty: 0) (id: 357, initial_bandwith: 1, is_empty: 0) (id: 367, initial_bandwith: 5, is_empty: 0) (id: 472, initial_bandwith: 18, is_empty: 0) (id: 216, initial_bandwith: 6, is_empty: 0) (id: 95, initial_bandwith: 7, is_empty: 0) (id: 405, initial_bandwith: 1, is_empty: 0) (id: 104, initial_bandwith: 3, is_empty: 0) (id: 266, initial_bandwith: 16, is_empty: 0) (id: 87, initial_bandwith: 17, is_empty: 0) (id: 27, initial_bandwith: 15, is_empty: 0) (id: 134, initial_bandwith: 7, is_empty: 0) 
backwards
(id: 134, initial_bandwith: 7, is_empty: 0)(id: 27, initial_bandwith: 15, is_empty: 0)(id: 87, initial_bandwith: 17, is_empty: 0)(id: 266, initial_bandwith: 16, is_empty: 0)(id: 104, initial_bandwith: 3, is_empty: 0)(id: 405, initial_bandwith: 1, is_empty: 0)(id: 95, initial_bandwith: 7, is_empty: 0)(id: 216, initial_bandwith: 6, is_empty: 0)(id: 472, initial_bandwith: 18, is_empty: 0)(id: 367, initial_bandwith: 5, is_empty: 0)(id: 357, initial_bandwith: 1, is_empty: 0)(id: 274, initial_bandwith: 9, is_empty: 0)

Apartment Name: X, Max Bandwidth: 260
(id: 118, initial_bandwith: 19, is_empty: 0) (id: 348, initial_bandwith: 28, is_empty: 0) (id: 380, initial_bandwith: 27, is_empty: 0) (id: 148, initial_bandwith: 27, is_empty: 0) (id: 243, initial_bandwith: 10, is_empty: 0) (id: 277, initial_bandwith: 7, is_empty: 0) (id: 322, initial_bandwith: 19, is_empty: 0) (id: 498, initial_bandwith: 12, is_empty: 0) 
backwards
(id: 498, initial_bandwith: 12, is_empty: 0)(id: 322, initial_bandwith: 19, is_empty: 0)(id: 277, initial_bandwith: 7, is_empty: 0)(id: 243, initial_bandwith: 10, is_empty: 0)(id: 148, initial_bandwith: 27, is_empty: 0)(id: 380, initial_bandwith: 27, is_empty: 0)(id: 348, initial_bandwith: 28, is_empty: 0)(id: 118, initial_bandwith: 19, is_empty: 0)

Apartment Name: C, Max Bandwidth: 260
(id: 21, initial_bandwith: 50, is_empty: 0) (id: 362, initial_bandwith: 1, is_empty: 0) (id: 17, initial_bandwith: 54, is_empty: 0) 
backwards
(id: 17, initial_bandwith: 54, is_empty: 0)(id: 362, initial_bandwith: 1, is_empty: 0)(id: 21, initial_bandwith: 50, is_empty: 0)

Apartment Name: V, Max Bandwidth: 140
(id: 29, initial_bandwith: 5, is_empty: 0) (id: 373, initial_bandwith: 4, is_empty: 0) (id: 306, initial_bandwith: 7, is_empty: 0) (id: 54, initial_bandwith: 1, is_empty: 0) (id: 143, initial_bandwith: 15, is_empty: 0) (id: 185, initial_bandwith: 18, is_empty: 0) 
backwards
(id: 185, initial_bandwith: 18, is_empty: 0)(id: 143, initial_bandwith: 15, is_empty: 0)(id: 54, initial_bandwith: 1, is_empty: 0)(id: 306, initial_bandwith: 7, is_empty: 0)(id: 373, initial_bandwith: 4, is_empty: 0)(id: 29, initial_bandwith: 5, is_empty: 0)

Apartment Name: K, Max Bandwidth: 340
(id: 139, initial_bandwith: 21, is_empty: 0) (id: 334, initial_bandwith: 0, is_empty: 0) (id: 271, initial_bandwith: 18, is_empty: 0) (id: 192, initial_bandwith: 19, is_empty: 0) (id: 156, initial_bandwith: 7, is_empty: 0) (id: 189, initial_bandwith: 2, is_empty: 0) (id: 418, initial_bandwith: 6, is_empty: 0) (id: 207, initial_bandwith: 7, is_empty: 0) (id: 396, initial_bandwith: 21, is_empty: 0) (id: 129, initial_bandwith: 5, is_empty: 0) (id: 259, initial_bandwith: 16, is_empty: 0) (id: 69, initial_bandwith: 6, is_empty: 0) (id: 24, initial_bandwith: 7, is_empty: 0) (id: 181, initial_bandwith: 17, is_empty: 0) (id: 288, initial_bandwith: 3, is_empty: 0) (id: 324, initial_bandwith: 20, is_empty: 0) 
backwards
(id: 324, initial_bandwith: 20, is_empty: 0)(id: 288, initial_bandwith: 3, is_empty: 0)(id: 181, initial_bandwith: 17, is_empty: 0)(id: 24, initial_bandwith: 7, is_empty: 0)(id: 69, initial_bandwith: 6, is_empty: 0)(id: 259, initial_bandwith: 16, is_empty: 0)(id: 129, initial_bandwith: 5, is_empty: 0)(id: 396, initial_bandwith: 21, is_empty: 0)(id: 207, initial_bandwith: 7, is_empty: 0)(id: 418, initial_bandwith: 6, is_empty: 0)(id: 189, initial_bandwith: 2, is_empty: 0)(id: 156, initial_bandwith: 7, is_empty: 0)(id: 192, initial_bandwith: 19, is_empty: 0)(id: 271, initial_bandwith: 18, is_empty: 0)(id: 334, initial_bandwith: 0, is_empty: 0)(id: 139, initial_bandwith: 21, is_empty: 0)

Apartment Name: W, Max Bandwidth: 200
(id: 208, initial_bandwith: 1, is_empty: 0) (id: 85, initial_bandwith: 13, is_empty: 0) (id: 303, initial_bandwith: 3, is_empty: 0) (id: 464, initial_bandwith: 12, is_empty: 0) (id: 387, initial_bandwith: 10, is_empty: 0) (id: 197, initial_bandwith: 5, is_empty: 0) (id: 438, initial_bandwith: 10, is_empty: 0) (id: 48, initial_bandwith: 10, is_empty: 0) (id: 187, initial_bandwith: 1, is_empty: 0) (id: 135, initial_bandwith: 10, is_empty: 0) (id: 393, initial_bandwith: 1, is_empty: 0) (id: 11, initial_bandwith: 1, is_empty: 0) (id: 301, initial_bandwith: 4, is_empty: 0) 
backwards
(id: 301, initial_bandwith: 4, is_empty: 0)(id: 11, initial_bandwith: 1, is_empty: 0)(id: 393, initial_bandwith: 1, is_empty: 0)(id: 135, initial_bandwith: 10, is_empty: 0)(id: 187, initial_bandwith: 1, is_empty: 0)(id: 48, initial_bandwith: 10, is_empty: 0)(id: 438, initial_bandwith: 10, is_empty: 0)(id: 197, initial_bandwith: 5, is_empty: 0)(id: 387, initial_bandwith: 10, is_empty: 0)(id: 464, initial_bandwith: 12, is_empty: 0)(id: 303, initial_bandwith: 3, is_empty: 0)(id: 85, initial_bandwith: 13, is_empty: 0)(id: 208, initial_bandwith: 1, is_empty: 0)

Apartment Name: F, Max Bandwidth: 400
(id: 82, initial_bandwith: 6, is_empty: 0) (id: 180, initial_bandwith: 7, is_empty: 0) (id: 237, initial_bandwith: 18, is_empty: 0) (id: 318, initial_bandwith: 5, is_empty: 0) (id: 311, initial_bandwith: 3, is_empty: 0) (id: 408, initial_bandwith: 11, is_empty: 0) (id: 278, initial_bandwith: 0, is_empty: 0) (id: 177, initial_bandwith: 16, is_empty: 0) (id: 152, initial_bandwith: 15, is_empty: 0) (id: 170, initial_bandwith: 18, is_empty: 0) (id: 341, initial_bandwith: 10, is_empty: 0) (id: 434, initial_bandwith: 13, is_empty: 0) (id: 490, initial_bandwith: 8, is_empty: 0) (id: 332, initial_bandwith: 0, is_empty: 0) (id: 63, initial_bandwith: 1, is_empty: 0) (id: 45, initial_bandwith: 2, is_empty: 0) (id: 88, initial_bandwith: 3, is_empty: 0) (id: 251, initial_bandwith: 3, is_empty: 0) (id: 444, initial_bandwith: 4, is_empty: 0) (id: 14, initial_bandwith: 6, is_empty: 0) (id: 115, initial_bandwith: 0, is_empty: 0) (id: 384, initial_bandwith: 3, is_empty: 0) (id: 331, initial_bandwith: 5, is_empty: 0) (id: 360, initial_bandwith: 1, is_empty: 0) (id: 97, initial_bandwith: 2, is_empty: 0) (id: 343, initial_bandwith: 5, is_empty: 0) (id: 454, initial_bandwith: 3, is_empty: 0) (id: 261, initial_bandwith: 6, is_empty: 0) (id: 470, initial_bandwith: 5, is_empty: 0) (id: 198, initial_bandwith: 0, is_empty: 0) (id: 285, initial_bandwith: 6, is_empty: 0) (id: 191, initial_bandwith: 1, is_empty: 0) 
backwards
(id: 191, initial_bandwith: 1, is_empty: 0)(id: 285, initial_bandwith: 6, is_empty: 0)(id: 198, initial_bandwith: 0, is_empty: 0)(id: 470, initial_bandwith: 5, is_empty: 0)(id: 261, initial_bandwith: 6, is_empty: 0)(id: 454, initial_bandwith: 3, is_empty: 0)(id: 343, initial_bandwith: 5, is_empty: 0)(id: 97, initial_bandwith: 2, is_empty: 0)(id: 360, initial_bandwith: 1, is_empty: 0)(id: 331, initial_bandwith: 5, is_empty: 0)(id: 384, initial_bandwith: 3, is_empty: 0)(id: 115, initial_bandwith: 0, is_empty: 0)(id: 14, initial_bandwith: 6, is_empty: 0)(id: 444, initial_bandwith: 4, is_empty: 0)(id: 251, initial_bandwith: 3, is_empty: 0)(id: 88, initial_bandwith: 3, is_empty: 0)(id: 45, initial_bandwith: 2, is_empty: 0)(id: 63, initial_bandwith: 1, is_empty: 0)(id: 332, initial_bandwith: 0, is_empty: 0)(id: 490, initial_bandwith: 8, is_empty: 0)(id: 434, initial_bandwith: 13, is_empty: 0)(id: 341, initial_bandwith: 10, is_empty: 0)(id: 170, initial_bandwith: 18, is_empty: 0)(id: 152, initial_bandwith: 15, is_empty: 0)(id: 177, initial_bandwith: 16, is_empty: 0)(id: 278, initial_bandwith: 0, is_empty: 0)(id: 408, initial_bandwith: 11, is_empty: 0)(id: 311, initial_bandwith: 3, is_empty: 0)(id: 318, initial_bandwith: 5, is_empty: 0)(id: 237, initial_bandwith: 18, is_empty: 0)(id: 180, initial_bandwith: 7, is_empty: 0)(id: 82, initial_bandwith: 6, is_empty: 0)
