
Apartment Name: W, Max Bandwidth: 100
(id: 49, initial_bandwith: 2, is_empty: 0) (id: 179, initial_bandwith: 4, is_empty: 0) (id: 223, initial_bandwith: 4, is_empty: 0) (id: 90, initial_bandwith: 4, is_empty: 0) (id: 51, initial_bandwith: 2, is_empty: 0) (id: 2, initial_bandwith: 0, is_empty: 0) (id: 149, initial_bandwith: 0, is_empty: 0) (id: 132, initial_bandwith: 3, is_empty: 0) (id: 288, initial_bandwith: 2, is_empty: 0) (id: 461, initial_bandwith: 5, is_empty: 0) (id: 63, initial_bandwith: 5, is_empty: 0) (id: 163, initial_bandwith: 2, is_empty: 0) (id: 299, initial_bandwith: 0, is_empty: 0) (id: 83, initial_bandwith: 5, is_empty: 0) (id: 341, initial_bandwith: 2, is_empty: 0) (id: 445, initial_bandwith: 5, is_empty: 0) (id: 309, initial_bandwith: 1, is_empty: 0) 
backwards
(id: 309, initial_bandwith: 1, is_empty: 0)(id: 445, initial_bandwith: 5, is_empty: 0)(id: 341, initial_bandwith: 2, is_empty: 0)(id: 83, initial_bandwith: 5, is_empty: 0)(id: 299, initial_bandwith: 0, is_empty: 0)(id: 163, initial_bandwith: 2, is_empty: 0)(id: 63, initial_bandwith: 5, is_empty: 0)(id: 461, initial_bandwith: 5, is_empty: 0)(id: 288, initial_bandwith: 2, is_empty: 0)(id: 132, initial_bandwith: 3, is_empty: 0)(id: 149, initial_bandwith: 0, is_empty: 0)(id: 2, initial_bandwith: 0, is_empty: 0)(id: 51, initial_bandwith: 2, is_empty: 0)(id: 90, initial_bandwith: 4, is_empty: 0)(id: 223, initial_bandwith: 4, is_empty: 0)(id: 179, initial_bandwith: 4, is_empty: 0)(id: 49, initial_bandwith: 2, is_empty: 0)

Apartment Name: L, Max Bandwidth: 320
(id: 68, initial_bandwith: 18, is_empty: 0) (id: 48, initial_bandwith: 0, is_empty: 0) (id: 269, initial_bandwith: 7, is_empty: 0) (id: 412, initial_bandwith: 8, is_empty: 0) (id: 290, initial_bandwith: 6, is_empty: 0) (id: 105, initial_bandwith: 15, is_empty: 0) (id: 359, initial_bandwith: 9, is_empty: 0) (id: 50, initial_bandwith: 14, is_empty: 0) (id: 168, initial_bandwith: 1, is_empty: 0) (id: 350, initial_bandwith: 15, is_empty: 0) (id: 81, initial_bandwith: 9, is_empty: 0) (id: 417, initial_bandwith: 16, is_empty: 0) (id: 423, initial_bandwith: 4, is_empty: 0) (id: 403, initial_bandwith: 1, is_empty: 0) (id: 248, initial_bandwith: 3, is_empty: 0) (id: 91, initial_bandwith: 14, is_empty: 0) (id: 153, initial_bandwith: 2, is_empty: 0) 
backwards
(id: 153, initial_bandwith: 2, is_empty: 0)(id: 91, initial_bandwith: 14, is_empty: 0)(id: 248, initial_bandwith: 3, is_empty: 0)(id: 403, initial_bandwith: 1, is_empty: 0)(id: 423, initial_bandwith: 4, is_empty: 0)(id: 417, initial_bandwith: 16, is_empty: 0)(id: 81, initial_bandwith: 9, is_empty: 0)(id: 350, initial_bandwith: 15, is_empty: 0)(id: 168, initial_bandwith: 1, is_empty: 0)(id: 50, initial_bandwith: 14, is_empty: 0)(id: 359, initial_bandwith: 9, is_empty: 0)(id: 105, initial_bandwith: 15, is_empty: 0)(id: 290, initial_bandwith: 6, is_empty: 0)(id: 412, initial_bandwith: 8, is_empty: 0)(id: 269, initial_bandwith: 7, is_empty: 0)(id: 48, initial_bandwith: 0, is_empty: 0)(id: 68, initial_bandwith: 18, is_empty: 0)

Apartment Name: R, Max Bandwidth: 120
(id: 182, initial_bandwith: 7, is_empty: 0) (id: 104, initial_bandwith: 1, is_empty: 0) (id: 481, initial_bandwith: 3, is_empty: 0) (id: 380, initial_bandwith: 1, is_empty: 0) (id: 213, initial_bandwith: 0, is_empty: 0) (id: 295, initial_bandwith: 0, is_empty: 0) (id: 157, initial_bandwith: 0, is_empty: 0) (id: 386, initial_bandwith: 3, is_empty: 0) (id: 249, initial_bandwith: 2, is_empty: 0) (id: 200, initial_bandwith: 1, is_empty: 0) (id: 372, initial_bandwith: 6, is_empty: 0) (id: 192, initial_bandwith: 4, is_empty: 0) (id: 464, initial_bandwith: 7, is_empty: 0) (id: 257, initial_bandwith: 7, is_empty: 0) (id: 459, initial_bandwith: 7, is_empty: 0) (id: 20, initial_bandwith: 7, is_empty: 0) (id: 62, initial_bandwith: 4, is_empty: 0) 
backwards
(id: 62, initial_bandwith: 4, is_empty: 0)(id: 20, initial_bandwith: 7, is_empty: 0)(id: 459, initial_bandwith: 7, is_empty: 0)(id: 257, initial_bandwith: 7, is_empty: 0)(id: 464, initial_bandwith: 7, is_empty: 0)(id: 192, initial_bandwith: 4, is_empty: 0)(id: 372, initial_bandwith: 6, is_empty: 0)(id: 200, initial_bandwith: 1, is_empty: 0)(id: 249, initial_bandwith: 2, is_empty: 0)(id: 386, initial_bandwith: 3, is_empty: 0)(id: 157, initial_bandwith: 0, is_empty: 0)(id: 295, initial_bandwith: 0, is_empty: 0)(id: 213, initial_bandwith: 0, is_empty: 0)(id: 380, initial_bandwith: 1, is_empty: 0)(id: 481, initial_bandwith: 3, is_empty: 0)(id: 104, initial_bandwith: 1, is_empty: 0)(id: 182, initial_bandwith: 7, is_empty: 0)

Apartment Name: S, Max Bandwidth: 180
(id: 73, initial_bandwith: 5, is_empty: 0) (id: 279, initial_bandwith: 7, is_empty: 0) (id: 84, initial_bandwith: 5, is_empty: 0) (id: 340, initial_bandwith: 10, is_empty: 0) (id: 229, initial_bandwith: 2, is_empty: 0) (id: 60, initial_bandwith: 1, is_empty: 0) (id: 112, initial_bandwith: 7, is_empty: 0) (id: 256, initial_bandwith: 1, is_empty: 0) (id: 334, initial_bandwith: 3, is_empty: 0) (id: 484, initial_bandwith: 0, is_empty: 0) (id: 490, initial_bandwith: 5, is_empty: 0) (id: 4, initial_bandwith: 2, is_empty: 0) (id: 138, initial_bandwith: 5, is_empty: 0) (id: 291, initial_bandwith: 6, is_empty: 0) (id: 336, initial_bandwith: 2, is_empty: 0) (id: 274, initial_bandwith: 9, is_empty: 0) (id: 54, initial_bandwith: 4, is_empty: 0) 
backwards
(id: 54, initial_bandwith: 4, is_empty: 0)(id: 274, initial_bandwith: 9, is_empty: 0)(id: 336, initial_bandwith: 2, is_empty: 0)(id: 291, initial_bandwith: 6, is_empty: 0)(id: 138, initial_bandwith: 5, is_empty: 0)(id: 4, initial_bandwith: 2, is_empty: 0)(id: 490, initial_bandwith: 5, is_empty: 0)(id: 484, initial_bandwith: 0, is_empty: 0)(id: 334, initial_bandwith: 3, is_empty: 0)(id: 256, initial_bandwith: 1, is_empty: 0)(id: 112, initial_bandwith: 7, is_empty: 0)(id: 60, initial_bandwith: 1, is_empty: 0)(id: 229, initial_bandwith: 2, is_empty: 0)(id: 340, initial_bandwith: 10, is_empty: 0)(id: 84, initial_bandwith: 5, is_empty: 0)(id: 279, initial_bandwith: 7, is_empty: 0)(id: 73, initial_bandwith: 5, is_empty: 0)

Apartment Name: I, Max Bandwidth: 380
(id: 286, initial_bandwith: 4, is_empty: 0) (id: 196, initial_bandwith: 21, is_empty: 0) (id: 365, initial_bandwith: 13, is_empty: 0) (id: 475, initial_bandwith: 8, is_empty: 0) (id: 330, initial_bandwith: 15, is_empty: 0) (id: 408, initial_bandwith: 12, is_empty: 0) (id: 102, initial_bandwith: 7, is_empty: 0) (id: 72, initial_bandwith: 10, is_empty: 0) (id: 17, initial_bandwith: 12, is_empty: 0) (id: 354, initial_bandwith: 18, is_empty: 0) (id: 58, initial_bandwith: 1, is_empty: 0) (id: 170, initial_bandwith: 13, is_empty: 0) (id: 69, initial_bandwith: 1, is_empty: 0) (id: 485, initial_bandwith: 11, is_empty: 0) (id: 86, initial_bandwith: 10, is_empty: 0) (id: 120, initial_bandwith: 13, is_empty: 0) (id: 245, initial_bandwith: 18, is_empty: 0) (id: 264, initial_bandwith: 21, is_empty: 0) 
backwards
(id: 264, initial_bandwith: 21, is_empty: 0)(id: 245, initial_bandwith: 18, is_empty: 0)(id: 120, initial_bandwith: 13, is_empty: 0)(id: 86, initial_bandwith: 10, is_empty: 0)(id: 485, initial_bandwith: 11, is_empty: 0)(id: 69, initial_bandwith: 1, is_empty: 0)(id: 170, initial_bandwith: 13, is_empty: 0)(id: 58, initial_bandwith: 1, is_empty: 0)(id: 354, initial_bandwith: 18, is_empty: 0)(id: 17, initial_bandwith: 12, is_empty: 0)(id: 72, initial_bandwith: 10, is_empty: 0)(id: 102, initial_bandwith: 7, is_empty: 0)(id: 408, initial_bandwith: 12, is_empty: 0)(id: 330, initial_bandwith: 15, is_empty: 0)(id: 475, initial_bandwith: 8, is_empty: 0)(id: 365, initial_bandwith: 13, is_empty: 0)(id: 196, initial_bandwith: 21, is_empty: 0)(id: 286, initial_bandwith: 4, is_empty: 0)

Apartment Name: K, Max Bandwidth: 120
(id: 171, initial_bandwith: 12, is_empty: 0) (id: 43, initial_bandwith: 0, is_empty: 0) (id: 489, initial_bandwith: 0, is_empty: 0) (id: 188, initial_bandwith: 15, is_empty: 0) (id: 10, initial_bandwith: 13, is_empty: 0) (id: 294, initial_bandwith: 2, is_empty: 0) 
backwards
(id: 294, initial_bandwith: 2, is_empty: 0)(id: 10, initial_bandwith: 13, is_empty: 0)(id: 188, initial_bandwith: 15, is_empty: 0)(id: 489, initial_bandwith: 0, is_empty: 0)(id: 43, initial_bandwith: 0, is_empty: 0)(id: 171, initial_bandwith: 12, is_empty: 0)

Apartment Name: J, Max Bandwidth: 580
(id: 254, initial_bandwith: 16, is_empty: 0) (id: 347, initial_bandwith: 11, is_empty: 0) (id: 148, initial_bandwith: 16, is_empty: 0) (id: 376, initial_bandwith: 10, is_empty: 0) (id: 169, initial_bandwith: 9, is_empty: 0) (id: 473, initial_bandwith: 5, is_empty: 0) (id: 92, initial_bandwith: 3, is_empty: 0) (id: 439, initial_bandwith: 11, is_empty: 0) (id: 251, initial_bandwith: 6, is_empty: 0) (id: 416, initial_bandwith: 8, is_empty: 0) (id: 370, initial_bandwith: 7, is_empty: 0) (id: 101, initial_bandwith: 4, is_empty: 0) (id: 410, initial_bandwith: 11, is_empty: 0) (id: 409, initial_bandwith: 16, is_empty: 0) (id: 327, initial_bandwith: 11, is_empty: 0) (id: 437, initial_bandwith: 0, is_empty: 0) (id: 364, initial_bandwith: 3, is_empty: 0) (id: 0, initial_bandwith: 9, is_empty: 0) (id: 52, initial_bandwith: 2, is_empty: 0) (id: 87, initial_bandwith: 12, is_empty: 0) (id: 420, initial_bandwith: 3, is_empty: 0) (id: 258, initial_bandwith: 17, is_empty: 0) (id: 116, initial_bandwith: 7, is_empty: 0) (id: 444, initial_bandwith: 15, is_empty: 0) (id: 89, initial_bandwith: 3, is_empty: 0) (id: 184, initial_bandwith: 15, is_empty: 0) (id: 94, initial_bandwith: 9, is_empty: 0) (id: 318, initial_bandwith: 5, is_empty: 0) (id: 46, initial_bandwith: 3, is_empty: 0) (id: 346, initial_bandwith: 14, is_empty: 0) (id: 394, initial_bandwith: 9, is_empty: 0) (id: 306, initial_bandwith: 1, is_empty: 0) (id: 367, initial_bandwith: 14, is_empty: 0) (id: 343, initial_bandwith: 14, is_empty: 0) 
backwards
(id: 343, initial_bandwith: 14, is_empty: 0)(id: 367, initial_bandwith: 14, is_empty: 0)(id: 306, initial_bandwith: 1, is_empty: 0)(id: 394, initial_bandwith: 9, is_empty: 0)(id: 346, initial_bandwith: 14, is_empty: 0)(id: 46, initial_bandwith: 3, is_empty: 0)(id: 318, initial_bandwith: 5, is_empty: 0)(id: 94, initial_bandwith: 9, is_empty: 0)(id: 184, initial_bandwith: 15, is_empty: 0)(id: 89, initial_bandwith: 3, is_empty: 0)(id: 444, initial_bandwith: 15, is_empty: 0)(id: 116, initial_bandwith: 7, is_empty: 0)(id: 258, initial_bandwith: 17, is_empty: 0)(id: 420, initial_bandwith: 3, is_empty: 0)(id: 87, initial_bandwith: 12, is_empty: 0)(id: 52, initial_bandwith: 2, is_empty: 0)(id: 0, initial_bandwith: 9, is_empty: 0)(id: 364, initial_bandwith: 3, is_empty: 0)(id: 437, initial_bandwith: 0, is_empty: 0)(id: 327, initial_bandwith: 11, is_empty: 0)(id: 409, initial_bandwith: 16, is_empty: 0)(id: 410, initial_bandwith: 11, is_empty: 0)(id: 101, initial_bandwith: 4, is_empty: 0)(id: 370, initial_bandwith: 7, is_empty: 0)(id: 416, initial_bandwith: 8, is_empty: 0)(id: 251, initial_bandwith: 6, is_empty: 0)(id: 439, initial_bandwith: 11, is_empty: 0)(id: 92, initial_bandwith: 3, is_empty: 0)(id: 473, initial_bandwith: 5, is_empty: 0)(id: 169, initial_bandwith: 9, is_empty: 0)(id: 376, initial_bandwith: 10, is_empty: 0)(id: 148, initial_bandwith: 16, is_empty: 0)(id: 347, initial_bandwith: 11, is_empty: 0)(id: 254, initial_bandwith: 16, is_empty: 0)

Apartment Name: M, Max Bandwidth: 360
(id: 66, initial_bandwith: 70, is_empty: 0) (id: 250, initial_bandwith: 63, is_empty: 0) (id: 311, initial_bandwith: 83, is_empty: 0) 
backwards
(id: 311, initial_bandwith: 83, is_empty: 0)(id: 250, initial_bandwith: 63, is_empty: 0)(id: 66, initial_bandwith: 70, is_empty: 0)

Apartment Name: U, Max Bandwidth: 300
(id: 363, initial_bandwith: 21, is_empty: 0) (id: 402, initial_bandwith: 22, is_empty: 0) (id: 281, initial_bandwith: 4, is_empty: 0) (id: 421, initial_bandwith: 31, is_empty: 0) (id: 5, initial_bandwith: 11, is_empty: 0) (id: 377, initial_bandwith: 6, is_empty: 0) (id: 358, initial_bandwith: 12, is_empty: 0) (id: 167, initial_bandwith: 3, is_empty: 0) (id: 217, initial_bandwith: 32, is_empty: 0) 
backwards
(id: 217, initial_bandwith: 32, is_empty: 0)(id: 167, initial_bandwith: 3, is_empty: 0)(id: 358, initial_bandwith: 12, is_empty: 0)(id: 377, initial_bandwith: 6, is_empty: 0)(id: 5, initial_bandwith: 11, is_empty: 0)(id: 421, initial_bandwith: 31, is_empty: 0)(id: 281, initial_bandwith: 4, is_empty: 0)(id: 402, initial_bandwith: 22, is_empty: 0)(id: 363, initial_bandwith: 21, is_empty: 0)

Apartment Name: Q, Max Bandwidth: 320
(id: 121, initial_bandwith: 16, is_empty: 0) (id: 97, initial_bandwith: 1, is_empty: 0) (id: 6, initial_bandwith: 9, is_empty: 0) (id: 95, initial_bandwith: 10, is_empty: 0) (id: 208, initial_bandwith: 13, is_empty: 0) (id: 325, initial_bandwith: 0, is_empty: 0) (id: 161, initial_bandwith: 14, is_empty: 0) (id: 146, initial_bandwith: 12, is_empty: 0) (id: 206, initial_bandwith: 13, is_empty: 0) (id: 143, initial_bandwith: 6, is_empty: 0) (id: 368, initial_bandwith: 14, is_empty: 0) (id: 28, initial_bandwith: 4, is_empty: 0) (id: 360, initial_bandwith: 0, is_empty: 0) (id: 455, initial_bandwith: 1, is_empty: 0) (id: 426, initial_bandwith: 1, is_empty: 0) (id: 282, initial_bandwith: 5, is_empty: 0) (id: 172, initial_bandwith: 14, is_empty: 0) (id: 14, initial_bandwith: 1, is_empty: 0) 
backwards
(id: 14, initial_bandwith: 1, is_empty: 0)(id: 172, initial_bandwith: 14, is_empty: 0)(id: 282, initial_bandwith: 5, is_empty: 0)(id: 426, initial_bandwith: 1, is_empty: 0)(id: 455, initial_bandwith: 1, is_empty: 0)(id: 360, initial_bandwith: 0, is_empty: 0)(id: 28, initial_bandwith: 4, is_empty: 0)(id: 368, initial_bandwith: 14, is_empty: 0)(id: 143, initial_bandwith: 6, is_empty: 0)(id: 206, initial_bandwith: 13, is_empty: 0)(id: 146, initial_bandwith: 12, is_empty: 0)(id: 161, initial_bandwith: 14, is_empty: 0)(id: 325, initial_bandwith: 0, is_empty: 0)(id: 208, initial_bandwith: 13, is_empty: 0)(id: 95, initial_bandwith: 10, is_empty: 0)(id: 6, initial_bandwith: 9, is_empty: 0)(id: 97, initial_bandwith: 1, is_empty: 0)(id: 121, initial_bandwith: 16, is_empty: 0)

Apartment Name: H, Max Bandwidth: 240
(id: 400, initial_bandwith: 7, is_empty: 0) (id: 204, initial_bandwith: 0, is_empty: 0) (id: 458, initial_bandwith: 13, is_empty: 0) (id: 76, initial_bandwith: 3, is_empty: 0) (id: 185, initial_bandwith: 11, is_empty: 0) (id: 123, initial_bandwith: 17, is_empty: 0) (id: 425, initial_bandwith: 16, is_empty: 0) (id: 236, initial_bandwith: 17, is_empty: 0) (id: 308, initial_bandwith: 3, is_empty: 0) (id: 399, initial_bandwith: 18, is_empty: 0) (id: 329, initial_bandwith: 8, is_empty: 0) (id: 64, initial_bandwith: 9, is_empty: 0) (id: 42, initial_bandwith: 0, is_empty: 0) 
backwards
(id: 42, initial_bandwith: 0, is_empty: 0)(id: 64, initial_bandwith: 9, is_empty: 0)(id: 329, initial_bandwith: 8, is_empty: 0)(id: 399, initial_bandwith: 18, is_empty: 0)(id: 308, initial_bandwith: 3, is_empty: 0)(id: 236, initial_bandwith: 17, is_empty: 0)(id: 425, initial_bandwith: 16, is_empty: 0)(id: 123, initial_bandwith: 17, is_empty: 0)(id: 185, initial_bandwith: 11, is_empty: 0)(id: 76, initial_bandwith: 3, is_empty: 0)(id: 458, initial_bandwith: 13, is_empty: 0)(id: 204, initial_bandwith: 0, is_empty: 0)(id: 400, initial_bandwith: 7, is_empty: 0)
