
Apartment Name: G, Max Bandwidth: 280
(id: 304, initial_bandwith: 1, is_empty: 0) (id: 307, initial_bandwith: 15, is_empty: 0) (id: 123, initial_bandwith: 16, is_empty: 0) (id: 63, initial_bandwith: 0, is_empty: 0) (id: 161, initial_bandwith: 16, is_empty: 0) (id: 0, initial_bandwith: 7, is_empty: 0) (id: 321, initial_bandwith: 1, is_empty: 0) (id: 472, initial_bandwith: 11, is_empty: 0) (id: 282, initial_bandwith: 12, is_empty: 0) (id: 149, initial_bandwith: 11, is_empty: 0) (id: 151, initial_bandwith: 7, is_empty: 0) (id: 119, initial_bandwith: 11, is_empty: 0) (id: 354, initial_bandwith: 6, is_empty: 0) (id: 190, initial_bandwith: 6, is_empty: 0) (id: 420, initial_bandwith: 10, is_empty: 0) (id: 299, initial_bandwith: 4, is_empty: 0) 
backwards
(id: 299, initial_bandwith: 4, is_empty: 0)(id: 420, initial_bandwith: 10, is_empty: 0)(id: 190, initial_bandwith: 6, is_empty: 0)(id: 354, initial_bandwith: 6, is_empty: 0)(id: 119, initial_bandwith: 11, is_empty: 0)(id: 151, initial_bandwith: 7, is_empty: 0)(id: 149, initial_bandwith: 11, is_empty: 0)(id: 282, initial_bandwith: 12, is_empty: 0)(id: 472, initial_bandwith: 11, is_empty: 0)(id: 321, initial_bandwith: 1, is_empty: 0)(id: 0, initial_bandwith: 7, is_empty: 0)(id: 161, initial_bandwith: 16, is_empty: 0)(id: 63, initial_bandwith: 0, is_empty: 0)(id: 123, initial_bandwith: 16, is_empty: 0)(id: 307, initial_bandwith: 15, is_empty: 0)(id: 304, initial_bandwith: 1, is_empty: 0)

Apartment Name: V, Max Bandwidth: 160
(id: 182, initial_bandwith: 4, is_empty: 0) (id: 385, initial_bandwith: 13, is_empty: 0) (id: 479, initial_bandwith: 18, is_empty: 0) (id: 469, initial_bandwith: 13, is_empty: 0) (id: 305, initial_bandwith: 13, is_empty: 0) (id: 297, initial_bandwith: 15, is_empty: 0) (id: 279, initial_bandwith: 0, is_empty: 0) 
backwards
(id: 279, initial_bandwith: 0, is_empty: 0)(id: 297, initial_bandwith: 15, is_empty: 0)(id: 305, initial_bandwith: 13, is_empty: 0)(id: 469, initial_bandwith: 13, is_empty: 0)(id: 479, initial_bandwith: 18, is_empty: 0)(id: 385, initial_bandwith: 13, is_empty: 0)(id: 182, initial_bandwith: 4, is_empty: 0)

Apartment Name: T, Max Bandwidth: 260
(id: 471, initial_bandwith: 5, is_empty: 0) (id: 99, initial_bandwith: 0, is_empty: 0) (id: 308, initial_bandwith: 15, is_empty: 0) (id: 77, initial_bandwith: 10, is_empty: 0) (id: 207, initial_bandwith: 15, is_empty: 0) (id: 41, initial_bandwith: 4, is_empty: 0) (id: 460, initial_bandwith: 4, is_empty: 0) (id: 303, initial_bandwith: 14, is_empty: 0) (id: 253, initial_bandwith: 11, is_empty: 0) (id: 27, initial_bandwith: 9, is_empty: 0) (id: 437, initial_bandwith: 5, is_empty: 0) (id: 79, initial_bandwith: 12, is_empty: 0) (id: 174, initial_bandwith: 15, is_empty: 0) (id: 350, initial_bandwith: 6, is_empty: 0) (id: 34, initial_bandwith: 14, is_empty: 0) (id: 138, initial_bandwith: 13, is_empty: 0) (id: 357, initial_bandwith: 9, is_empty: 0) 
backwards
(id: 357, initial_bandwith: 9, is_empty: 0)(id: 138, initial_bandwith: 13, is_empty: 0)(id: 34, initial_bandwith: 14, is_empty: 0)(id: 350, initial_bandwith: 6, is_empty: 0)(id: 174, initial_bandwith: 15, is_empty: 0)(id: 79, initial_bandwith: 12, is_empty: 0)(id: 437, initial_bandwith: 5, is_empty: 0)(id: 27, initial_bandwith: 9, is_empty: 0)(id: 253, initial_bandwith: 11, is_empty: 0)(id: 303, initial_bandwith: 14, is_empty: 0)(id: 460, initial_bandwith: 4, is_empty: 0)(id: 41, initial_bandwith: 4, is_empty: 0)(id: 207, initial_bandwith: 15, is_empty: 0)(id: 77, initial_bandwith: 10, is_empty: 0)(id: 308, initial_bandwith: 15, is_empty: 0)(id: 99, initial_bandwith: 0, is_empty: 0)(id: 471, initial_bandwith: 5, is_empty: 0)

Apartment Name: L, Max Bandwidth: 280
(id: 90, initial_bandwith: 2, is_empty: 0) (id: 33, initial_bandwith: 27, is_empty: 0) (id: 494, initial_bandwith: 13, is_empty: 0) (id: 14, initial_bandwith: 1, is_empty: 0) (id: 483, initial_bandwith: 3, is_empty: 0) (id: 328, initial_bandwith: 11, is_empty: 0) (id: 201, initial_bandwith: 0, is_empty: 0) (id: 371, initial_bandwith: 10, is_empty: 0) (id: 378, initial_bandwith: 24, is_empty: 0) 
backwards
(id: 378, initial_bandwith: 24, is_empty: 0)(id: 371, initial_bandwith: 10, is_empty: 0)(id: 201, initial_bandwith: 0, is_empty: 0)(id: 328, initial_bandwith: 11, is_empty: 0)(id: 483, initial_bandwith: 3, is_empty: 0)(id: 14, initial_bandwith: 1, is_empty: 0)(id: 494, initial_bandwith: 13, is_empty: 0)(id: 33, initial_bandwith: 27, is_empty: 0)(id: 90, initial_bandwith: 2, is_empty: 0)

Apartment Name: Q, Max Bandwidth: 140
(id: 167, initial_bandwith: 3, is_empty: 0) (id: 352, initial_bandwith: 5, is_empty: 0) (id: 72, initial_bandwith: 6, is_empty: 0) (id: 351, initial_bandwith: 4, is_empty: 0) (id: 102, initial_bandwith: 2, is_empty: 0) (id: 4, initial_bandwith: 0, is_empty: 0) (id: 461, initial_bandwith: 7, is_empty: 0) (id: 107, initial_bandwith: 5, is_empty: 0) (id: 88, initial_bandwith: 2, is_empty: 0) (id: 399, initial_bandwith: 6, is_empty: 0) (id: 188, initial_bandwith: 7, is_empty: 0) (id: 103, initial_bandwith: 6, is_empty: 0) (id: 484, initial_bandwith: 5, is_empty: 0) (id: 39, initial_bandwith: 5, is_empty: 0) (id: 67, initial_bandwith: 1, is_empty: 0) (id: 334, initial_bandwith: 2, is_empty: 0) (id: 363, initial_bandwith: 5, is_empty: 0) 
backwards
(id: 363, initial_bandwith: 5, is_empty: 0)(id: 334, initial_bandwith: 2, is_empty: 0)(id: 67, initial_bandwith: 1, is_empty: 0)(id: 39, initial_bandwith: 5, is_empty: 0)(id: 484, initial_bandwith: 5, is_empty: 0)(id: 103, initial_bandwith: 6, is_empty: 0)(id: 188, initial_bandwith: 7, is_empty: 0)(id: 399, initial_bandwith: 6, is_empty: 0)(id: 88, initial_bandwith: 2, is_empty: 0)(id: 107, initial_bandwith: 5, is_empty: 0)(id: 461, initial_bandwith: 7, is_empty: 0)(id: 4, initial_bandwith: 0, is_empty: 0)(id: 102, initial_bandwith: 2, is_empty: 0)(id: 351, initial_bandwith: 4, is_empty: 0)(id: 72, initial_bandwith: 6, is_empty: 0)(id: 352, initial_bandwith: 5, is_empty: 0)(id: 167, initial_bandwith: 3, is_empty: 0)

Apartment Name: D, Max Bandwidth: 100
(id: 105, initial_bandwith: 31, is_empty: 0) (id: 205, initial_bandwith: 27, is_empty: 0) (id: 429, initial_bandwith: 30, is_empty: 0) 
backwards
(id: 429, initial_bandwith: 30, is_empty: 0)(id: 205, initial_bandwith: 27, is_empty: 0)(id: 105, initial_bandwith: 31, is_empty: 0)

Apartment Name: R, Max Bandwidth: 320
(id: 159, initial_bandwith: 9, is_empty: 0) (id: 87, initial_bandwith: 17, is_empty: 0) (id: 122, initial_bandwith: 4, is_empty: 0) (id: 431, initial_bandwith: 7, is_empty: 0) (id: 230, initial_bandwith: 10, is_empty: 0) (id: 280, initial_bandwith: 9, is_empty: 0) (id: 412, initial_bandwith: 5, is_empty: 0) (id: 187, initial_bandwith: 7, is_empty: 0) (id: 96, initial_bandwith: 10, is_empty: 0) (id: 419, initial_bandwith: 1, is_empty: 0) (id: 478, initial_bandwith: 2, is_empty: 0) (id: 251, initial_bandwith: 9, is_empty: 0) (id: 287, initial_bandwith: 13, is_empty: 0) (id: 233, initial_bandwith: 17, is_empty: 0) (id: 224, initial_bandwith: 16, is_empty: 0) (id: 240, initial_bandwith: 4, is_empty: 0) (id: 186, initial_bandwith: 8, is_empty: 0) (id: 94, initial_bandwith: 14, is_empty: 0) 
backwards
(id: 94, initial_bandwith: 14, is_empty: 0)(id: 186, initial_bandwith: 8, is_empty: 0)(id: 240, initial_bandwith: 4, is_empty: 0)(id: 224, initial_bandwith: 16, is_empty: 0)(id: 233, initial_bandwith: 17, is_empty: 0)(id: 287, initial_bandwith: 13, is_empty: 0)(id: 251, initial_bandwith: 9, is_empty: 0)(id: 478, initial_bandwith: 2, is_empty: 0)(id: 419, initial_bandwith: 1, is_empty: 0)(id: 96, initial_bandwith: 10, is_empty: 0)(id: 187, initial_bandwith: 7, is_empty: 0)(id: 412, initial_bandwith: 5, is_empty: 0)(id: 280, initial_bandwith: 9, is_empty: 0)(id: 230, initial_bandwith: 10, is_empty: 0)(id: 431, initial_bandwith: 7, is_empty: 0)(id: 122, initial_bandwith: 4, is_empty: 0)(id: 87, initial_bandwith: 17, is_empty: 0)(id: 159, initial_bandwith: 9, is_empty: 0)

Apartment Name: O, Max Bandwidth: 140
(id: 18, initial_bandwith: 10, is_empty: 0) (id: 140, initial_bandwith: 11, is_empty: 0) (id: 172, initial_bandwith: 11, is_empty: 0) (id: 362, initial_bandwith: 4, is_empty: 0) (id: 292, initial_bandwith: 3, is_empty: 0) (id: 430, initial_bandwith: 7, is_empty: 0) (id: 177, initial_bandwith: 1, is_empty: 0) (id: 28, initial_bandwith: 8, is_empty: 0) (id: 155, initial_bandwith: 1, is_empty: 0) 
backwards
(id: 155, initial_bandwith: 1, is_empty: 0)(id: 28, initial_bandwith: 8, is_empty: 0)(id: 177, initial_bandwith: 1, is_empty: 0)(id: 430, initial_bandwith: 7, is_empty: 0)(id: 292, initial_bandwith: 3, is_empty: 0)(id: 362, initial_bandwith: 4, is_empty: 0)(id: 172, initial_bandwith: 11, is_empty: 0)(id: 140, initial_bandwith: 11, is_empty: 0)(id: 18, initial_bandwith: 10, is_empty: 0)

Apartment Name: H, Max Bandwidth: 320
(id: 408, initial_bandwith: 68, is_empty: 0) (id: 7, initial_bandwith: 18, is_empty: 0) (id: 204, initial_bandwith: 82, is_empty: 0) 
backwards
(id: 204, initial_bandwith: 82, is_empty: 0)(id: 7, initial_bandwith: 18, is_empty: 0)(id: 408, initial_bandwith: 68, is_empty: 0)

Apartment Name: Z, Max Bandwidth: 260
(id: 128, initial_bandwith: 17, is_empty: 0) (id: 475, initial_bandwith: 63, is_empty: 0) (id: 17, initial_bandwith: 59, is_empty: 0) (id: 404, initial_bandwith: 20, is_empty: 0) 
backwards
(id: 404, initial_bandwith: 20, is_empty: 0)(id: 17, initial_bandwith: 59, is_empty: 0)(id: 475, initial_bandwith: 63, is_empty: 0)(id: 128, initial_bandwith: 17, is_empty: 0)

Apartment Name: J, Max Bandwidth: 100
(id: 348, initial_bandwith: 1, is_empty: 0) (id: 449, initial_bandwith: 4, is_empty: 0) (id: 241, initial_bandwith: 8, is_empty: 0) (id: 382, initial_bandwith: 9, is_empty: 0) (id: 153, initial_bandwith: 3, is_empty: 0) (id: 254, initial_bandwith: 8, is_empty: 0) (id: 157, initial_bandwith: 2, is_empty: 0) (id: 21, initial_bandwith: 1, is_empty: 0) (id: 61, initial_bandwith: 7, is_empty: 0) (id: 380, initial_bandwith: 4, is_empty: 0) 
backwards
(id: 380, initial_bandwith: 4, is_empty: 0)(id: 61, initial_bandwith: 7, is_empty: 0)(id: 21, initial_bandwith: 1, is_empty: 0)(id: 157, initial_bandwith: 2, is_empty: 0)(id: 254, initial_bandwith: 8, is_empty: 0)(id: 153, initial_bandwith: 3, is_empty: 0)(id: 382, initial_bandwith: 9, is_empty: 0)(id: 241, initial_bandwith: 8, is_empty: 0)(id: 449, initial_bandwith: 4, is_empty: 0)(id: 348, initial_bandwith: 1, is_empty: 0)

Apartment Name: I, Max Bandwidth: 280
(id: 360, initial_bandwith: 8, is_empty: 0) (id: 131, initial_bandwith: 9, is_empty: 0) (id: 89, initial_bandwith: 4, is_empty: 0) (id: 124, initial_bandwith: 21, is_empty: 0) (id: 57, initial_bandwith: 7, is_empty: 0) (id: 268, initial_bandwith: 21, is_empty: 0) (id: 353, initial_bandwith: 8, is_empty: 0) (id: 325, initial_bandwith: 13, is_empty: 0) (id: 487, initial_bandwith: 21, is_empty: 0) (id: 407, initial_bandwith: 0, is_empty: 0) (id: 80, initial_bandwith: 12, is_empty: 0) (id: 425, initial_bandwith: 8, is_empty: 0) (id: 179, initial_bandwith: 4, is_empty: 0) 
backwards
(id: 179, initial_bandwith: 4, is_empty: 0)(id: 425, initial_bandwith: 8, is_empty: 0)(id: 80, initial_bandwith: 12, is_empty: 0)(id: 407, initial_bandwith: 0, is_empty: 0)(id: 487, initial_bandwith: 21, is_empty: 0)(id: 325, initial_bandwith: 13, is_empty: 0)(id: 353, initial_bandwith: 8, is_empty: 0)(id: 268, initial_bandwith: 21, is_empty: 0)(id: 57, initial_bandwith: 7, is_empty: 0)(id: 124, initial_bandwith: 21, is_empty: 0)(id: 89, initial_bandwith: 4, is_empty: 0)(id: 131, initial_bandwith: 9, is_empty: 0)(id: 360, initial_bandwith: 8, is_empty: 0)

Apartment Name: K, Max Bandwidth: 180
(id: 296, initial_bandwith: 9, is_empty: 0) (id: 312, initial_bandwith: 5, is_empty: 0) (id: 403, initial_bandwith: 4, is_empty: 0) (id: 66, initial_bandwith: 11, is_empty: 0) (id: 42, initial_bandwith: 10, is_empty: 0) (id: 349, initial_bandwith: 5, is_empty: 0) (id: 242, initial_bandwith: 10, is_empty: 0) (id: 446, initial_bandwith: 6, is_empty: 0) (id: 95, initial_bandwith: 12, is_empty: 0) (id: 324, initial_bandwith: 2, is_empty: 0) (id: 19, initial_bandwith: 9, is_empty: 0) (id: 2, initial_bandwith: 4, is_empty: 0) (id: 301, initial_bandwith: 10, is_empty: 0) (id: 196, initial_bandwith: 6, is_empty: 0) 
backwards
(id: 196, initial_bandwith: 6, is_empty: 0)(id: 301, initial_bandwith: 10, is_empty: 0)(id: 2, initial_bandwith: 4, is_empty: 0)(id: 19, initial_bandwith: 9, is_empty: 0)(id: 324, initial_bandwith: 2, is_empty: 0)(id: 95, initial_bandwith: 12, is_empty: 0)(id: 446, initial_bandwith: 6, is_empty: 0)(id: 242, initial_bandwith: 10, is_empty: 0)(id: 349, initial_bandwith: 5, is_empty: 0)(id: 42, initial_bandwith: 10, is_empty: 0)(id: 66, initial_bandwith: 11, is_empty: 0)(id: 403, initial_bandwith: 4, is_empty: 0)(id: 312, initial_bandwith: 5, is_empty: 0)(id: 296, initial_bandwith: 9, is_empty: 0)

Apartment Name: B, Max Bandwidth: 200
(id: 485, initial_bandwith: 3, is_empty: 0) (id: 16, initial_bandwith: 4, is_empty: 0) (id: 73, initial_bandwith: 6, is_empty: 0) (id: 467, initial_bandwith: 1, is_empty: 0) (id: 444, initial_bandwith: 11, is_empty: 0) (id: 214, initial_bandwith: 9, is_empty: 0) (id: 235, initial_bandwith: 3, is_empty: 0) (id: 178, initial_bandwith: 8, is_empty: 0) (id: 457, initial_bandwith: 9, is_empty: 0) (id: 121, initial_bandwith: 5, is_empty: 0) (id: 246, initial_bandwith: 5, is_empty: 0) (id: 439, initial_bandwith: 1, is_empty: 0) (id: 424, initial_bandwith: 11, is_empty: 0) (id: 335, initial_bandwith: 3, is_empty: 0) (id: 488, initial_bandwith: 4, is_empty: 0) (id: 375, initial_bandwith: 7, is_empty: 0) (id: 104, initial_bandwith: 10, is_empty: 0) 
backwards
(id: 104, initial_bandwith: 10, is_empty: 0)(id: 375, initial_bandwith: 7, is_empty: 0)(id: 488, initial_bandwith: 4, is_empty: 0)(id: 335, initial_bandwith: 3, is_empty: 0)(id: 424, initial_bandwith: 11, is_empty: 0)(id: 439, initial_bandwith: 1, is_empty: 0)(id: 246, initial_bandwith: 5, is_empty: 0)(id: 121, initial_bandwith: 5, is_empty: 0)(id: 457, initial_bandwith: 9, is_empty: 0)(id: 178, initial_bandwith: 8, is_empty: 0)(id: 235, initial_bandwith: 3, is_empty: 0)(id: 214, initial_bandwith: 9, is_empty: 0)(id: 444, initial_bandwith: 11, is_empty: 0)(id: 467, initial_bandwith: 1, is_empty: 0)(id: 73, initial_bandwith: 6, is_empty: 0)(id: 16, initial_bandwith: 4, is_empty: 0)(id: 485, initial_bandwith: 3, is_empty: 0)
