
Apartment Name: L, Max Bandwidth: 240
(id: 398, initial_bandwith: 60, is_empty: 0) (id: 205, initial_bandwith: 5, is_empty: 0) (id: 392, initial_bandwith: 8, is_empty: 0) (id: 39, initial_bandwith: 24, is_empty: 0) 
backwards
(id: 39, initial_bandwith: 24, is_empty: 0)(id: 392, initial_bandwith: 8, is_empty: 0)(id: 205, initial_bandwith: 5, is_empty: 0)(id: 398, initial_bandwith: 60, is_empty: 0)

Apartment Name: N, Max Bandwidth: 180
(id: 176, initial_bandwith: 10, is_empty: 0) (id: 404, initial_bandwith: 21, is_empty: 0) (id: 397, initial_bandwith: 10, is_empty: 0) (id: 249, initial_bandwith: 21, is_empty: 0) (id: 273, initial_bandwith: 21, is_empty: 0) (id: 13, initial_bandwith: 14, is_empty: 0) (id: 351, initial_bandwith: 22, is_empty: 0) (id: 401, initial_bandwith: 14, is_empty: 0) 
backwards
(id: 401, initial_bandwith: 14, is_empty: 0)(id: 351, initial_bandwith: 22, is_empty: 0)(id: 13, initial_bandwith: 14, is_empty: 0)(id: 273, initial_bandwith: 21, is_empty: 0)(id: 249, initial_bandwith: 21, is_empty: 0)(id: 397, initial_bandwith: 10, is_empty: 0)(id: 404, initial_bandwith: 21, is_empty: 0)(id: 176, initial_bandwith: 10, is_empty: 0)

Apartment Name: W, Max Bandwidth: 260
(id: 281, initial_bandwith: 7, is_empty: 0) (id: 277, initial_bandwith: 11, is_empty: 0) (id: 130, initial_bandwith: 9, is_empty: 0) (id: 8, initial_bandwith: 12, is_empty: 0) (id: 278, initial_bandwith: 13, is_empty: 0) (id: 101, initial_bandwith: 10, is_empty: 0) (id: 417, initial_bandwith: 4, is_empty: 0) (id: 442, initial_bandwith: 13, is_empty: 0) (id: 353, initial_bandwith: 7, is_empty: 0) (id: 452, initial_bandwith: 8, is_empty: 0) (id: 103, initial_bandwith: 12, is_empty: 0) (id: 160, initial_bandwith: 10, is_empty: 0) (id: 310, initial_bandwith: 9, is_empty: 0) (id: 142, initial_bandwith: 8, is_empty: 0) (id: 136, initial_bandwith: 4, is_empty: 0) (id: 300, initial_bandwith: 12, is_empty: 0) (id: 455, initial_bandwith: 0, is_empty: 0) (id: 90, initial_bandwith: 0, is_empty: 0) (id: 223, initial_bandwith: 8, is_empty: 0) 
backwards
(id: 223, initial_bandwith: 8, is_empty: 0)(id: 90, initial_bandwith: 0, is_empty: 0)(id: 455, initial_bandwith: 0, is_empty: 0)(id: 300, initial_bandwith: 12, is_empty: 0)(id: 136, initial_bandwith: 4, is_empty: 0)(id: 142, initial_bandwith: 8, is_empty: 0)(id: 310, initial_bandwith: 9, is_empty: 0)(id: 160, initial_bandwith: 10, is_empty: 0)(id: 103, initial_bandwith: 12, is_empty: 0)(id: 452, initial_bandwith: 8, is_empty: 0)(id: 353, initial_bandwith: 7, is_empty: 0)(id: 442, initial_bandwith: 13, is_empty: 0)(id: 417, initial_bandwith: 4, is_empty: 0)(id: 101, initial_bandwith: 10, is_empty: 0)(id: 278, initial_bandwith: 13, is_empty: 0)(id: 8, initial_bandwith: 12, is_empty: 0)(id: 130, initial_bandwith: 9, is_empty: 0)(id: 277, initial_bandwith: 11, is_empty: 0)(id: 281, initial_bandwith: 7, is_empty: 0)

Apartment Name: R, Max Bandwidth: 340
(id: 235, initial_bandwith: 5, is_empty: 0) (id: 412, initial_bandwith: 1, is_empty: 0) (id: 388, initial_bandwith: 4, is_empty: 0) (id: 124, initial_bandwith: 11, is_empty: 0) (id: 431, initial_bandwith: 5, is_empty: 0) (id: 149, initial_bandwith: 2, is_empty: 0) (id: 117, initial_bandwith: 12, is_empty: 0) (id: 104, initial_bandwith: 9, is_empty: 0) (id: 133, initial_bandwith: 9, is_empty: 0) (id: 240, initial_bandwith: 4, is_empty: 0) (id: 438, initial_bandwith: 10, is_empty: 0) (id: 246, initial_bandwith: 14, is_empty: 0) (id: 182, initial_bandwith: 13, is_empty: 0) (id: 17, initial_bandwith: 8, is_empty: 0) (id: 378, initial_bandwith: 8, is_empty: 0) (id: 425, initial_bandwith: 14, is_empty: 0) (id: 343, initial_bandwith: 14, is_empty: 0) (id: 394, initial_bandwith: 7, is_empty: 0) (id: 471, initial_bandwith: 17, is_empty: 0) 
backwards
(id: 471, initial_bandwith: 17, is_empty: 0)(id: 394, initial_bandwith: 7, is_empty: 0)(id: 343, initial_bandwith: 14, is_empty: 0)(id: 425, initial_bandwith: 14, is_empty: 0)(id: 378, initial_bandwith: 8, is_empty: 0)(id: 17, initial_bandwith: 8, is_empty: 0)(id: 182, initial_bandwith: 13, is_empty: 0)(id: 246, initial_bandwith: 14, is_empty: 0)(id: 438, initial_bandwith: 10, is_empty: 0)(id: 240, initial_bandwith: 4, is_empty: 0)(id: 133, initial_bandwith: 9, is_empty: 0)(id: 104, initial_bandwith: 9, is_empty: 0)(id: 117, initial_bandwith: 12, is_empty: 0)(id: 149, initial_bandwith: 2, is_empty: 0)(id: 431, initial_bandwith: 5, is_empty: 0)(id: 124, initial_bandwith: 11, is_empty: 0)(id: 388, initial_bandwith: 4, is_empty: 0)(id: 412, initial_bandwith: 1, is_empty: 0)(id: 235, initial_bandwith: 5, is_empty: 0)

Apartment Name: Z, Max Bandwidth: 160
(id: 40, initial_bandwith: 9, is_empty: 0) (id: 26, initial_bandwith: 4, is_empty: 0) (id: 362, initial_bandwith: 13, is_empty: 0) (id: 252, initial_bandwith: 13, is_empty: 0) (id: 1, initial_bandwith: 0, is_empty: 0) (id: 282, initial_bandwith: 13, is_empty: 0) (id: 68, initial_bandwith: 1, is_empty: 0) (id: 450, initial_bandwith: 5, is_empty: 0) (id: 29, initial_bandwith: 8, is_empty: 0) (id: 315, initial_bandwith: 8, is_empty: 0) (id: 3, initial_bandwith: 12, is_empty: 0) (id: 413, initial_bandwith: 1, is_empty: 0) 
backwards
(id: 413, initial_bandwith: 1, is_empty: 0)(id: 3, initial_bandwith: 12, is_empty: 0)(id: 315, initial_bandwith: 8, is_empty: 0)(id: 29, initial_bandwith: 8, is_empty: 0)(id: 450, initial_bandwith: 5, is_empty: 0)(id: 68, initial_bandwith: 1, is_empty: 0)(id: 282, initial_bandwith: 13, is_empty: 0)(id: 1, initial_bandwith: 0, is_empty: 0)(id: 252, initial_bandwith: 13, is_empty: 0)(id: 362, initial_bandwith: 13, is_empty: 0)(id: 26, initial_bandwith: 4, is_empty: 0)(id: 40, initial_bandwith: 9, is_empty: 0)

Apartment Name: H, Max Bandwidth: 360
(id: 304, initial_bandwith: 6, is_empty: 0) (id: 415, initial_bandwith: 15, is_empty: 0) (id: 22, initial_bandwith: 15, is_empty: 0) (id: 369, initial_bandwith: 10, is_empty: 0) (id: 289, initial_bandwith: 7, is_empty: 0) (id: 463, initial_bandwith: 10, is_empty: 0) (id: 363, initial_bandwith: 9, is_empty: 0) (id: 423, initial_bandwith: 19, is_empty: 0) (id: 376, initial_bandwith: 24, is_empty: 0) (id: 345, initial_bandwith: 21, is_empty: 0) (id: 201, initial_bandwith: 24, is_empty: 0) (id: 308, initial_bandwith: 11, is_empty: 0) (id: 439, initial_bandwith: 5, is_empty: 0) (id: 43, initial_bandwith: 13, is_empty: 0) (id: 76, initial_bandwith: 10, is_empty: 0) 
backwards
(id: 76, initial_bandwith: 10, is_empty: 0)(id: 43, initial_bandwith: 13, is_empty: 0)(id: 439, initial_bandwith: 5, is_empty: 0)(id: 308, initial_bandwith: 11, is_empty: 0)(id: 201, initial_bandwith: 24, is_empty: 0)(id: 345, initial_bandwith: 21, is_empty: 0)(id: 376, initial_bandwith: 24, is_empty: 0)(id: 423, initial_bandwith: 19, is_empty: 0)(id: 363, initial_bandwith: 9, is_empty: 0)(id: 463, initial_bandwith: 10, is_empty: 0)(id: 289, initial_bandwith: 7, is_empty: 0)(id: 369, initial_bandwith: 10, is_empty: 0)(id: 22, initial_bandwith: 15, is_empty: 0)(id: 415, initial_bandwith: 15, is_empty: 0)(id: 304, initial_bandwith: 6, is_empty: 0)

Apartment Name: G, Max Bandwidth: 140
(id: 383, initial_bandwith: 14, is_empty: 0) (id: 481, initial_bandwith: 3, is_empty: 0) (id: 5, initial_bandwith: 3, is_empty: 0) (id: 31, initial_bandwith: 9, is_empty: 0) (id: 187, initial_bandwith: 6, is_empty: 0) (id: 457, initial_bandwith: 12, is_empty: 0) (id: 66, initial_bandwith: 4, is_empty: 0) (id: 377, initial_bandwith: 11, is_empty: 0) (id: 290, initial_bandwith: 6, is_empty: 0) 
backwards
(id: 290, initial_bandwith: 6, is_empty: 0)(id: 377, initial_bandwith: 11, is_empty: 0)(id: 66, initial_bandwith: 4, is_empty: 0)(id: 457, initial_bandwith: 12, is_empty: 0)(id: 187, initial_bandwith: 6, is_empty: 0)(id: 31, initial_bandwith: 9, is_empty: 0)(id: 5, initial_bandwith: 3, is_empty: 0)(id: 481, initial_bandwith: 3, is_empty: 0)(id: 383, initial_bandwith: 14, is_empty: 0)

Apartment Name: M, Max Bandwidth: 100
(id: 275, initial_bandwith: 1, is_empty: 0) (id: 279, initial_bandwith: 2, is_empty: 0) (id: 96, initial_bandwith: 2, is_empty: 0) (id: 78, initial_bandwith: 1, is_empty: 0) (id: 243, initial_bandwith: 1, is_empty: 0) (id: 236, initial_bandwith: 0, is_empty: 0) (id: 129, initial_bandwith: 0, is_empty: 0) (id: 465, initial_bandwith: 4, is_empty: 0) (id: 295, initial_bandwith: 0, is_empty: 0) (id: 170, initial_bandwith: 3, is_empty: 0) (id: 35, initial_bandwith: 2, is_empty: 0) (id: 292, initial_bandwith: 5, is_empty: 0) (id: 55, initial_bandwith: 1, is_empty: 0) (id: 212, initial_bandwith: 3, is_empty: 0) (id: 400, initial_bandwith: 4, is_empty: 0) (id: 284, initial_bandwith: 3, is_empty: 0) (id: 328, initial_bandwith: 2, is_empty: 0) (id: 162, initial_bandwith: 5, is_empty: 0) (id: 114, initial_bandwith: 5, is_empty: 0) 
backwards
(id: 114, initial_bandwith: 5, is_empty: 0)(id: 162, initial_bandwith: 5, is_empty: 0)(id: 328, initial_bandwith: 2, is_empty: 0)(id: 284, initial_bandwith: 3, is_empty: 0)(id: 400, initial_bandwith: 4, is_empty: 0)(id: 212, initial_bandwith: 3, is_empty: 0)(id: 55, initial_bandwith: 1, is_empty: 0)(id: 292, initial_bandwith: 5, is_empty: 0)(id: 35, initial_bandwith: 2, is_empty: 0)(id: 170, initial_bandwith: 3, is_empty: 0)(id: 295, initial_bandwith: 0, is_empty: 0)(id: 465, initial_bandwith: 4, is_empty: 0)(id: 129, initial_bandwith: 0, is_empty: 0)(id: 236, initial_bandwith: 0, is_empty: 0)(id: 243, initial_bandwith: 1, is_empty: 0)(id: 78, initial_bandwith: 1, is_empty: 0)(id: 96, initial_bandwith: 2, is_empty: 0)(id: 279, initial_bandwith: 2, is_empty: 0)(id: 275, initial_bandwith: 1, is_empty: 0)

Apartment Name: P, Max Bandwidth: 120
(id: 427, initial_bandwith: 12, is_empty: 0) (id: 293, initial_bandwith: 22, is_empty: 0) (id: 391, initial_bandwith: 18, is_empty: 0) (id: 266, initial_bandwith: 21, is_empty: 0) (id: 189, initial_bandwith: 4, is_empty: 0) 
backwards
(id: 189, initial_bandwith: 4, is_empty: 0)(id: 266, initial_bandwith: 21, is_empty: 0)(id: 391, initial_bandwith: 18, is_empty: 0)(id: 293, initial_bandwith: 22, is_empty: 0)(id: 427, initial_bandwith: 12, is_empty: 0)

Apartment Name: Y, Max Bandwidth: 260
(id: 263, initial_bandwith: 7, is_empty: 0) (id: 128, initial_bandwith: 2, is_empty: 0) (id: 294, initial_bandwith: 17, is_empty: 0) (id: 347, initial_bandwith: 18, is_empty: 0) (id: 91, initial_bandwith: 4, is_empty: 0) (id: 138, initial_bandwith: 17, is_empty: 0) (id: 274, initial_bandwith: 1, is_empty: 0) (id: 6, initial_bandwith: 20, is_empty: 0) (id: 54, initial_bandwith: 5, is_empty: 0) (id: 497, initial_bandwith: 13, is_empty: 0) (id: 46, initial_bandwith: 3, is_empty: 0) (id: 60, initial_bandwith: 15, is_empty: 0) 
backwards
(id: 60, initial_bandwith: 15, is_empty: 0)(id: 46, initial_bandwith: 3, is_empty: 0)(id: 497, initial_bandwith: 13, is_empty: 0)(id: 54, initial_bandwith: 5, is_empty: 0)(id: 6, initial_bandwith: 20, is_empty: 0)(id: 274, initial_bandwith: 1, is_empty: 0)(id: 138, initial_bandwith: 17, is_empty: 0)(id: 91, initial_bandwith: 4, is_empty: 0)(id: 347, initial_bandwith: 18, is_empty: 0)(id: 294, initial_bandwith: 17, is_empty: 0)(id: 128, initial_bandwith: 2, is_empty: 0)(id: 263, initial_bandwith: 7, is_empty: 0)

Apartment Name: Q, Max Bandwidth: 220
(id: 37, initial_bandwith: 27, is_empty: 0) (id: 436, initial_bandwith: 48, is_empty: 0) (id: 59, initial_bandwith: 47, is_empty: 0) (id: 64, initial_bandwith: 49, is_empty: 0) 
backwards
(id: 64, initial_bandwith: 49, is_empty: 0)(id: 59, initial_bandwith: 47, is_empty: 0)(id: 436, initial_bandwith: 48, is_empty: 0)(id: 37, initial_bandwith: 27, is_empty: 0)

Apartment Name: A, Max Bandwidth: 280
(id: 146, initial_bandwith: 9, is_empty: 0) (id: 358, initial_bandwith: 16, is_empty: 0) (id: 135, initial_bandwith: 12, is_empty: 0) (id: 313, initial_bandwith: 4, is_empty: 0) (id: 393, initial_bandwith: 4, is_empty: 0) (id: 280, initial_bandwith: 4, is_empty: 0) (id: 67, initial_bandwith: 18, is_empty: 0) (id: 495, initial_bandwith: 12, is_empty: 0) (id: 355, initial_bandwith: 17, is_empty: 0) (id: 364, initial_bandwith: 13, is_empty: 0) (id: 459, initial_bandwith: 13, is_empty: 0) (id: 381, initial_bandwith: 21, is_empty: 0) (id: 139, initial_bandwith: 21, is_empty: 0) 
backwards
(id: 139, initial_bandwith: 21, is_empty: 0)(id: 381, initial_bandwith: 21, is_empty: 0)(id: 459, initial_bandwith: 13, is_empty: 0)(id: 364, initial_bandwith: 13, is_empty: 0)(id: 355, initial_bandwith: 17, is_empty: 0)(id: 495, initial_bandwith: 12, is_empty: 0)(id: 67, initial_bandwith: 18, is_empty: 0)(id: 280, initial_bandwith: 4, is_empty: 0)(id: 393, initial_bandwith: 4, is_empty: 0)(id: 313, initial_bandwith: 4, is_empty: 0)(id: 135, initial_bandwith: 12, is_empty: 0)(id: 358, initial_bandwith: 16, is_empty: 0)(id: 146, initial_bandwith: 9, is_empty: 0)

Apartment Name: C, Max Bandwidth: 260
(id: 16, initial_bandwith: 8, is_empty: 0) (id: 407, initial_bandwith: 13, is_empty: 0) (id: 79, initial_bandwith: 6, is_empty: 0) (id: 50, initial_bandwith: 4, is_empty: 0) (id: 18, initial_bandwith: 8, is_empty: 0) (id: 241, initial_bandwith: 8, is_empty: 0) (id: 286, initial_bandwith: 0, is_empty: 0) (id: 224, initial_bandwith: 4, is_empty: 0) (id: 470, initial_bandwith: 6, is_empty: 0) (id: 272, initial_bandwith: 6, is_empty: 0) (id: 336, initial_bandwith: 10, is_empty: 0) (id: 437, initial_bandwith: 9, is_empty: 0) (id: 192, initial_bandwith: 3, is_empty: 0) (id: 341, initial_bandwith: 11, is_empty: 0) (id: 317, initial_bandwith: 10, is_empty: 0) (id: 7, initial_bandwith: 2, is_empty: 0) (id: 169, initial_bandwith: 4, is_empty: 0) (id: 63, initial_bandwith: 7, is_empty: 0) (id: 140, initial_bandwith: 6, is_empty: 0) 
backwards
(id: 140, initial_bandwith: 6, is_empty: 0)(id: 63, initial_bandwith: 7, is_empty: 0)(id: 169, initial_bandwith: 4, is_empty: 0)(id: 7, initial_bandwith: 2, is_empty: 0)(id: 317, initial_bandwith: 10, is_empty: 0)(id: 341, initial_bandwith: 11, is_empty: 0)(id: 192, initial_bandwith: 3, is_empty: 0)(id: 437, initial_bandwith: 9, is_empty: 0)(id: 336, initial_bandwith: 10, is_empty: 0)(id: 272, initial_bandwith: 6, is_empty: 0)(id: 470, initial_bandwith: 6, is_empty: 0)(id: 224, initial_bandwith: 4, is_empty: 0)(id: 286, initial_bandwith: 0, is_empty: 0)(id: 241, initial_bandwith: 8, is_empty: 0)(id: 18, initial_bandwith: 8, is_empty: 0)(id: 50, initial_bandwith: 4, is_empty: 0)(id: 79, initial_bandwith: 6, is_empty: 0)(id: 407, initial_bandwith: 13, is_empty: 0)(id: 16, initial_bandwith: 8, is_empty: 0)

Apartment Name: O, Max Bandwidth: 340
(id: 175, initial_bandwith: 45, is_empty: 0) (id: 157, initial_bandwith: 82, is_empty: 0) (id: 386, initial_bandwith: 51, is_empty: 0) (id: 10, initial_bandwith: 60, is_empty: 0) 
backwards
(id: 10, initial_bandwith: 60, is_empty: 0)(id: 386, initial_bandwith: 51, is_empty: 0)(id: 157, initial_bandwith: 82, is_empty: 0)(id: 175, initial_bandwith: 45, is_empty: 0)
