
Apartment Name: New Apartment, Max Bandwidth: 300
