
Apartment Name: O, Max Bandwidth: 200
(id: 85, initial_bandwith: 5, is_empty: 0) (id: 134, initial_bandwith: 11, is_empty: 0) (id: 346, initial_bandwith: 5, is_empty: 0) (id: 344, initial_bandwith: 4, is_empty: 0) (id: 382, initial_bandwith: 9, is_empty: 0) (id: 475, initial_bandwith: 11, is_empty: 0) (id: 182, initial_bandwith: 6, is_empty: 0) (id: 247, initial_bandwith: 7, is_empty: 0) (id: 175, initial_bandwith: 11, is_empty: 0) (id: 79, initial_bandwith: 2, is_empty: 0) (id: 181, initial_bandwith: 1, is_empty: 0) (id: 295, initial_bandwith: 12, is_empty: 0) (id: 364, initial_bandwith: 6, is_empty: 0) (id: 472, initial_bandwith: 12, is_empty: 0) (id: 306, initial_bandwith: 4, is_empty: 0) (id: 298, initial_bandwith: 9, is_empty: 0) 
backwards
(id: 298, initial_bandwith: 9, is_empty: 0)(id: 306, initial_bandwith: 4, is_empty: 0)(id: 472, initial_bandwith: 12, is_empty: 0)(id: 364, initial_bandwith: 6, is_empty: 0)(id: 295, initial_bandwith: 12, is_empty: 0)(id: 181, initial_bandwith: 1, is_empty: 0)(id: 79, initial_bandwith: 2, is_empty: 0)(id: 175, initial_bandwith: 11, is_empty: 0)(id: 247, initial_bandwith: 7, is_empty: 0)(id: 182, initial_bandwith: 6, is_empty: 0)(id: 475, initial_bandwith: 11, is_empty: 0)(id: 382, initial_bandwith: 9, is_empty: 0)(id: 344, initial_bandwith: 4, is_empty: 0)(id: 346, initial_bandwith: 5, is_empty: 0)(id: 134, initial_bandwith: 11, is_empty: 0)(id: 85, initial_bandwith: 5, is_empty: 0)

Apartment Name: C, Max Bandwidth: 140
(id: 299, initial_bandwith: 3, is_empty: 0) (id: 414, initial_bandwith: 3, is_empty: 0) (id: 489, initial_bandwith: 2, is_empty: 0) (id: 281, initial_bandwith: 5, is_empty: 0) (id: 340, initial_bandwith: 11, is_empty: 0) (id: 189, initial_bandwith: 0, is_empty: 0) (id: 265, initial_bandwith: 2, is_empty: 0) (id: 163, initial_bandwith: 7, is_empty: 0) (id: 390, initial_bandwith: 1, is_empty: 0) (id: 226, initial_bandwith: 0, is_empty: 0) (id: 195, initial_bandwith: 3, is_empty: 0) (id: 398, initial_bandwith: 4, is_empty: 0) 
backwards
(id: 398, initial_bandwith: 4, is_empty: 0)(id: 195, initial_bandwith: 3, is_empty: 0)(id: 226, initial_bandwith: 0, is_empty: 0)(id: 390, initial_bandwith: 1, is_empty: 0)(id: 163, initial_bandwith: 7, is_empty: 0)(id: 265, initial_bandwith: 2, is_empty: 0)(id: 189, initial_bandwith: 0, is_empty: 0)(id: 340, initial_bandwith: 11, is_empty: 0)(id: 281, initial_bandwith: 5, is_empty: 0)(id: 489, initial_bandwith: 2, is_empty: 0)(id: 414, initial_bandwith: 3, is_empty: 0)(id: 299, initial_bandwith: 3, is_empty: 0)

Apartment Name: D, Max Bandwidth: 360
(id: 402, initial_bandwith: 12, is_empty: 0) (id: 215, initial_bandwith: 1, is_empty: 0) (id: 318, initial_bandwith: 1, is_empty: 0) (id: 408, initial_bandwith: 24, is_empty: 0) (id: 481, initial_bandwith: 5, is_empty: 0) (id: 217, initial_bandwith: 9, is_empty: 0) (id: 443, initial_bandwith: 12, is_empty: 0) (id: 430, initial_bandwith: 19, is_empty: 0) (id: 114, initial_bandwith: 23, is_empty: 0) (id: 103, initial_bandwith: 14, is_empty: 0) (id: 200, initial_bandwith: 14, is_empty: 0) (id: 257, initial_bandwith: 8, is_empty: 0) (id: 70, initial_bandwith: 10, is_empty: 0) (id: 219, initial_bandwith: 20, is_empty: 0) (id: 93, initial_bandwith: 17, is_empty: 0) 
backwards
(id: 93, initial_bandwith: 17, is_empty: 0)(id: 219, initial_bandwith: 20, is_empty: 0)(id: 70, initial_bandwith: 10, is_empty: 0)(id: 257, initial_bandwith: 8, is_empty: 0)(id: 200, initial_bandwith: 14, is_empty: 0)(id: 103, initial_bandwith: 14, is_empty: 0)(id: 114, initial_bandwith: 23, is_empty: 0)(id: 430, initial_bandwith: 19, is_empty: 0)(id: 443, initial_bandwith: 12, is_empty: 0)(id: 217, initial_bandwith: 9, is_empty: 0)(id: 481, initial_bandwith: 5, is_empty: 0)(id: 408, initial_bandwith: 24, is_empty: 0)(id: 318, initial_bandwith: 1, is_empty: 0)(id: 215, initial_bandwith: 1, is_empty: 0)(id: 402, initial_bandwith: 12, is_empty: 0)

Apartment Name: B, Max Bandwidth: 140
(id: 435, initial_bandwith: 5, is_empty: 0) (id: 120, initial_bandwith: 7, is_empty: 0) (id: 329, initial_bandwith: 4, is_empty: 0) (id: 138, initial_bandwith: 2, is_empty: 0) (id: 251, initial_bandwith: 7, is_empty: 0) (id: 469, initial_bandwith: 2, is_empty: 0) (id: 343, initial_bandwith: 1, is_empty: 0) (id: 305, initial_bandwith: 3, is_empty: 0) (id: 22, initial_bandwith: 6, is_empty: 0) (id: 150, initial_bandwith: 6, is_empty: 0) (id: 139, initial_bandwith: 5, is_empty: 0) (id: 126, initial_bandwith: 1, is_empty: 0) (id: 54, initial_bandwith: 0, is_empty: 0) (id: 361, initial_bandwith: 1, is_empty: 0) (id: 374, initial_bandwith: 4, is_empty: 0) (id: 363, initial_bandwith: 2, is_empty: 0) (id: 322, initial_bandwith: 6, is_empty: 0) (id: 245, initial_bandwith: 6, is_empty: 0) 
backwards
(id: 245, initial_bandwith: 6, is_empty: 0)(id: 322, initial_bandwith: 6, is_empty: 0)(id: 363, initial_bandwith: 2, is_empty: 0)(id: 374, initial_bandwith: 4, is_empty: 0)(id: 361, initial_bandwith: 1, is_empty: 0)(id: 54, initial_bandwith: 0, is_empty: 0)(id: 126, initial_bandwith: 1, is_empty: 0)(id: 139, initial_bandwith: 5, is_empty: 0)(id: 150, initial_bandwith: 6, is_empty: 0)(id: 22, initial_bandwith: 6, is_empty: 0)(id: 305, initial_bandwith: 3, is_empty: 0)(id: 343, initial_bandwith: 1, is_empty: 0)(id: 469, initial_bandwith: 2, is_empty: 0)(id: 251, initial_bandwith: 7, is_empty: 0)(id: 138, initial_bandwith: 2, is_empty: 0)(id: 329, initial_bandwith: 4, is_empty: 0)(id: 120, initial_bandwith: 7, is_empty: 0)(id: 435, initial_bandwith: 5, is_empty: 0)

Apartment Name: L, Max Bandwidth: 100
(id: 317, initial_bandwith: 5, is_empty: 0) (id: 284, initial_bandwith: 5, is_empty: 0) (id: 259, initial_bandwith: 4, is_empty: 0) (id: 62, initial_bandwith: 4, is_empty: 0) (id: 286, initial_bandwith: 1, is_empty: 0) (id: 370, initial_bandwith: 2, is_empty: 0) (id: 196, initial_bandwith: 1, is_empty: 0) (id: 498, initial_bandwith: 2, is_empty: 0) (id: 452, initial_bandwith: 5, is_empty: 0) (id: 378, initial_bandwith: 4, is_empty: 0) (id: 303, initial_bandwith: 4, is_empty: 0) (id: 52, initial_bandwith: 5, is_empty: 0) (id: 309, initial_bandwith: 3, is_empty: 0) (id: 488, initial_bandwith: 1, is_empty: 0) (id: 400, initial_bandwith: 4, is_empty: 0) (id: 486, initial_bandwith: 1, is_empty: 0) (id: 107, initial_bandwith: 5, is_empty: 0) (id: 239, initial_bandwith: 1, is_empty: 0) (id: 379, initial_bandwith: 0, is_empty: 0) 
backwards
(id: 379, initial_bandwith: 0, is_empty: 0)(id: 239, initial_bandwith: 1, is_empty: 0)(id: 107, initial_bandwith: 5, is_empty: 0)(id: 486, initial_bandwith: 1, is_empty: 0)(id: 400, initial_bandwith: 4, is_empty: 0)(id: 488, initial_bandwith: 1, is_empty: 0)(id: 309, initial_bandwith: 3, is_empty: 0)(id: 52, initial_bandwith: 5, is_empty: 0)(id: 303, initial_bandwith: 4, is_empty: 0)(id: 378, initial_bandwith: 4, is_empty: 0)(id: 452, initial_bandwith: 5, is_empty: 0)(id: 498, initial_bandwith: 2, is_empty: 0)(id: 196, initial_bandwith: 1, is_empty: 0)(id: 370, initial_bandwith: 2, is_empty: 0)(id: 286, initial_bandwith: 1, is_empty: 0)(id: 62, initial_bandwith: 4, is_empty: 0)(id: 259, initial_bandwith: 4, is_empty: 0)(id: 284, initial_bandwith: 5, is_empty: 0)(id: 317, initial_bandwith: 5, is_empty: 0)

Apartment Name: U, Max Bandwidth: 180
(id: 339, initial_bandwith: 5, is_empty: 0) (id: 433, initial_bandwith: 10, is_empty: 0) (id: 356, initial_bandwith: 10, is_empty: 0) (id: 184, initial_bandwith: 6, is_empty: 0) (id: 72, initial_bandwith: 5, is_empty: 0) (id: 5, initial_bandwith: 6, is_empty: 0) (id: 180, initial_bandwith: 3, is_empty: 0) (id: 144, initial_bandwith: 6, is_empty: 0) (id: 377, initial_bandwith: 3, is_empty: 0) (id: 315, initial_bandwith: 8, is_empty: 0) (id: 121, initial_bandwith: 0, is_empty: 0) (id: 276, initial_bandwith: 10, is_empty: 0) (id: 296, initial_bandwith: 7, is_empty: 0) (id: 25, initial_bandwith: 7, is_empty: 0) (id: 269, initial_bandwith: 4, is_empty: 0) (id: 362, initial_bandwith: 9, is_empty: 0) (id: 1, initial_bandwith: 5, is_empty: 0) (id: 7, initial_bandwith: 9, is_empty: 0) 
backwards
(id: 7, initial_bandwith: 9, is_empty: 0)(id: 1, initial_bandwith: 5, is_empty: 0)(id: 362, initial_bandwith: 9, is_empty: 0)(id: 269, initial_bandwith: 4, is_empty: 0)(id: 25, initial_bandwith: 7, is_empty: 0)(id: 296, initial_bandwith: 7, is_empty: 0)(id: 276, initial_bandwith: 10, is_empty: 0)(id: 121, initial_bandwith: 0, is_empty: 0)(id: 315, initial_bandwith: 8, is_empty: 0)(id: 377, initial_bandwith: 3, is_empty: 0)(id: 144, initial_bandwith: 6, is_empty: 0)(id: 180, initial_bandwith: 3, is_empty: 0)(id: 5, initial_bandwith: 6, is_empty: 0)(id: 72, initial_bandwith: 5, is_empty: 0)(id: 184, initial_bandwith: 6, is_empty: 0)(id: 356, initial_bandwith: 10, is_empty: 0)(id: 433, initial_bandwith: 10, is_empty: 0)(id: 339, initial_bandwith: 5, is_empty: 0)

Apartment Name: W, Max Bandwidth: 360
(id: 272, initial_bandwith: 3, is_empty: 0) (id: 302, initial_bandwith: 16, is_empty: 0) (id: 117, initial_bandwith: 20, is_empty: 0) (id: 31, initial_bandwith: 25, is_empty: 0) (id: 19, initial_bandwith: 16, is_empty: 0) (id: 55, initial_bandwith: 29, is_empty: 0) (id: 466, initial_bandwith: 16, is_empty: 0) (id: 53, initial_bandwith: 6, is_empty: 0) (id: 407, initial_bandwith: 18, is_empty: 0) 
backwards
(id: 407, initial_bandwith: 18, is_empty: 0)(id: 53, initial_bandwith: 6, is_empty: 0)(id: 466, initial_bandwith: 16, is_empty: 0)(id: 55, initial_bandwith: 29, is_empty: 0)(id: 19, initial_bandwith: 16, is_empty: 0)(id: 31, initial_bandwith: 25, is_empty: 0)(id: 117, initial_bandwith: 20, is_empty: 0)(id: 302, initial_bandwith: 16, is_empty: 0)(id: 272, initial_bandwith: 3, is_empty: 0)

Apartment Name: V, Max Bandwidth: 320
(id: 160, initial_bandwith: 39, is_empty: 0) (id: 308, initial_bandwith: 25, is_empty: 0) (id: 419, initial_bandwith: 8, is_empty: 0) (id: 177, initial_bandwith: 23, is_empty: 0) (id: 228, initial_bandwith: 26, is_empty: 0) (id: 8, initial_bandwith: 1, is_empty: 0) (id: 389, initial_bandwith: 11, is_empty: 0) (id: 75, initial_bandwith: 30, is_empty: 0) 
backwards
(id: 75, initial_bandwith: 30, is_empty: 0)(id: 389, initial_bandwith: 11, is_empty: 0)(id: 8, initial_bandwith: 1, is_empty: 0)(id: 228, initial_bandwith: 26, is_empty: 0)(id: 177, initial_bandwith: 23, is_empty: 0)(id: 419, initial_bandwith: 8, is_empty: 0)(id: 308, initial_bandwith: 25, is_empty: 0)(id: 160, initial_bandwith: 39, is_empty: 0)

Apartment Name: X, Max Bandwidth: 260
(id: 143, initial_bandwith: 6, is_empty: 0) (id: 332, initial_bandwith: 20, is_empty: 0) (id: 136, initial_bandwith: 4, is_empty: 0) (id: 109, initial_bandwith: 12, is_empty: 0) (id: 313, initial_bandwith: 16, is_empty: 0) (id: 354, initial_bandwith: 18, is_empty: 0) (id: 423, initial_bandwith: 3, is_empty: 0) (id: 279, initial_bandwith: 1, is_empty: 0) (id: 227, initial_bandwith: 8, is_empty: 0) (id: 413, initial_bandwith: 4, is_empty: 0) (id: 209, initial_bandwith: 7, is_empty: 0) (id: 89, initial_bandwith: 7, is_empty: 0) (id: 391, initial_bandwith: 0, is_empty: 0) 
backwards
(id: 391, initial_bandwith: 0, is_empty: 0)(id: 89, initial_bandwith: 7, is_empty: 0)(id: 209, initial_bandwith: 7, is_empty: 0)(id: 413, initial_bandwith: 4, is_empty: 0)(id: 227, initial_bandwith: 8, is_empty: 0)(id: 279, initial_bandwith: 1, is_empty: 0)(id: 423, initial_bandwith: 3, is_empty: 0)(id: 354, initial_bandwith: 18, is_empty: 0)(id: 313, initial_bandwith: 16, is_empty: 0)(id: 109, initial_bandwith: 12, is_empty: 0)(id: 136, initial_bandwith: 4, is_empty: 0)(id: 332, initial_bandwith: 20, is_empty: 0)(id: 143, initial_bandwith: 6, is_empty: 0)

Apartment Name: Z, Max Bandwidth: 320
(id: 353, initial_bandwith: 9, is_empty: 0) (id: 46, initial_bandwith: 16, is_empty: 0) (id: 323, initial_bandwith: 14, is_empty: 0) (id: 231, initial_bandwith: 13, is_empty: 0) (id: 41, initial_bandwith: 15, is_empty: 0) (id: 474, initial_bandwith: 15, is_empty: 0) (id: 250, initial_bandwith: 3, is_empty: 0) (id: 116, initial_bandwith: 9, is_empty: 0) (id: 161, initial_bandwith: 3, is_empty: 0) (id: 59, initial_bandwith: 2, is_empty: 0) (id: 258, initial_bandwith: 11, is_empty: 0) (id: 205, initial_bandwith: 12, is_empty: 0) (id: 264, initial_bandwith: 5, is_empty: 0) (id: 32, initial_bandwith: 9, is_empty: 0) (id: 164, initial_bandwith: 3, is_empty: 0) (id: 427, initial_bandwith: 9, is_empty: 0) (id: 99, initial_bandwith: 12, is_empty: 0) (id: 78, initial_bandwith: 8, is_empty: 0) (id: 484, initial_bandwith: 13, is_empty: 0) 
backwards
(id: 484, initial_bandwith: 13, is_empty: 0)(id: 78, initial_bandwith: 8, is_empty: 0)(id: 99, initial_bandwith: 12, is_empty: 0)(id: 427, initial_bandwith: 9, is_empty: 0)(id: 164, initial_bandwith: 3, is_empty: 0)(id: 32, initial_bandwith: 9, is_empty: 0)(id: 264, initial_bandwith: 5, is_empty: 0)(id: 205, initial_bandwith: 12, is_empty: 0)(id: 258, initial_bandwith: 11, is_empty: 0)(id: 59, initial_bandwith: 2, is_empty: 0)(id: 161, initial_bandwith: 3, is_empty: 0)(id: 116, initial_bandwith: 9, is_empty: 0)(id: 250, initial_bandwith: 3, is_empty: 0)(id: 474, initial_bandwith: 15, is_empty: 0)(id: 41, initial_bandwith: 15, is_empty: 0)(id: 231, initial_bandwith: 13, is_empty: 0)(id: 323, initial_bandwith: 14, is_empty: 0)(id: 46, initial_bandwith: 16, is_empty: 0)(id: 353, initial_bandwith: 9, is_empty: 0)

Apartment Name: G, Max Bandwidth: 380
(id: 131, initial_bandwith: 44, is_empty: 0) (id: 145, initial_bandwith: 8, is_empty: 0) (id: 190, initial_bandwith: 18, is_empty: 0) (id: 204, initial_bandwith: 24, is_empty: 0) (id: 485, initial_bandwith: 35, is_empty: 0) (id: 165, initial_bandwith: 5, is_empty: 0) (id: 373, initial_bandwith: 26, is_empty: 0) (id: 337, initial_bandwith: 27, is_empty: 0) 
backwards
(id: 337, initial_bandwith: 27, is_empty: 0)(id: 373, initial_bandwith: 26, is_empty: 0)(id: 165, initial_bandwith: 5, is_empty: 0)(id: 485, initial_bandwith: 35, is_empty: 0)(id: 204, initial_bandwith: 24, is_empty: 0)(id: 190, initial_bandwith: 18, is_empty: 0)(id: 145, initial_bandwith: 8, is_empty: 0)(id: 131, initial_bandwith: 44, is_empty: 0)

Apartment Name: Q, Max Bandwidth: 140
(id: 292, initial_bandwith: 9, is_empty: 0) (id: 287, initial_bandwith: 16, is_empty: 0) (id: 490, initial_bandwith: 11, is_empty: 0) (id: 316, initial_bandwith: 9, is_empty: 0) (id: 463, initial_bandwith: 0, is_empty: 0) (id: 441, initial_bandwith: 0, is_empty: 0) (id: 26, initial_bandwith: 7, is_empty: 0) (id: 12, initial_bandwith: 1, is_empty: 0) 
backwards
(id: 12, initial_bandwith: 1, is_empty: 0)(id: 26, initial_bandwith: 7, is_empty: 0)(id: 441, initial_bandwith: 0, is_empty: 0)(id: 463, initial_bandwith: 0, is_empty: 0)(id: 316, initial_bandwith: 9, is_empty: 0)(id: 490, initial_bandwith: 11, is_empty: 0)(id: 287, initial_bandwith: 16, is_empty: 0)(id: 292, initial_bandwith: 9, is_empty: 0)

Apartment Name: F, Max Bandwidth: 220
(id: 11, initial_bandwith: 22, is_empty: 0) (id: 106, initial_bandwith: 41, is_empty: 0) (id: 158, initial_bandwith: 38, is_empty: 0) 
backwards
(id: 158, initial_bandwith: 38, is_empty: 0)(id: 106, initial_bandwith: 41, is_empty: 0)(id: 11, initial_bandwith: 22, is_empty: 0)

Apartment Name: S, Max Bandwidth: 320
(id: 341, initial_bandwith: 7, is_empty: 0) (id: 405, initial_bandwith: 1, is_empty: 0) (id: 50, initial_bandwith: 2, is_empty: 0) (id: 221, initial_bandwith: 1, is_empty: 0) (id: 376, initial_bandwith: 5, is_empty: 0) (id: 422, initial_bandwith: 9, is_empty: 0) (id: 135, initial_bandwith: 4, is_empty: 0) (id: 43, initial_bandwith: 20, is_empty: 0) (id: 409, initial_bandwith: 4, is_empty: 0) (id: 347, initial_bandwith: 16, is_empty: 0) (id: 416, initial_bandwith: 7, is_empty: 0) (id: 253, initial_bandwith: 0, is_empty: 0) (id: 457, initial_bandwith: 6, is_empty: 0) (id: 63, initial_bandwith: 16, is_empty: 0) (id: 183, initial_bandwith: 12, is_empty: 0) 
backwards
(id: 183, initial_bandwith: 12, is_empty: 0)(id: 63, initial_bandwith: 16, is_empty: 0)(id: 457, initial_bandwith: 6, is_empty: 0)(id: 253, initial_bandwith: 0, is_empty: 0)(id: 416, initial_bandwith: 7, is_empty: 0)(id: 347, initial_bandwith: 16, is_empty: 0)(id: 409, initial_bandwith: 4, is_empty: 0)(id: 43, initial_bandwith: 20, is_empty: 0)(id: 135, initial_bandwith: 4, is_empty: 0)(id: 422, initial_bandwith: 9, is_empty: 0)(id: 376, initial_bandwith: 5, is_empty: 0)(id: 221, initial_bandwith: 1, is_empty: 0)(id: 50, initial_bandwith: 2, is_empty: 0)(id: 405, initial_bandwith: 1, is_empty: 0)(id: 341, initial_bandwith: 7, is_empty: 0)

Apartment Name: T, Max Bandwidth: 260
(id: 465, initial_bandwith: 18, is_empty: 0) (id: 385, initial_bandwith: 13, is_empty: 0) (id: 480, initial_bandwith: 14, is_empty: 0) (id: 291, initial_bandwith: 14, is_empty: 0) (id: 425, initial_bandwith: 19, is_empty: 0) (id: 64, initial_bandwith: 1, is_empty: 0) (id: 128, initial_bandwith: 1, is_empty: 0) (id: 142, initial_bandwith: 4, is_empty: 0) (id: 3, initial_bandwith: 20, is_empty: 0) (id: 96, initial_bandwith: 16, is_empty: 0) (id: 446, initial_bandwith: 11, is_empty: 0) (id: 312, initial_bandwith: 4, is_empty: 0) 
backwards
(id: 312, initial_bandwith: 4, is_empty: 0)(id: 446, initial_bandwith: 11, is_empty: 0)(id: 96, initial_bandwith: 16, is_empty: 0)(id: 3, initial_bandwith: 20, is_empty: 0)(id: 142, initial_bandwith: 4, is_empty: 0)(id: 128, initial_bandwith: 1, is_empty: 0)(id: 64, initial_bandwith: 1, is_empty: 0)(id: 425, initial_bandwith: 19, is_empty: 0)(id: 291, initial_bandwith: 14, is_empty: 0)(id: 480, initial_bandwith: 14, is_empty: 0)(id: 385, initial_bandwith: 13, is_empty: 0)(id: 465, initial_bandwith: 18, is_empty: 0)

Apartment Name: Y, Max Bandwidth: 200
(id: 102, initial_bandwith: 3, is_empty: 0) (id: 66, initial_bandwith: 10, is_empty: 0) (id: 283, initial_bandwith: 6, is_empty: 0) (id: 330, initial_bandwith: 1, is_empty: 0) (id: 438, initial_bandwith: 6, is_empty: 0) (id: 23, initial_bandwith: 2, is_empty: 0) (id: 74, initial_bandwith: 3, is_empty: 0) (id: 97, initial_bandwith: 8, is_empty: 0) (id: 232, initial_bandwith: 10, is_empty: 0) (id: 384, initial_bandwith: 1, is_empty: 0) (id: 421, initial_bandwith: 4, is_empty: 0) (id: 30, initial_bandwith: 4, is_empty: 0) (id: 336, initial_bandwith: 9, is_empty: 0) (id: 451, initial_bandwith: 5, is_empty: 0) (id: 294, initial_bandwith: 6, is_empty: 0) (id: 187, initial_bandwith: 1, is_empty: 0) (id: 412, initial_bandwith: 4, is_empty: 0) (id: 104, initial_bandwith: 7, is_empty: 0) (id: 271, initial_bandwith: 5, is_empty: 0) 
backwards
(id: 271, initial_bandwith: 5, is_empty: 0)(id: 104, initial_bandwith: 7, is_empty: 0)(id: 412, initial_bandwith: 4, is_empty: 0)(id: 187, initial_bandwith: 1, is_empty: 0)(id: 294, initial_bandwith: 6, is_empty: 0)(id: 451, initial_bandwith: 5, is_empty: 0)(id: 336, initial_bandwith: 9, is_empty: 0)(id: 30, initial_bandwith: 4, is_empty: 0)(id: 421, initial_bandwith: 4, is_empty: 0)(id: 384, initial_bandwith: 1, is_empty: 0)(id: 232, initial_bandwith: 10, is_empty: 0)(id: 97, initial_bandwith: 8, is_empty: 0)(id: 74, initial_bandwith: 3, is_empty: 0)(id: 23, initial_bandwith: 2, is_empty: 0)(id: 438, initial_bandwith: 6, is_empty: 0)(id: 330, initial_bandwith: 1, is_empty: 0)(id: 283, initial_bandwith: 6, is_empty: 0)(id: 66, initial_bandwith: 10, is_empty: 0)(id: 102, initial_bandwith: 3, is_empty: 0)

Apartment Name: I, Max Bandwidth: 140
(id: 67, initial_bandwith: 6, is_empty: 0) (id: 273, initial_bandwith: 3, is_empty: 0) (id: 388, initial_bandwith: 5, is_empty: 0) (id: 448, initial_bandwith: 4, is_empty: 0) (id: 194, initial_bandwith: 2, is_empty: 0) (id: 179, initial_bandwith: 4, is_empty: 0) (id: 235, initial_bandwith: 7, is_empty: 0) (id: 127, initial_bandwith: 8, is_empty: 0) (id: 417, initial_bandwith: 3, is_empty: 0) (id: 24, initial_bandwith: 10, is_empty: 0) (id: 394, initial_bandwith: 2, is_empty: 0) (id: 395, initial_bandwith: 1, is_empty: 0) (id: 243, initial_bandwith: 6, is_empty: 0) 
backwards
(id: 243, initial_bandwith: 6, is_empty: 0)(id: 395, initial_bandwith: 1, is_empty: 0)(id: 394, initial_bandwith: 2, is_empty: 0)(id: 24, initial_bandwith: 10, is_empty: 0)(id: 417, initial_bandwith: 3, is_empty: 0)(id: 127, initial_bandwith: 8, is_empty: 0)(id: 235, initial_bandwith: 7, is_empty: 0)(id: 179, initial_bandwith: 4, is_empty: 0)(id: 194, initial_bandwith: 2, is_empty: 0)(id: 448, initial_bandwith: 4, is_empty: 0)(id: 388, initial_bandwith: 5, is_empty: 0)(id: 273, initial_bandwith: 3, is_empty: 0)(id: 67, initial_bandwith: 6, is_empty: 0)

Apartment Name: N, Max Bandwidth: 160
(id: 132, initial_bandwith: 10, is_empty: 0) (id: 223, initial_bandwith: 4, is_empty: 0) (id: 444, initial_bandwith: 5, is_empty: 0) (id: 105, initial_bandwith: 5, is_empty: 0) (id: 478, initial_bandwith: 1, is_empty: 0) (id: 35, initial_bandwith: 19, is_empty: 0) (id: 301, initial_bandwith: 16, is_empty: 0) (id: 202, initial_bandwith: 6, is_empty: 0) 
backwards
(id: 202, initial_bandwith: 6, is_empty: 0)(id: 301, initial_bandwith: 16, is_empty: 0)(id: 35, initial_bandwith: 19, is_empty: 0)(id: 478, initial_bandwith: 1, is_empty: 0)(id: 105, initial_bandwith: 5, is_empty: 0)(id: 444, initial_bandwith: 5, is_empty: 0)(id: 223, initial_bandwith: 4, is_empty: 0)(id: 132, initial_bandwith: 10, is_empty: 0)

Apartment Name: E, Max Bandwidth: 180
(id: 90, initial_bandwith: 1, is_empty: 0) (id: 241, initial_bandwith: 2, is_empty: 0) (id: 263, initial_bandwith: 3, is_empty: 0) (id: 242, initial_bandwith: 12, is_empty: 0) (id: 383, initial_bandwith: 10, is_empty: 0) (id: 418, initial_bandwith: 6, is_empty: 0) (id: 300, initial_bandwith: 7, is_empty: 0) (id: 33, initial_bandwith: 5, is_empty: 0) (id: 426, initial_bandwith: 1, is_empty: 0) (id: 366, initial_bandwith: 4, is_empty: 0) (id: 496, initial_bandwith: 11, is_empty: 0) (id: 461, initial_bandwith: 4, is_empty: 0) (id: 261, initial_bandwith: 11, is_empty: 0) (id: 495, initial_bandwith: 6, is_empty: 0) (id: 375, initial_bandwith: 6, is_empty: 0) 
backwards
(id: 375, initial_bandwith: 6, is_empty: 0)(id: 495, initial_bandwith: 6, is_empty: 0)(id: 261, initial_bandwith: 11, is_empty: 0)(id: 461, initial_bandwith: 4, is_empty: 0)(id: 496, initial_bandwith: 11, is_empty: 0)(id: 366, initial_bandwith: 4, is_empty: 0)(id: 426, initial_bandwith: 1, is_empty: 0)(id: 33, initial_bandwith: 5, is_empty: 0)(id: 300, initial_bandwith: 7, is_empty: 0)(id: 418, initial_bandwith: 6, is_empty: 0)(id: 383, initial_bandwith: 10, is_empty: 0)(id: 242, initial_bandwith: 12, is_empty: 0)(id: 263, initial_bandwith: 3, is_empty: 0)(id: 241, initial_bandwith: 2, is_empty: 0)(id: 90, initial_bandwith: 1, is_empty: 0)

Apartment Name: M, Max Bandwidth: 240
(id: 342, initial_bandwith: 14, is_empty: 0) (id: 42, initial_bandwith: 20, is_empty: 0) (id: 310, initial_bandwith: 3, is_empty: 0) (id: 399, initial_bandwith: 10, is_empty: 0) (id: 471, initial_bandwith: 7, is_empty: 0) (id: 174, initial_bandwith: 18, is_empty: 0) (id: 153, initial_bandwith: 3, is_empty: 0) (id: 92, initial_bandwith: 18, is_empty: 0) (id: 285, initial_bandwith: 12, is_empty: 0) (id: 34, initial_bandwith: 0, is_empty: 0) (id: 193, initial_bandwith: 20, is_empty: 0) (id: 424, initial_bandwith: 3, is_empty: 0) 
backwards
(id: 424, initial_bandwith: 3, is_empty: 0)(id: 193, initial_bandwith: 20, is_empty: 0)(id: 34, initial_bandwith: 0, is_empty: 0)(id: 285, initial_bandwith: 12, is_empty: 0)(id: 92, initial_bandwith: 18, is_empty: 0)(id: 153, initial_bandwith: 3, is_empty: 0)(id: 174, initial_bandwith: 18, is_empty: 0)(id: 471, initial_bandwith: 7, is_empty: 0)(id: 399, initial_bandwith: 10, is_empty: 0)(id: 310, initial_bandwith: 3, is_empty: 0)(id: 42, initial_bandwith: 20, is_empty: 0)(id: 342, initial_bandwith: 14, is_empty: 0)

Apartment Name: R, Max Bandwidth: 260
(id: 491, initial_bandwith: 2, is_empty: 0) (id: 462, initial_bandwith: 3, is_empty: 0) (id: 357, initial_bandwith: 10, is_empty: 0) (id: 453, initial_bandwith: 4, is_empty: 0) (id: 118, initial_bandwith: 3, is_empty: 0) (id: 14, initial_bandwith: 8, is_empty: 0) (id: 112, initial_bandwith: 6, is_empty: 0) (id: 148, initial_bandwith: 11, is_empty: 0) (id: 151, initial_bandwith: 10, is_empty: 0) (id: 429, initial_bandwith: 7, is_empty: 0) (id: 289, initial_bandwith: 4, is_empty: 0) (id: 154, initial_bandwith: 13, is_empty: 0) (id: 311, initial_bandwith: 1, is_empty: 0) (id: 238, initial_bandwith: 9, is_empty: 0) (id: 186, initial_bandwith: 9, is_empty: 0) (id: 82, initial_bandwith: 1, is_empty: 0) (id: 358, initial_bandwith: 7, is_empty: 0) (id: 410, initial_bandwith: 8, is_empty: 0) 
backwards
(id: 410, initial_bandwith: 8, is_empty: 0)(id: 358, initial_bandwith: 7, is_empty: 0)(id: 82, initial_bandwith: 1, is_empty: 0)(id: 186, initial_bandwith: 9, is_empty: 0)(id: 238, initial_bandwith: 9, is_empty: 0)(id: 311, initial_bandwith: 1, is_empty: 0)(id: 154, initial_bandwith: 13, is_empty: 0)(id: 289, initial_bandwith: 4, is_empty: 0)(id: 429, initial_bandwith: 7, is_empty: 0)(id: 151, initial_bandwith: 10, is_empty: 0)(id: 148, initial_bandwith: 11, is_empty: 0)(id: 112, initial_bandwith: 6, is_empty: 0)(id: 14, initial_bandwith: 8, is_empty: 0)(id: 118, initial_bandwith: 3, is_empty: 0)(id: 453, initial_bandwith: 4, is_empty: 0)(id: 357, initial_bandwith: 10, is_empty: 0)(id: 462, initial_bandwith: 3, is_empty: 0)(id: 491, initial_bandwith: 2, is_empty: 0)

Apartment Name: P, Max Bandwidth: 100
(id: 482, initial_bandwith: 2, is_empty: 0) (id: 244, initial_bandwith: 1, is_empty: 0) (id: 166, initial_bandwith: 5, is_empty: 0) (id: 208, initial_bandwith: 5, is_empty: 0) (id: 40, initial_bandwith: 3, is_empty: 0) (id: 404, initial_bandwith: 4, is_empty: 0) (id: 213, initial_bandwith: 5, is_empty: 0) (id: 436, initial_bandwith: 2, is_empty: 0) (id: 100, initial_bandwith: 3, is_empty: 0) (id: 260, initial_bandwith: 5, is_empty: 0) (id: 445, initial_bandwith: 0, is_empty: 1) (id: 233, initial_bandwith: 4, is_empty: 0) (id: 297, initial_bandwith: 4, is_empty: 0) (id: 254, initial_bandwith: 2, is_empty: 0) (id: 415, initial_bandwith: 5, is_empty: 0) (id: 262, initial_bandwith: 2, is_empty: 0) (id: 434, initial_bandwith: 3, is_empty: 0) (id: 240, initial_bandwith: 3, is_empty: 0) 
backwards
(id: 240, initial_bandwith: 3, is_empty: 0)(id: 434, initial_bandwith: 3, is_empty: 0)(id: 262, initial_bandwith: 2, is_empty: 0)(id: 415, initial_bandwith: 5, is_empty: 0)(id: 254, initial_bandwith: 2, is_empty: 0)(id: 297, initial_bandwith: 4, is_empty: 0)(id: 233, initial_bandwith: 4, is_empty: 0)(id: 445, initial_bandwith: 0, is_empty: 1)(id: 260, initial_bandwith: 5, is_empty: 0)(id: 100, initial_bandwith: 3, is_empty: 0)(id: 436, initial_bandwith: 2, is_empty: 0)(id: 213, initial_bandwith: 5, is_empty: 0)(id: 404, initial_bandwith: 4, is_empty: 0)(id: 40, initial_bandwith: 3, is_empty: 0)(id: 208, initial_bandwith: 5, is_empty: 0)(id: 166, initial_bandwith: 5, is_empty: 0)(id: 244, initial_bandwith: 1, is_empty: 0)(id: 482, initial_bandwith: 2, is_empty: 0)

Apartment Name: K, Max Bandwidth: 340
(id: 274, initial_bandwith: 19, is_empty: 0) (id: 268, initial_bandwith: 10, is_empty: 0) (id: 44, initial_bandwith: 17, is_empty: 0) (id: 36, initial_bandwith: 17, is_empty: 0) (id: 218, initial_bandwith: 9, is_empty: 0) (id: 288, initial_bandwith: 4, is_empty: 0) (id: 9, initial_bandwith: 14, is_empty: 0) (id: 115, initial_bandwith: 6, is_empty: 0) (id: 470, initial_bandwith: 2, is_empty: 0) (id: 403, initial_bandwith: 9, is_empty: 0) (id: 10, initial_bandwith: 1, is_empty: 0) (id: 77, initial_bandwith: 5, is_empty: 0) (id: 460, initial_bandwith: 8, is_empty: 0) (id: 420, initial_bandwith: 4, is_empty: 0) (id: 320, initial_bandwith: 4, is_empty: 0) (id: 87, initial_bandwith: 5, is_empty: 0) 
backwards
(id: 87, initial_bandwith: 5, is_empty: 0)(id: 320, initial_bandwith: 4, is_empty: 0)(id: 420, initial_bandwith: 4, is_empty: 0)(id: 460, initial_bandwith: 8, is_empty: 0)(id: 77, initial_bandwith: 5, is_empty: 0)(id: 10, initial_bandwith: 1, is_empty: 0)(id: 403, initial_bandwith: 9, is_empty: 0)(id: 470, initial_bandwith: 2, is_empty: 0)(id: 115, initial_bandwith: 6, is_empty: 0)(id: 9, initial_bandwith: 14, is_empty: 0)(id: 288, initial_bandwith: 4, is_empty: 0)(id: 218, initial_bandwith: 9, is_empty: 0)(id: 36, initial_bandwith: 17, is_empty: 0)(id: 44, initial_bandwith: 17, is_empty: 0)(id: 268, initial_bandwith: 10, is_empty: 0)(id: 274, initial_bandwith: 19, is_empty: 0)
