
Apartment Name: C, Max Bandwidth: 180
(id: 217, initial_bandwith: 7, is_empty: 0) (id: 302, initial_bandwith: 7, is_empty: 0) (id: 15, initial_bandwith: 4, is_empty: 0) (id: 288, initial_bandwith: 7, is_empty: 0) (id: 297, initial_bandwith: 5, is_empty: 0) (id: 267, initial_bandwith: 7, is_empty: 0) (id: 456, initial_bandwith: 12, is_empty: 0) (id: 86, initial_bandwith: 7, is_empty: 0) (id: 206, initial_bandwith: 8, is_empty: 0) (id: 291, initial_bandwith: 12, is_empty: 0) (id: 301, initial_bandwith: 1, is_empty: 0) (id: 353, initial_bandwith: 1, is_empty: 0) (id: 270, initial_bandwith: 9, is_empty: 0) (id: 454, initial_bandwith: 8, is_empty: 0) (id: 155, initial_bandwith: 3, is_empty: 0) 
backwards
(id: 155, initial_bandwith: 3, is_empty: 0)(id: 454, initial_bandwith: 8, is_empty: 0)(id: 270, initial_bandwith: 9, is_empty: 0)(id: 353, initial_bandwith: 1, is_empty: 0)(id: 301, initial_bandwith: 1, is_empty: 0)(id: 291, initial_bandwith: 12, is_empty: 0)(id: 206, initial_bandwith: 8, is_empty: 0)(id: 86, initial_bandwith: 7, is_empty: 0)(id: 456, initial_bandwith: 12, is_empty: 0)(id: 267, initial_bandwith: 7, is_empty: 0)(id: 297, initial_bandwith: 5, is_empty: 0)(id: 288, initial_bandwith: 7, is_empty: 0)(id: 15, initial_bandwith: 4, is_empty: 0)(id: 302, initial_bandwith: 7, is_empty: 0)(id: 217, initial_bandwith: 7, is_empty: 0)

Apartment Name: N, Max Bandwidth: 200
(id: 497, initial_bandwith: 8, is_empty: 0) (id: 350, initial_bandwith: 3, is_empty: 0) (id: 466, initial_bandwith: 4, is_empty: 0) (id: 91, initial_bandwith: 10, is_empty: 0) (id: 137, initial_bandwith: 9, is_empty: 0) (id: 367, initial_bandwith: 8, is_empty: 0) (id: 348, initial_bandwith: 1, is_empty: 0) (id: 312, initial_bandwith: 2, is_empty: 0) (id: 205, initial_bandwith: 4, is_empty: 0) (id: 251, initial_bandwith: 3, is_empty: 0) (id: 443, initial_bandwith: 2, is_empty: 0) (id: 212, initial_bandwith: 7, is_empty: 0) (id: 317, initial_bandwith: 5, is_empty: 0) (id: 457, initial_bandwith: 8, is_empty: 0) (id: 14, initial_bandwith: 7, is_empty: 0) (id: 159, initial_bandwith: 5, is_empty: 0) (id: 393, initial_bandwith: 2, is_empty: 0) 
backwards
(id: 393, initial_bandwith: 2, is_empty: 0)(id: 159, initial_bandwith: 5, is_empty: 0)(id: 14, initial_bandwith: 7, is_empty: 0)(id: 457, initial_bandwith: 8, is_empty: 0)(id: 317, initial_bandwith: 5, is_empty: 0)(id: 212, initial_bandwith: 7, is_empty: 0)(id: 443, initial_bandwith: 2, is_empty: 0)(id: 251, initial_bandwith: 3, is_empty: 0)(id: 205, initial_bandwith: 4, is_empty: 0)(id: 312, initial_bandwith: 2, is_empty: 0)(id: 348, initial_bandwith: 1, is_empty: 0)(id: 367, initial_bandwith: 8, is_empty: 0)(id: 137, initial_bandwith: 9, is_empty: 0)(id: 91, initial_bandwith: 10, is_empty: 0)(id: 466, initial_bandwith: 4, is_empty: 0)(id: 350, initial_bandwith: 3, is_empty: 0)(id: 497, initial_bandwith: 8, is_empty: 0)

Apartment Name: L, Max Bandwidth: 380
(id: 99, initial_bandwith: 18, is_empty: 0) (id: 395, initial_bandwith: 48, is_empty: 0) (id: 166, initial_bandwith: 11, is_empty: 0) (id: 29, initial_bandwith: 43, is_empty: 0) (id: 383, initial_bandwith: 5, is_empty: 0) (id: 298, initial_bandwith: 11, is_empty: 0) 
backwards
(id: 298, initial_bandwith: 11, is_empty: 0)(id: 383, initial_bandwith: 5, is_empty: 0)(id: 29, initial_bandwith: 43, is_empty: 0)(id: 166, initial_bandwith: 11, is_empty: 0)(id: 395, initial_bandwith: 48, is_empty: 0)(id: 99, initial_bandwith: 18, is_empty: 0)

Apartment Name: T, Max Bandwidth: 160
(id: 371, initial_bandwith: 7, is_empty: 0) (id: 24, initial_bandwith: 9, is_empty: 0) (id: 459, initial_bandwith: 4, is_empty: 0) (id: 406, initial_bandwith: 1, is_empty: 0) (id: 355, initial_bandwith: 3, is_empty: 0) (id: 453, initial_bandwith: 8, is_empty: 0) (id: 370, initial_bandwith: 2, is_empty: 0) (id: 375, initial_bandwith: 3, is_empty: 0) (id: 261, initial_bandwith: 4, is_empty: 0) (id: 485, initial_bandwith: 7, is_empty: 0) (id: 122, initial_bandwith: 7, is_empty: 0) (id: 126, initial_bandwith: 1, is_empty: 0) (id: 182, initial_bandwith: 8, is_empty: 0) (id: 440, initial_bandwith: 10, is_empty: 0) (id: 1, initial_bandwith: 3, is_empty: 0) 
backwards
(id: 1, initial_bandwith: 3, is_empty: 0)(id: 440, initial_bandwith: 10, is_empty: 0)(id: 182, initial_bandwith: 8, is_empty: 0)(id: 126, initial_bandwith: 1, is_empty: 0)(id: 122, initial_bandwith: 7, is_empty: 0)(id: 485, initial_bandwith: 7, is_empty: 0)(id: 261, initial_bandwith: 4, is_empty: 0)(id: 375, initial_bandwith: 3, is_empty: 0)(id: 370, initial_bandwith: 2, is_empty: 0)(id: 453, initial_bandwith: 8, is_empty: 0)(id: 355, initial_bandwith: 3, is_empty: 0)(id: 406, initial_bandwith: 1, is_empty: 0)(id: 459, initial_bandwith: 4, is_empty: 0)(id: 24, initial_bandwith: 9, is_empty: 0)(id: 371, initial_bandwith: 7, is_empty: 0)

Apartment Name: W, Max Bandwidth: 240
(id: 73, initial_bandwith: 8, is_empty: 0) (id: 392, initial_bandwith: 5, is_empty: 0) (id: 495, initial_bandwith: 27, is_empty: 0) (id: 314, initial_bandwith: 11, is_empty: 0) (id: 236, initial_bandwith: 20, is_empty: 0) (id: 117, initial_bandwith: 7, is_empty: 0) (id: 36, initial_bandwith: 25, is_empty: 0) (id: 52, initial_bandwith: 24, is_empty: 0) 
backwards
(id: 52, initial_bandwith: 24, is_empty: 0)(id: 36, initial_bandwith: 25, is_empty: 0)(id: 117, initial_bandwith: 7, is_empty: 0)(id: 236, initial_bandwith: 20, is_empty: 0)(id: 314, initial_bandwith: 11, is_empty: 0)(id: 495, initial_bandwith: 27, is_empty: 0)(id: 392, initial_bandwith: 5, is_empty: 0)(id: 73, initial_bandwith: 8, is_empty: 0)

Apartment Name: Q, Max Bandwidth: 140
(id: 369, initial_bandwith: 14, is_empty: 0) (id: 129, initial_bandwith: 1, is_empty: 0) (id: 263, initial_bandwith: 2, is_empty: 0) (id: 158, initial_bandwith: 11, is_empty: 0) (id: 123, initial_bandwith: 5, is_empty: 0) (id: 470, initial_bandwith: 7, is_empty: 0) (id: 174, initial_bandwith: 17, is_empty: 0) (id: 420, initial_bandwith: 10, is_empty: 0) 
backwards
(id: 420, initial_bandwith: 10, is_empty: 0)(id: 174, initial_bandwith: 17, is_empty: 0)(id: 470, initial_bandwith: 7, is_empty: 0)(id: 123, initial_bandwith: 5, is_empty: 0)(id: 158, initial_bandwith: 11, is_empty: 0)(id: 263, initial_bandwith: 2, is_empty: 0)(id: 129, initial_bandwith: 1, is_empty: 0)(id: 369, initial_bandwith: 14, is_empty: 0)

Apartment Name: J, Max Bandwidth: 300
(id: 87, initial_bandwith: 1, is_empty: 0) (id: 344, initial_bandwith: 3, is_empty: 0) (id: 381, initial_bandwith: 9, is_empty: 0) (id: 372, initial_bandwith: 17, is_empty: 0) (id: 46, initial_bandwith: 1, is_empty: 0) (id: 446, initial_bandwith: 8, is_empty: 0) (id: 408, initial_bandwith: 21, is_empty: 0) (id: 77, initial_bandwith: 3, is_empty: 0) (id: 286, initial_bandwith: 1, is_empty: 0) (id: 199, initial_bandwith: 20, is_empty: 0) (id: 379, initial_bandwith: 6, is_empty: 0) (id: 378, initial_bandwith: 0, is_empty: 0) (id: 176, initial_bandwith: 21, is_empty: 0) (id: 356, initial_bandwith: 4, is_empty: 0) 
backwards
(id: 356, initial_bandwith: 4, is_empty: 0)(id: 176, initial_bandwith: 21, is_empty: 0)(id: 378, initial_bandwith: 0, is_empty: 0)(id: 379, initial_bandwith: 6, is_empty: 0)(id: 199, initial_bandwith: 20, is_empty: 0)(id: 286, initial_bandwith: 1, is_empty: 0)(id: 77, initial_bandwith: 3, is_empty: 0)(id: 408, initial_bandwith: 21, is_empty: 0)(id: 446, initial_bandwith: 8, is_empty: 0)(id: 46, initial_bandwith: 1, is_empty: 0)(id: 372, initial_bandwith: 17, is_empty: 0)(id: 381, initial_bandwith: 9, is_empty: 0)(id: 344, initial_bandwith: 3, is_empty: 0)(id: 87, initial_bandwith: 1, is_empty: 0)

Apartment Name: E, Max Bandwidth: 140
(id: 244, initial_bandwith: 2, is_empty: 0) (id: 165, initial_bandwith: 1, is_empty: 0) (id: 494, initial_bandwith: 5, is_empty: 0) (id: 460, initial_bandwith: 0, is_empty: 0) (id: 303, initial_bandwith: 8, is_empty: 0) (id: 208, initial_bandwith: 6, is_empty: 0) (id: 266, initial_bandwith: 2, is_empty: 0) (id: 484, initial_bandwith: 1, is_empty: 0) (id: 143, initial_bandwith: 2, is_empty: 0) (id: 259, initial_bandwith: 6, is_empty: 0) (id: 277, initial_bandwith: 8, is_empty: 0) (id: 287, initial_bandwith: 6, is_empty: 0) (id: 16, initial_bandwith: 3, is_empty: 0) (id: 50, initial_bandwith: 0, is_empty: 0) (id: 271, initial_bandwith: 2, is_empty: 0) 
backwards
(id: 271, initial_bandwith: 2, is_empty: 0)(id: 50, initial_bandwith: 0, is_empty: 0)(id: 16, initial_bandwith: 3, is_empty: 0)(id: 287, initial_bandwith: 6, is_empty: 0)(id: 277, initial_bandwith: 8, is_empty: 0)(id: 259, initial_bandwith: 6, is_empty: 0)(id: 143, initial_bandwith: 2, is_empty: 0)(id: 484, initial_bandwith: 1, is_empty: 0)(id: 266, initial_bandwith: 2, is_empty: 0)(id: 208, initial_bandwith: 6, is_empty: 0)(id: 303, initial_bandwith: 8, is_empty: 0)(id: 460, initial_bandwith: 0, is_empty: 0)(id: 494, initial_bandwith: 5, is_empty: 0)(id: 165, initial_bandwith: 1, is_empty: 0)(id: 244, initial_bandwith: 2, is_empty: 0)

Apartment Name: M, Max Bandwidth: 280
(id: 331, initial_bandwith: 0, is_empty: 1) (id: 157, initial_bandwith: 1, is_empty: 0) (id: 203, initial_bandwith: 10, is_empty: 0) (id: 85, initial_bandwith: 3, is_empty: 0) (id: 215, initial_bandwith: 16, is_empty: 0) (id: 449, initial_bandwith: 14, is_empty: 0) (id: 342, initial_bandwith: 5, is_empty: 0) (id: 481, initial_bandwith: 0, is_empty: 0) (id: 260, initial_bandwith: 0, is_empty: 0) (id: 387, initial_bandwith: 17, is_empty: 0) (id: 338, initial_bandwith: 7, is_empty: 0) (id: 469, initial_bandwith: 17, is_empty: 0) (id: 325, initial_bandwith: 6, is_empty: 0) (id: 6, initial_bandwith: 0, is_empty: 0) (id: 476, initial_bandwith: 1, is_empty: 0) (id: 257, initial_bandwith: 12, is_empty: 0) 
backwards
(id: 257, initial_bandwith: 12, is_empty: 0)(id: 476, initial_bandwith: 1, is_empty: 0)(id: 6, initial_bandwith: 0, is_empty: 0)(id: 325, initial_bandwith: 6, is_empty: 0)(id: 469, initial_bandwith: 17, is_empty: 0)(id: 338, initial_bandwith: 7, is_empty: 0)(id: 387, initial_bandwith: 17, is_empty: 0)(id: 260, initial_bandwith: 0, is_empty: 0)(id: 481, initial_bandwith: 0, is_empty: 0)(id: 342, initial_bandwith: 5, is_empty: 0)(id: 449, initial_bandwith: 14, is_empty: 0)(id: 215, initial_bandwith: 16, is_empty: 0)(id: 85, initial_bandwith: 3, is_empty: 0)(id: 203, initial_bandwith: 10, is_empty: 0)(id: 157, initial_bandwith: 1, is_empty: 0)(id: 331, initial_bandwith: 0, is_empty: 1)

Apartment Name: S, Max Bandwidth: 360
(id: 33, initial_bandwith: 21, is_empty: 0) (id: 145, initial_bandwith: 25, is_empty: 0) (id: 83, initial_bandwith: 36, is_empty: 0) (id: 248, initial_bandwith: 6, is_empty: 0) (id: 346, initial_bandwith: 26, is_empty: 0) (id: 88, initial_bandwith: 33, is_empty: 0) (id: 11, initial_bandwith: 1, is_empty: 0) (id: 334, initial_bandwith: 26, is_empty: 0) (id: 75, initial_bandwith: 5, is_empty: 0) (id: 220, initial_bandwith: 21, is_empty: 0) 
backwards
(id: 220, initial_bandwith: 21, is_empty: 0)(id: 75, initial_bandwith: 5, is_empty: 0)(id: 334, initial_bandwith: 26, is_empty: 0)(id: 11, initial_bandwith: 1, is_empty: 0)(id: 88, initial_bandwith: 33, is_empty: 0)(id: 346, initial_bandwith: 26, is_empty: 0)(id: 248, initial_bandwith: 6, is_empty: 0)(id: 83, initial_bandwith: 36, is_empty: 0)(id: 145, initial_bandwith: 25, is_empty: 0)(id: 33, initial_bandwith: 21, is_empty: 0)
