
Apartment Name: A, Max Bandwidth: 220
(id: 107, initial_bandwith: 4, is_empty: 0) (id: 216, initial_bandwith: 13, is_empty: 0) (id: 405, initial_bandwith: 14, is_empty: 0) (id: 183, initial_bandwith: 14, is_empty: 0) (id: 389, initial_bandwith: 5, is_empty: 0) (id: 302, initial_bandwith: 8, is_empty: 0) (id: 159, initial_bandwith: 7, is_empty: 0) (id: 407, initial_bandwith: 11, is_empty: 0) (id: 383, initial_bandwith: 8, is_empty: 0) (id: 1, initial_bandwith: 3, is_empty: 0) (id: 475, initial_bandwith: 12, is_empty: 0) (id: 462, initial_bandwith: 10, is_empty: 0) (id: 293, initial_bandwith: 3, is_empty: 0) (id: 260, initial_bandwith: 9, is_empty: 0) (id: 418, initial_bandwith: 11, is_empty: 0) 
backwards
(id: 418, initial_bandwith: 11, is_empty: 0)(id: 260, initial_bandwith: 9, is_empty: 0)(id: 293, initial_bandwith: 3, is_empty: 0)(id: 462, initial_bandwith: 10, is_empty: 0)(id: 475, initial_bandwith: 12, is_empty: 0)(id: 1, initial_bandwith: 3, is_empty: 0)(id: 383, initial_bandwith: 8, is_empty: 0)(id: 407, initial_bandwith: 11, is_empty: 0)(id: 159, initial_bandwith: 7, is_empty: 0)(id: 302, initial_bandwith: 8, is_empty: 0)(id: 389, initial_bandwith: 5, is_empty: 0)(id: 183, initial_bandwith: 14, is_empty: 0)(id: 405, initial_bandwith: 14, is_empty: 0)(id: 216, initial_bandwith: 13, is_empty: 0)(id: 107, initial_bandwith: 4, is_empty: 0)

Apartment Name: N, Max Bandwidth: 360
(id: 143, initial_bandwith: 30, is_empty: 0) (id: 26, initial_bandwith: 9, is_empty: 0) (id: 463, initial_bandwith: 14, is_empty: 0) (id: 443, initial_bandwith: 20, is_empty: 0) (id: 126, initial_bandwith: 36, is_empty: 0) (id: 196, initial_bandwith: 39, is_empty: 0) (id: 264, initial_bandwith: 35, is_empty: 0) (id: 396, initial_bandwith: 19, is_empty: 0) (id: 262, initial_bandwith: 7, is_empty: 0) 
backwards
(id: 262, initial_bandwith: 7, is_empty: 0)(id: 396, initial_bandwith: 19, is_empty: 0)(id: 264, initial_bandwith: 35, is_empty: 0)(id: 196, initial_bandwith: 39, is_empty: 0)(id: 126, initial_bandwith: 36, is_empty: 0)(id: 443, initial_bandwith: 20, is_empty: 0)(id: 463, initial_bandwith: 14, is_empty: 0)(id: 26, initial_bandwith: 9, is_empty: 0)(id: 143, initial_bandwith: 30, is_empty: 0)

Apartment Name: B, Max Bandwidth: 100
(id: 277, initial_bandwith: 0, is_empty: 0) (id: 419, initial_bandwith: 2, is_empty: 0) (id: 421, initial_bandwith: 3, is_empty: 0) (id: 296, initial_bandwith: 0, is_empty: 0) (id: 457, initial_bandwith: 4, is_empty: 0) (id: 236, initial_bandwith: 0, is_empty: 0) (id: 192, initial_bandwith: 3, is_empty: 0) (id: 25, initial_bandwith: 2, is_empty: 0) (id: 74, initial_bandwith: 3, is_empty: 0) (id: 384, initial_bandwith: 1, is_empty: 0) (id: 23, initial_bandwith: 5, is_empty: 0) (id: 30, initial_bandwith: 0, is_empty: 0) (id: 171, initial_bandwith: 1, is_empty: 0) (id: 162, initial_bandwith: 0, is_empty: 0) (id: 255, initial_bandwith: 4, is_empty: 0) (id: 248, initial_bandwith: 2, is_empty: 0) (id: 108, initial_bandwith: 3, is_empty: 0) 
backwards
(id: 108, initial_bandwith: 3, is_empty: 0)(id: 248, initial_bandwith: 2, is_empty: 0)(id: 255, initial_bandwith: 4, is_empty: 0)(id: 162, initial_bandwith: 0, is_empty: 0)(id: 171, initial_bandwith: 1, is_empty: 0)(id: 30, initial_bandwith: 0, is_empty: 0)(id: 23, initial_bandwith: 5, is_empty: 0)(id: 384, initial_bandwith: 1, is_empty: 0)(id: 74, initial_bandwith: 3, is_empty: 0)(id: 25, initial_bandwith: 2, is_empty: 0)(id: 192, initial_bandwith: 3, is_empty: 0)(id: 236, initial_bandwith: 0, is_empty: 0)(id: 457, initial_bandwith: 4, is_empty: 0)(id: 296, initial_bandwith: 0, is_empty: 0)(id: 421, initial_bandwith: 3, is_empty: 0)(id: 419, initial_bandwith: 2, is_empty: 0)(id: 277, initial_bandwith: 0, is_empty: 0)

Apartment Name: E, Max Bandwidth: 380
(id: 35, initial_bandwith: 31, is_empty: 0) (id: 456, initial_bandwith: 34, is_empty: 0) (id: 62, initial_bandwith: 29, is_empty: 0) (id: 363, initial_bandwith: 25, is_empty: 0) (id: 176, initial_bandwith: 2, is_empty: 0) (id: 397, initial_bandwith: 0, is_empty: 0) (id: 58, initial_bandwith: 26, is_empty: 0) 
backwards
(id: 58, initial_bandwith: 26, is_empty: 0)(id: 397, initial_bandwith: 0, is_empty: 0)(id: 176, initial_bandwith: 2, is_empty: 0)(id: 363, initial_bandwith: 25, is_empty: 0)(id: 62, initial_bandwith: 29, is_empty: 0)(id: 456, initial_bandwith: 34, is_empty: 0)(id: 35, initial_bandwith: 31, is_empty: 0)

Apartment Name: Y, Max Bandwidth: 120
(id: 471, initial_bandwith: 3, is_empty: 0) (id: 433, initial_bandwith: 0, is_empty: 0) (id: 429, initial_bandwith: 8, is_empty: 0) (id: 496, initial_bandwith: 3, is_empty: 0) (id: 45, initial_bandwith: 6, is_empty: 0) (id: 133, initial_bandwith: 2, is_empty: 0) (id: 356, initial_bandwith: 7, is_empty: 0) (id: 413, initial_bandwith: 2, is_empty: 0) (id: 97, initial_bandwith: 0, is_empty: 0) (id: 499, initial_bandwith: 5, is_empty: 0) (id: 446, initial_bandwith: 8, is_empty: 0) (id: 303, initial_bandwith: 3, is_empty: 0) (id: 254, initial_bandwith: 1, is_empty: 0) (id: 404, initial_bandwith: 2, is_empty: 0) (id: 469, initial_bandwith: 4, is_empty: 0) 
backwards
(id: 469, initial_bandwith: 4, is_empty: 0)(id: 404, initial_bandwith: 2, is_empty: 0)(id: 254, initial_bandwith: 1, is_empty: 0)(id: 303, initial_bandwith: 3, is_empty: 0)(id: 446, initial_bandwith: 8, is_empty: 0)(id: 499, initial_bandwith: 5, is_empty: 0)(id: 97, initial_bandwith: 0, is_empty: 0)(id: 413, initial_bandwith: 2, is_empty: 0)(id: 356, initial_bandwith: 7, is_empty: 0)(id: 133, initial_bandwith: 2, is_empty: 0)(id: 45, initial_bandwith: 6, is_empty: 0)(id: 496, initial_bandwith: 3, is_empty: 0)(id: 429, initial_bandwith: 8, is_empty: 0)(id: 433, initial_bandwith: 0, is_empty: 0)(id: 471, initial_bandwith: 3, is_empty: 0)

Apartment Name: T, Max Bandwidth: 360
(id: 391, initial_bandwith: 15, is_empty: 0) (id: 282, initial_bandwith: 7, is_empty: 0) (id: 467, initial_bandwith: 1, is_empty: 0) (id: 360, initial_bandwith: 13, is_empty: 0) (id: 127, initial_bandwith: 20, is_empty: 0) (id: 59, initial_bandwith: 7, is_empty: 0) (id: 39, initial_bandwith: 6, is_empty: 0) (id: 337, initial_bandwith: 20, is_empty: 0) (id: 323, initial_bandwith: 15, is_empty: 0) (id: 132, initial_bandwith: 0, is_empty: 0) (id: 130, initial_bandwith: 5, is_empty: 0) (id: 110, initial_bandwith: 2, is_empty: 0) (id: 461, initial_bandwith: 8, is_empty: 0) (id: 4, initial_bandwith: 3, is_empty: 0) (id: 222, initial_bandwith: 20, is_empty: 0) (id: 88, initial_bandwith: 14, is_empty: 0) (id: 229, initial_bandwith: 11, is_empty: 0) (id: 485, initial_bandwith: 16, is_empty: 0) 
backwards
(id: 485, initial_bandwith: 16, is_empty: 0)(id: 229, initial_bandwith: 11, is_empty: 0)(id: 88, initial_bandwith: 14, is_empty: 0)(id: 222, initial_bandwith: 20, is_empty: 0)(id: 4, initial_bandwith: 3, is_empty: 0)(id: 461, initial_bandwith: 8, is_empty: 0)(id: 110, initial_bandwith: 2, is_empty: 0)(id: 130, initial_bandwith: 5, is_empty: 0)(id: 132, initial_bandwith: 0, is_empty: 0)(id: 323, initial_bandwith: 15, is_empty: 0)(id: 337, initial_bandwith: 20, is_empty: 0)(id: 39, initial_bandwith: 6, is_empty: 0)(id: 59, initial_bandwith: 7, is_empty: 0)(id: 127, initial_bandwith: 20, is_empty: 0)(id: 360, initial_bandwith: 13, is_empty: 0)(id: 467, initial_bandwith: 1, is_empty: 0)(id: 282, initial_bandwith: 7, is_empty: 0)(id: 391, initial_bandwith: 15, is_empty: 0)

Apartment Name: U, Max Bandwidth: 280
(id: 398, initial_bandwith: 17, is_empty: 0) (id: 71, initial_bandwith: 5, is_empty: 0) (id: 24, initial_bandwith: 11, is_empty: 0) (id: 223, initial_bandwith: 9, is_empty: 0) (id: 338, initial_bandwith: 7, is_empty: 0) (id: 188, initial_bandwith: 6, is_empty: 0) (id: 231, initial_bandwith: 7, is_empty: 0) (id: 321, initial_bandwith: 6, is_empty: 0) (id: 468, initial_bandwith: 14, is_empty: 0) (id: 287, initial_bandwith: 7, is_empty: 0) (id: 444, initial_bandwith: 5, is_empty: 0) (id: 304, initial_bandwith: 9, is_empty: 0) (id: 157, initial_bandwith: 9, is_empty: 0) (id: 139, initial_bandwith: 5, is_empty: 0) (id: 161, initial_bandwith: 8, is_empty: 0) 
backwards
(id: 161, initial_bandwith: 8, is_empty: 0)(id: 139, initial_bandwith: 5, is_empty: 0)(id: 157, initial_bandwith: 9, is_empty: 0)(id: 304, initial_bandwith: 9, is_empty: 0)(id: 444, initial_bandwith: 5, is_empty: 0)(id: 287, initial_bandwith: 7, is_empty: 0)(id: 468, initial_bandwith: 14, is_empty: 0)(id: 321, initial_bandwith: 6, is_empty: 0)(id: 231, initial_bandwith: 7, is_empty: 0)(id: 188, initial_bandwith: 6, is_empty: 0)(id: 338, initial_bandwith: 7, is_empty: 0)(id: 223, initial_bandwith: 9, is_empty: 0)(id: 24, initial_bandwith: 11, is_empty: 0)(id: 71, initial_bandwith: 5, is_empty: 0)(id: 398, initial_bandwith: 17, is_empty: 0)

Apartment Name: Z, Max Bandwidth: 200
(id: 310, initial_bandwith: 4, is_empty: 0) (id: 53, initial_bandwith: 33, is_empty: 0) (id: 141, initial_bandwith: 25, is_empty: 0) (id: 98, initial_bandwith: 16, is_empty: 0) (id: 9, initial_bandwith: 33, is_empty: 0) (id: 465, initial_bandwith: 5, is_empty: 0) 
backwards
(id: 465, initial_bandwith: 5, is_empty: 0)(id: 9, initial_bandwith: 33, is_empty: 0)(id: 98, initial_bandwith: 16, is_empty: 0)(id: 141, initial_bandwith: 25, is_empty: 0)(id: 53, initial_bandwith: 33, is_empty: 0)(id: 310, initial_bandwith: 4, is_empty: 0)

Apartment Name: F, Max Bandwidth: 260
(id: 154, initial_bandwith: 17, is_empty: 0) (id: 339, initial_bandwith: 8, is_empty: 0) (id: 228, initial_bandwith: 15, is_empty: 0) (id: 208, initial_bandwith: 7, is_empty: 0) (id: 488, initial_bandwith: 13, is_empty: 0) (id: 328, initial_bandwith: 24, is_empty: 0) (id: 22, initial_bandwith: 21, is_empty: 0) (id: 324, initial_bandwith: 12, is_empty: 0) (id: 250, initial_bandwith: 9, is_empty: 0) 
backwards
(id: 250, initial_bandwith: 9, is_empty: 0)(id: 324, initial_bandwith: 12, is_empty: 0)(id: 22, initial_bandwith: 21, is_empty: 0)(id: 328, initial_bandwith: 24, is_empty: 0)(id: 488, initial_bandwith: 13, is_empty: 0)(id: 208, initial_bandwith: 7, is_empty: 0)(id: 228, initial_bandwith: 15, is_empty: 0)(id: 339, initial_bandwith: 8, is_empty: 0)(id: 154, initial_bandwith: 17, is_empty: 0)

Apartment Name: P, Max Bandwidth: 360
(id: 185, initial_bandwith: 17, is_empty: 0) (id: 114, initial_bandwith: 1, is_empty: 0) (id: 426, initial_bandwith: 6, is_empty: 0) (id: 27, initial_bandwith: 16, is_empty: 0) (id: 498, initial_bandwith: 9, is_empty: 0) (id: 425, initial_bandwith: 9, is_empty: 0) (id: 119, initial_bandwith: 10, is_empty: 0) (id: 294, initial_bandwith: 7, is_empty: 0) (id: 378, initial_bandwith: 9, is_empty: 0) (id: 327, initial_bandwith: 12, is_empty: 0) (id: 70, initial_bandwith: 15, is_empty: 0) (id: 482, initial_bandwith: 3, is_empty: 0) (id: 325, initial_bandwith: 19, is_empty: 0) (id: 306, initial_bandwith: 10, is_empty: 0) (id: 348, initial_bandwith: 10, is_empty: 0) 
backwards
(id: 348, initial_bandwith: 10, is_empty: 0)(id: 306, initial_bandwith: 10, is_empty: 0)(id: 325, initial_bandwith: 19, is_empty: 0)(id: 482, initial_bandwith: 3, is_empty: 0)(id: 70, initial_bandwith: 15, is_empty: 0)(id: 327, initial_bandwith: 12, is_empty: 0)(id: 378, initial_bandwith: 9, is_empty: 0)(id: 294, initial_bandwith: 7, is_empty: 0)(id: 119, initial_bandwith: 10, is_empty: 0)(id: 425, initial_bandwith: 9, is_empty: 0)(id: 498, initial_bandwith: 9, is_empty: 0)(id: 27, initial_bandwith: 16, is_empty: 0)(id: 426, initial_bandwith: 6, is_empty: 0)(id: 114, initial_bandwith: 1, is_empty: 0)(id: 185, initial_bandwith: 17, is_empty: 0)

Apartment Name: I, Max Bandwidth: 160
(id: 432, initial_bandwith: 15, is_empty: 0) (id: 92, initial_bandwith: 15, is_empty: 0) (id: 237, initial_bandwith: 38, is_empty: 0) 
backwards
(id: 237, initial_bandwith: 38, is_empty: 0)(id: 92, initial_bandwith: 15, is_empty: 0)(id: 432, initial_bandwith: 15, is_empty: 0)

Apartment Name: X, Max Bandwidth: 160
(id: 358, initial_bandwith: 16, is_empty: 0) (id: 137, initial_bandwith: 26, is_empty: 0) (id: 117, initial_bandwith: 25, is_empty: 0) (id: 408, initial_bandwith: 14, is_empty: 0) (id: 212, initial_bandwith: 20, is_empty: 0) (id: 308, initial_bandwith: 16, is_empty: 0) 
backwards
(id: 308, initial_bandwith: 16, is_empty: 0)(id: 212, initial_bandwith: 20, is_empty: 0)(id: 408, initial_bandwith: 14, is_empty: 0)(id: 117, initial_bandwith: 25, is_empty: 0)(id: 137, initial_bandwith: 26, is_empty: 0)(id: 358, initial_bandwith: 16, is_empty: 0)

Apartment Name: J, Max Bandwidth: 240
(id: 369, initial_bandwith: 37, is_empty: 0) (id: 329, initial_bandwith: 1, is_empty: 0) (id: 12, initial_bandwith: 30, is_empty: 0) (id: 379, initial_bandwith: 21, is_empty: 0) (id: 479, initial_bandwith: 25, is_empty: 0) (id: 297, initial_bandwith: 36, is_empty: 0) 
backwards
(id: 297, initial_bandwith: 36, is_empty: 0)(id: 479, initial_bandwith: 25, is_empty: 0)(id: 379, initial_bandwith: 21, is_empty: 0)(id: 12, initial_bandwith: 30, is_empty: 0)(id: 329, initial_bandwith: 1, is_empty: 0)(id: 369, initial_bandwith: 37, is_empty: 0)

Apartment Name: M, Max Bandwidth: 200
(id: 41, initial_bandwith: 37, is_empty: 0) (id: 331, initial_bandwith: 23, is_empty: 0) (id: 144, initial_bandwith: 19, is_empty: 0) (id: 113, initial_bandwith: 2, is_empty: 0) (id: 16, initial_bandwith: 28, is_empty: 0) 
backwards
(id: 16, initial_bandwith: 28, is_empty: 0)(id: 113, initial_bandwith: 2, is_empty: 0)(id: 144, initial_bandwith: 19, is_empty: 0)(id: 331, initial_bandwith: 23, is_empty: 0)(id: 41, initial_bandwith: 37, is_empty: 0)

Apartment Name: D, Max Bandwidth: 140
(id: 414, initial_bandwith: 1, is_empty: 0) (id: 466, initial_bandwith: 1, is_empty: 0) (id: 301, initial_bandwith: 1, is_empty: 0) (id: 326, initial_bandwith: 4, is_empty: 0) (id: 158, initial_bandwith: 5, is_empty: 0) (id: 394, initial_bandwith: 4, is_empty: 0) (id: 227, initial_bandwith: 6, is_empty: 0) (id: 111, initial_bandwith: 2, is_empty: 0) (id: 309, initial_bandwith: 4, is_empty: 0) (id: 371, initial_bandwith: 5, is_empty: 0) (id: 226, initial_bandwith: 0, is_empty: 0) (id: 343, initial_bandwith: 0, is_empty: 0) (id: 279, initial_bandwith: 3, is_empty: 0) (id: 170, initial_bandwith: 1, is_empty: 0) (id: 362, initial_bandwith: 3, is_empty: 0) (id: 67, initial_bandwith: 3, is_empty: 0) (id: 104, initial_bandwith: 7, is_empty: 0) (id: 243, initial_bandwith: 4, is_empty: 0) (id: 350, initial_bandwith: 7, is_empty: 0) 
backwards
(id: 350, initial_bandwith: 7, is_empty: 0)(id: 243, initial_bandwith: 4, is_empty: 0)(id: 104, initial_bandwith: 7, is_empty: 0)(id: 67, initial_bandwith: 3, is_empty: 0)(id: 362, initial_bandwith: 3, is_empty: 0)(id: 170, initial_bandwith: 1, is_empty: 0)(id: 279, initial_bandwith: 3, is_empty: 0)(id: 343, initial_bandwith: 0, is_empty: 0)(id: 226, initial_bandwith: 0, is_empty: 0)(id: 371, initial_bandwith: 5, is_empty: 0)(id: 309, initial_bandwith: 4, is_empty: 0)(id: 111, initial_bandwith: 2, is_empty: 0)(id: 227, initial_bandwith: 6, is_empty: 0)(id: 394, initial_bandwith: 4, is_empty: 0)(id: 158, initial_bandwith: 5, is_empty: 0)(id: 326, initial_bandwith: 4, is_empty: 0)(id: 301, initial_bandwith: 1, is_empty: 0)(id: 466, initial_bandwith: 1, is_empty: 0)(id: 414, initial_bandwith: 1, is_empty: 0)

Apartment Name: O, Max Bandwidth: 140
(id: 40, initial_bandwith: 5, is_empty: 0) (id: 285, initial_bandwith: 3, is_empty: 0) (id: 403, initial_bandwith: 7, is_empty: 0) (id: 320, initial_bandwith: 2, is_empty: 0) (id: 102, initial_bandwith: 1, is_empty: 0) (id: 186, initial_bandwith: 7, is_empty: 0) (id: 65, initial_bandwith: 4, is_empty: 0) (id: 261, initial_bandwith: 9, is_empty: 0) (id: 278, initial_bandwith: 10, is_empty: 0) (id: 400, initial_bandwith: 0, is_empty: 0) (id: 86, initial_bandwith: 4, is_empty: 0) (id: 454, initial_bandwith: 2, is_empty: 0) (id: 69, initial_bandwith: 9, is_empty: 0) (id: 489, initial_bandwith: 6, is_empty: 0) 
backwards
(id: 489, initial_bandwith: 6, is_empty: 0)(id: 69, initial_bandwith: 9, is_empty: 0)(id: 454, initial_bandwith: 2, is_empty: 0)(id: 86, initial_bandwith: 4, is_empty: 0)(id: 400, initial_bandwith: 0, is_empty: 0)(id: 278, initial_bandwith: 10, is_empty: 0)(id: 261, initial_bandwith: 9, is_empty: 0)(id: 65, initial_bandwith: 4, is_empty: 0)(id: 186, initial_bandwith: 7, is_empty: 0)(id: 102, initial_bandwith: 1, is_empty: 0)(id: 320, initial_bandwith: 2, is_empty: 0)(id: 403, initial_bandwith: 7, is_empty: 0)(id: 285, initial_bandwith: 3, is_empty: 0)(id: 40, initial_bandwith: 5, is_empty: 0)

Apartment Name: R, Max Bandwidth: 140
(id: 105, initial_bandwith: 3, is_empty: 0) (id: 375, initial_bandwith: 5, is_empty: 0) (id: 190, initial_bandwith: 5, is_empty: 0) (id: 202, initial_bandwith: 3, is_empty: 0) (id: 357, initial_bandwith: 8, is_empty: 0) (id: 330, initial_bandwith: 4, is_empty: 0) (id: 194, initial_bandwith: 2, is_empty: 0) (id: 5, initial_bandwith: 0, is_empty: 0) (id: 172, initial_bandwith: 0, is_empty: 0) (id: 435, initial_bandwith: 1, is_empty: 0) (id: 497, initial_bandwith: 5, is_empty: 0) (id: 149, initial_bandwith: 8, is_empty: 0) (id: 19, initial_bandwith: 4, is_empty: 0) (id: 221, initial_bandwith: 0, is_empty: 0) (id: 249, initial_bandwith: 0, is_empty: 0) (id: 300, initial_bandwith: 8, is_empty: 0) (id: 288, initial_bandwith: 4, is_empty: 0) 
backwards
(id: 288, initial_bandwith: 4, is_empty: 0)(id: 300, initial_bandwith: 8, is_empty: 0)(id: 249, initial_bandwith: 0, is_empty: 0)(id: 221, initial_bandwith: 0, is_empty: 0)(id: 19, initial_bandwith: 4, is_empty: 0)(id: 149, initial_bandwith: 8, is_empty: 0)(id: 497, initial_bandwith: 5, is_empty: 0)(id: 435, initial_bandwith: 1, is_empty: 0)(id: 172, initial_bandwith: 0, is_empty: 0)(id: 5, initial_bandwith: 0, is_empty: 0)(id: 194, initial_bandwith: 2, is_empty: 0)(id: 330, initial_bandwith: 4, is_empty: 0)(id: 357, initial_bandwith: 8, is_empty: 0)(id: 202, initial_bandwith: 3, is_empty: 0)(id: 190, initial_bandwith: 5, is_empty: 0)(id: 375, initial_bandwith: 5, is_empty: 0)(id: 105, initial_bandwith: 3, is_empty: 0)

Apartment Name: S, Max Bandwidth: 340
(id: 410, initial_bandwith: 23, is_empty: 0) (id: 445, initial_bandwith: 0, is_empty: 1) (id: 439, initial_bandwith: 25, is_empty: 0) (id: 83, initial_bandwith: 23, is_empty: 0) (id: 494, initial_bandwith: 2, is_empty: 0) (id: 124, initial_bandwith: 24, is_empty: 0) (id: 200, initial_bandwith: 15, is_empty: 0) (id: 146, initial_bandwith: 0, is_empty: 0) (id: 284, initial_bandwith: 24, is_empty: 0) (id: 81, initial_bandwith: 8, is_empty: 0) (id: 289, initial_bandwith: 7, is_empty: 0) 
backwards
(id: 289, initial_bandwith: 7, is_empty: 0)(id: 81, initial_bandwith: 8, is_empty: 0)(id: 284, initial_bandwith: 24, is_empty: 0)(id: 146, initial_bandwith: 0, is_empty: 0)(id: 200, initial_bandwith: 15, is_empty: 0)(id: 124, initial_bandwith: 24, is_empty: 0)(id: 494, initial_bandwith: 2, is_empty: 0)(id: 83, initial_bandwith: 23, is_empty: 0)(id: 439, initial_bandwith: 25, is_empty: 0)(id: 445, initial_bandwith: 0, is_empty: 1)(id: 410, initial_bandwith: 23, is_empty: 0)
