
Apartment Name: S, Max Bandwidth: 120
(id: 259, initial_bandwith: 3, is_empty: 0) (id: 36, initial_bandwith: 13, is_empty: 0) (id: 51, initial_bandwith: 12, is_empty: 0) (id: 345, initial_bandwith: 8, is_empty: 0) (id: 161, initial_bandwith: 9, is_empty: 0) (id: 28, initial_bandwith: 13, is_empty: 0) (id: 47, initial_bandwith: 14, is_empty: 0) (id: 160, initial_bandwith: 6, is_empty: 0) 
backwards
(id: 160, initial_bandwith: 6, is_empty: 0)(id: 47, initial_bandwith: 14, is_empty: 0)(id: 28, initial_bandwith: 13, is_empty: 0)(id: 161, initial_bandwith: 9, is_empty: 0)(id: 345, initial_bandwith: 8, is_empty: 0)(id: 51, initial_bandwith: 12, is_empty: 0)(id: 36, initial_bandwith: 13, is_empty: 0)(id: 259, initial_bandwith: 3, is_empty: 0)

Apartment Name: J, Max Bandwidth: 200
(id: 310, initial_bandwith: 16, is_empty: 0) (id: 320, initial_bandwith: 16, is_empty: 0) (id: 325, initial_bandwith: 19, is_empty: 0) (id: 282, initial_bandwith: 8, is_empty: 0) (id: 246, initial_bandwith: 27, is_empty: 0) (id: 45, initial_bandwith: 5, is_empty: 0) (id: 12, initial_bandwith: 14, is_empty: 0) 
backwards
(id: 12, initial_bandwith: 14, is_empty: 0)(id: 45, initial_bandwith: 5, is_empty: 0)(id: 246, initial_bandwith: 27, is_empty: 0)(id: 282, initial_bandwith: 8, is_empty: 0)(id: 325, initial_bandwith: 19, is_empty: 0)(id: 320, initial_bandwith: 16, is_empty: 0)(id: 310, initial_bandwith: 16, is_empty: 0)

Apartment Name: W, Max Bandwidth: 320
(id: 237, initial_bandwith: 37, is_empty: 0) (id: 276, initial_bandwith: 37, is_empty: 0) (id: 471, initial_bandwith: 21, is_empty: 0) (id: 340, initial_bandwith: 24, is_empty: 0) (id: 124, initial_bandwith: 35, is_empty: 0) (id: 79, initial_bandwith: 35, is_empty: 0) (id: 50, initial_bandwith: 27, is_empty: 0) (id: 275, initial_bandwith: 29, is_empty: 0) 
backwards
(id: 275, initial_bandwith: 29, is_empty: 0)(id: 50, initial_bandwith: 27, is_empty: 0)(id: 79, initial_bandwith: 35, is_empty: 0)(id: 124, initial_bandwith: 35, is_empty: 0)(id: 340, initial_bandwith: 24, is_empty: 0)(id: 471, initial_bandwith: 21, is_empty: 0)(id: 276, initial_bandwith: 37, is_empty: 0)(id: 237, initial_bandwith: 37, is_empty: 0)

Apartment Name: M, Max Bandwidth: 360
(id: 210, initial_bandwith: 13, is_empty: 0) (id: 132, initial_bandwith: 14, is_empty: 0) (id: 297, initial_bandwith: 17, is_empty: 0) (id: 136, initial_bandwith: 2, is_empty: 0) (id: 55, initial_bandwith: 3, is_empty: 0) (id: 363, initial_bandwith: 19, is_empty: 0) (id: 0, initial_bandwith: 3, is_empty: 0) (id: 439, initial_bandwith: 10, is_empty: 0) (id: 2, initial_bandwith: 9, is_empty: 0) (id: 319, initial_bandwith: 17, is_empty: 0) (id: 167, initial_bandwith: 0, is_empty: 0) (id: 196, initial_bandwith: 10, is_empty: 0) (id: 144, initial_bandwith: 6, is_empty: 0) (id: 293, initial_bandwith: 17, is_empty: 0) (id: 406, initial_bandwith: 1, is_empty: 0) (id: 84, initial_bandwith: 2, is_empty: 0) (id: 455, initial_bandwith: 0, is_empty: 0) (id: 479, initial_bandwith: 0, is_empty: 0) 
backwards
(id: 479, initial_bandwith: 0, is_empty: 0)(id: 455, initial_bandwith: 0, is_empty: 0)(id: 84, initial_bandwith: 2, is_empty: 0)(id: 406, initial_bandwith: 1, is_empty: 0)(id: 293, initial_bandwith: 17, is_empty: 0)(id: 144, initial_bandwith: 6, is_empty: 0)(id: 196, initial_bandwith: 10, is_empty: 0)(id: 167, initial_bandwith: 0, is_empty: 0)(id: 319, initial_bandwith: 17, is_empty: 0)(id: 2, initial_bandwith: 9, is_empty: 0)(id: 439, initial_bandwith: 10, is_empty: 0)(id: 0, initial_bandwith: 3, is_empty: 0)(id: 363, initial_bandwith: 19, is_empty: 0)(id: 55, initial_bandwith: 3, is_empty: 0)(id: 136, initial_bandwith: 2, is_empty: 0)(id: 297, initial_bandwith: 17, is_empty: 0)(id: 132, initial_bandwith: 14, is_empty: 0)(id: 210, initial_bandwith: 13, is_empty: 0)

Apartment Name: B, Max Bandwidth: 220
(id: 348, initial_bandwith: 23, is_empty: 0) (id: 225, initial_bandwith: 5, is_empty: 0) (id: 353, initial_bandwith: 0, is_empty: 0) (id: 10, initial_bandwith: 24, is_empty: 0) (id: 202, initial_bandwith: 11, is_empty: 0) (id: 307, initial_bandwith: 26, is_empty: 0) (id: 152, initial_bandwith: 12, is_empty: 0) (id: 445, initial_bandwith: 2, is_empty: 0) 
backwards
(id: 445, initial_bandwith: 2, is_empty: 0)(id: 152, initial_bandwith: 12, is_empty: 0)(id: 307, initial_bandwith: 26, is_empty: 0)(id: 202, initial_bandwith: 11, is_empty: 0)(id: 10, initial_bandwith: 24, is_empty: 0)(id: 353, initial_bandwith: 0, is_empty: 0)(id: 225, initial_bandwith: 5, is_empty: 0)(id: 348, initial_bandwith: 23, is_empty: 0)

Apartment Name: T, Max Bandwidth: 300
(id: 24, initial_bandwith: 0, is_empty: 0) (id: 342, initial_bandwith: 4, is_empty: 0) (id: 400, initial_bandwith: 11, is_empty: 0) (id: 61, initial_bandwith: 14, is_empty: 0) (id: 23, initial_bandwith: 2, is_empty: 0) (id: 289, initial_bandwith: 3, is_empty: 0) (id: 208, initial_bandwith: 10, is_empty: 0) (id: 437, initial_bandwith: 0, is_empty: 0) (id: 191, initial_bandwith: 15, is_empty: 0) (id: 402, initial_bandwith: 14, is_empty: 0) (id: 4, initial_bandwith: 9, is_empty: 0) (id: 91, initial_bandwith: 9, is_empty: 0) (id: 343, initial_bandwith: 8, is_empty: 0) (id: 165, initial_bandwith: 9, is_empty: 0) (id: 272, initial_bandwith: 3, is_empty: 0) (id: 416, initial_bandwith: 7, is_empty: 0) (id: 314, initial_bandwith: 15, is_empty: 0) (id: 204, initial_bandwith: 8, is_empty: 0) (id: 460, initial_bandwith: 1, is_empty: 0) 
backwards
(id: 460, initial_bandwith: 1, is_empty: 0)(id: 204, initial_bandwith: 8, is_empty: 0)(id: 314, initial_bandwith: 15, is_empty: 0)(id: 416, initial_bandwith: 7, is_empty: 0)(id: 272, initial_bandwith: 3, is_empty: 0)(id: 165, initial_bandwith: 9, is_empty: 0)(id: 343, initial_bandwith: 8, is_empty: 0)(id: 91, initial_bandwith: 9, is_empty: 0)(id: 4, initial_bandwith: 9, is_empty: 0)(id: 402, initial_bandwith: 14, is_empty: 0)(id: 191, initial_bandwith: 15, is_empty: 0)(id: 437, initial_bandwith: 0, is_empty: 0)(id: 208, initial_bandwith: 10, is_empty: 0)(id: 289, initial_bandwith: 3, is_empty: 0)(id: 23, initial_bandwith: 2, is_empty: 0)(id: 61, initial_bandwith: 14, is_empty: 0)(id: 400, initial_bandwith: 11, is_empty: 0)(id: 342, initial_bandwith: 4, is_empty: 0)(id: 24, initial_bandwith: 0, is_empty: 0)

Apartment Name: Z, Max Bandwidth: 240
(id: 116, initial_bandwith: 1, is_empty: 0) (id: 21, initial_bandwith: 7, is_empty: 0) (id: 231, initial_bandwith: 6, is_empty: 0) (id: 316, initial_bandwith: 3, is_empty: 0) (id: 44, initial_bandwith: 14, is_empty: 0) (id: 327, initial_bandwith: 8, is_empty: 0) (id: 102, initial_bandwith: 4, is_empty: 0) (id: 130, initial_bandwith: 14, is_empty: 0) (id: 147, initial_bandwith: 9, is_empty: 0) (id: 283, initial_bandwith: 5, is_empty: 0) (id: 170, initial_bandwith: 10, is_empty: 0) (id: 71, initial_bandwith: 12, is_empty: 0) (id: 449, initial_bandwith: 12, is_empty: 0) (id: 457, initial_bandwith: 14, is_empty: 0) (id: 432, initial_bandwith: 5, is_empty: 0) (id: 224, initial_bandwith: 12, is_empty: 0) 
backwards
(id: 224, initial_bandwith: 12, is_empty: 0)(id: 432, initial_bandwith: 5, is_empty: 0)(id: 457, initial_bandwith: 14, is_empty: 0)(id: 449, initial_bandwith: 12, is_empty: 0)(id: 71, initial_bandwith: 12, is_empty: 0)(id: 170, initial_bandwith: 10, is_empty: 0)(id: 283, initial_bandwith: 5, is_empty: 0)(id: 147, initial_bandwith: 9, is_empty: 0)(id: 130, initial_bandwith: 14, is_empty: 0)(id: 102, initial_bandwith: 4, is_empty: 0)(id: 327, initial_bandwith: 8, is_empty: 0)(id: 44, initial_bandwith: 14, is_empty: 0)(id: 316, initial_bandwith: 3, is_empty: 0)(id: 231, initial_bandwith: 6, is_empty: 0)(id: 21, initial_bandwith: 7, is_empty: 0)(id: 116, initial_bandwith: 1, is_empty: 0)

Apartment Name: O, Max Bandwidth: 280
(id: 111, initial_bandwith: 15, is_empty: 0) (id: 85, initial_bandwith: 14, is_empty: 0) (id: 425, initial_bandwith: 2, is_empty: 0) (id: 226, initial_bandwith: 7, is_empty: 0) (id: 233, initial_bandwith: 11, is_empty: 0) (id: 321, initial_bandwith: 13, is_empty: 0) (id: 333, initial_bandwith: 5, is_empty: 0) (id: 280, initial_bandwith: 10, is_empty: 0) (id: 409, initial_bandwith: 7, is_empty: 0) (id: 109, initial_bandwith: 12, is_empty: 0) (id: 19, initial_bandwith: 3, is_empty: 0) (id: 227, initial_bandwith: 7, is_empty: 0) (id: 328, initial_bandwith: 7, is_empty: 0) (id: 90, initial_bandwith: 5, is_empty: 0) (id: 497, initial_bandwith: 9, is_empty: 0) (id: 249, initial_bandwith: 12, is_empty: 0) (id: 360, initial_bandwith: 15, is_empty: 0) (id: 391, initial_bandwith: 3, is_empty: 0) 
backwards
(id: 391, initial_bandwith: 3, is_empty: 0)(id: 360, initial_bandwith: 15, is_empty: 0)(id: 249, initial_bandwith: 12, is_empty: 0)(id: 497, initial_bandwith: 9, is_empty: 0)(id: 90, initial_bandwith: 5, is_empty: 0)(id: 328, initial_bandwith: 7, is_empty: 0)(id: 227, initial_bandwith: 7, is_empty: 0)(id: 19, initial_bandwith: 3, is_empty: 0)(id: 109, initial_bandwith: 12, is_empty: 0)(id: 409, initial_bandwith: 7, is_empty: 0)(id: 280, initial_bandwith: 10, is_empty: 0)(id: 333, initial_bandwith: 5, is_empty: 0)(id: 321, initial_bandwith: 13, is_empty: 0)(id: 233, initial_bandwith: 11, is_empty: 0)(id: 226, initial_bandwith: 7, is_empty: 0)(id: 425, initial_bandwith: 2, is_empty: 0)(id: 85, initial_bandwith: 14, is_empty: 0)(id: 111, initial_bandwith: 15, is_empty: 0)

Apartment Name: H, Max Bandwidth: 300
(id: 247, initial_bandwith: 16, is_empty: 0) (id: 436, initial_bandwith: 0, is_empty: 1) (id: 304, initial_bandwith: 15, is_empty: 0) (id: 279, initial_bandwith: 1, is_empty: 0) (id: 59, initial_bandwith: 2, is_empty: 0) (id: 175, initial_bandwith: 11, is_empty: 0) (id: 458, initial_bandwith: 18, is_empty: 0) (id: 181, initial_bandwith: 10, is_empty: 0) (id: 475, initial_bandwith: 15, is_empty: 0) (id: 7, initial_bandwith: 20, is_empty: 0) (id: 296, initial_bandwith: 16, is_empty: 0) (id: 180, initial_bandwith: 8, is_empty: 0) (id: 184, initial_bandwith: 9, is_empty: 0) (id: 6, initial_bandwith: 11, is_empty: 0) (id: 94, initial_bandwith: 13, is_empty: 0) 
backwards
(id: 94, initial_bandwith: 13, is_empty: 0)(id: 6, initial_bandwith: 11, is_empty: 0)(id: 184, initial_bandwith: 9, is_empty: 0)(id: 180, initial_bandwith: 8, is_empty: 0)(id: 296, initial_bandwith: 16, is_empty: 0)(id: 7, initial_bandwith: 20, is_empty: 0)(id: 475, initial_bandwith: 15, is_empty: 0)(id: 181, initial_bandwith: 10, is_empty: 0)(id: 458, initial_bandwith: 18, is_empty: 0)(id: 175, initial_bandwith: 11, is_empty: 0)(id: 59, initial_bandwith: 2, is_empty: 0)(id: 279, initial_bandwith: 1, is_empty: 0)(id: 304, initial_bandwith: 15, is_empty: 0)(id: 436, initial_bandwith: 0, is_empty: 1)(id: 247, initial_bandwith: 16, is_empty: 0)

Apartment Name: R, Max Bandwidth: 180
(id: 252, initial_bandwith: 3, is_empty: 0) (id: 477, initial_bandwith: 0, is_empty: 0) (id: 206, initial_bandwith: 1, is_empty: 0) (id: 153, initial_bandwith: 9, is_empty: 0) (id: 404, initial_bandwith: 3, is_empty: 0) (id: 251, initial_bandwith: 9, is_empty: 0) (id: 354, initial_bandwith: 1, is_empty: 0) (id: 262, initial_bandwith: 6, is_empty: 0) (id: 405, initial_bandwith: 5, is_empty: 0) (id: 466, initial_bandwith: 7, is_empty: 0) (id: 78, initial_bandwith: 2, is_empty: 0) (id: 178, initial_bandwith: 9, is_empty: 0) (id: 217, initial_bandwith: 4, is_empty: 0) (id: 341, initial_bandwith: 7, is_empty: 0) (id: 17, initial_bandwith: 0, is_empty: 0) (id: 399, initial_bandwith: 4, is_empty: 0) (id: 315, initial_bandwith: 7, is_empty: 0) (id: 287, initial_bandwith: 9, is_empty: 0) (id: 110, initial_bandwith: 3, is_empty: 0) 
backwards
(id: 110, initial_bandwith: 3, is_empty: 0)(id: 287, initial_bandwith: 9, is_empty: 0)(id: 315, initial_bandwith: 7, is_empty: 0)(id: 399, initial_bandwith: 4, is_empty: 0)(id: 17, initial_bandwith: 0, is_empty: 0)(id: 341, initial_bandwith: 7, is_empty: 0)(id: 217, initial_bandwith: 4, is_empty: 0)(id: 178, initial_bandwith: 9, is_empty: 0)(id: 78, initial_bandwith: 2, is_empty: 0)(id: 466, initial_bandwith: 7, is_empty: 0)(id: 405, initial_bandwith: 5, is_empty: 0)(id: 262, initial_bandwith: 6, is_empty: 0)(id: 354, initial_bandwith: 1, is_empty: 0)(id: 251, initial_bandwith: 9, is_empty: 0)(id: 404, initial_bandwith: 3, is_empty: 0)(id: 153, initial_bandwith: 9, is_empty: 0)(id: 206, initial_bandwith: 1, is_empty: 0)(id: 477, initial_bandwith: 0, is_empty: 0)(id: 252, initial_bandwith: 3, is_empty: 0)

Apartment Name: I, Max Bandwidth: 160
(id: 495, initial_bandwith: 5, is_empty: 0) (id: 38, initial_bandwith: 0, is_empty: 0) (id: 465, initial_bandwith: 4, is_empty: 0) (id: 485, initial_bandwith: 5, is_empty: 0) (id: 499, initial_bandwith: 6, is_empty: 0) (id: 118, initial_bandwith: 2, is_empty: 0) (id: 242, initial_bandwith: 5, is_empty: 0) (id: 234, initial_bandwith: 4, is_empty: 0) (id: 176, initial_bandwith: 6, is_empty: 0) (id: 355, initial_bandwith: 1, is_empty: 0) (id: 323, initial_bandwith: 0, is_empty: 0) (id: 245, initial_bandwith: 8, is_empty: 0) (id: 401, initial_bandwith: 6, is_empty: 0) (id: 73, initial_bandwith: 8, is_empty: 0) (id: 452, initial_bandwith: 3, is_empty: 0) (id: 374, initial_bandwith: 5, is_empty: 0) (id: 260, initial_bandwith: 8, is_empty: 0) (id: 93, initial_bandwith: 4, is_empty: 0) 
backwards
(id: 93, initial_bandwith: 4, is_empty: 0)(id: 260, initial_bandwith: 8, is_empty: 0)(id: 374, initial_bandwith: 5, is_empty: 0)(id: 452, initial_bandwith: 3, is_empty: 0)(id: 73, initial_bandwith: 8, is_empty: 0)(id: 401, initial_bandwith: 6, is_empty: 0)(id: 245, initial_bandwith: 8, is_empty: 0)(id: 323, initial_bandwith: 0, is_empty: 0)(id: 355, initial_bandwith: 1, is_empty: 0)(id: 176, initial_bandwith: 6, is_empty: 0)(id: 234, initial_bandwith: 4, is_empty: 0)(id: 242, initial_bandwith: 5, is_empty: 0)(id: 118, initial_bandwith: 2, is_empty: 0)(id: 499, initial_bandwith: 6, is_empty: 0)(id: 485, initial_bandwith: 5, is_empty: 0)(id: 465, initial_bandwith: 4, is_empty: 0)(id: 38, initial_bandwith: 0, is_empty: 0)(id: 495, initial_bandwith: 5, is_empty: 0)

Apartment Name: K, Max Bandwidth: 100
(id: 494, initial_bandwith: 1, is_empty: 0) (id: 397, initial_bandwith: 2, is_empty: 0) (id: 126, initial_bandwith: 9, is_empty: 0) (id: 197, initial_bandwith: 5, is_empty: 0) (id: 113, initial_bandwith: 11, is_empty: 0) (id: 490, initial_bandwith: 3, is_empty: 0) (id: 322, initial_bandwith: 11, is_empty: 0) (id: 469, initial_bandwith: 0, is_empty: 0) 
backwards
(id: 469, initial_bandwith: 0, is_empty: 0)(id: 322, initial_bandwith: 11, is_empty: 0)(id: 490, initial_bandwith: 3, is_empty: 0)(id: 113, initial_bandwith: 11, is_empty: 0)(id: 197, initial_bandwith: 5, is_empty: 0)(id: 126, initial_bandwith: 9, is_empty: 0)(id: 397, initial_bandwith: 2, is_empty: 0)(id: 494, initial_bandwith: 1, is_empty: 0)

Apartment Name: L, Max Bandwidth: 120
(id: 117, initial_bandwith: 0, is_empty: 0) (id: 368, initial_bandwith: 5, is_empty: 0) (id: 396, initial_bandwith: 1, is_empty: 0) (id: 377, initial_bandwith: 5, is_empty: 0) (id: 168, initial_bandwith: 3, is_empty: 0) (id: 66, initial_bandwith: 0, is_empty: 0) (id: 13, initial_bandwith: 7, is_empty: 0) (id: 493, initial_bandwith: 4, is_empty: 0) (id: 214, initial_bandwith: 5, is_empty: 0) (id: 163, initial_bandwith: 0, is_empty: 0) (id: 207, initial_bandwith: 4, is_empty: 0) (id: 229, initial_bandwith: 0, is_empty: 0) (id: 268, initial_bandwith: 6, is_empty: 0) (id: 411, initial_bandwith: 6, is_empty: 0) (id: 60, initial_bandwith: 0, is_empty: 0) (id: 295, initial_bandwith: 4, is_empty: 0) (id: 83, initial_bandwith: 2, is_empty: 0) 
backwards
(id: 83, initial_bandwith: 2, is_empty: 0)(id: 295, initial_bandwith: 4, is_empty: 0)(id: 60, initial_bandwith: 0, is_empty: 0)(id: 411, initial_bandwith: 6, is_empty: 0)(id: 268, initial_bandwith: 6, is_empty: 0)(id: 229, initial_bandwith: 0, is_empty: 0)(id: 207, initial_bandwith: 4, is_empty: 0)(id: 163, initial_bandwith: 0, is_empty: 0)(id: 214, initial_bandwith: 5, is_empty: 0)(id: 493, initial_bandwith: 4, is_empty: 0)(id: 13, initial_bandwith: 7, is_empty: 0)(id: 66, initial_bandwith: 0, is_empty: 0)(id: 168, initial_bandwith: 3, is_empty: 0)(id: 377, initial_bandwith: 5, is_empty: 0)(id: 396, initial_bandwith: 1, is_empty: 0)(id: 368, initial_bandwith: 5, is_empty: 0)(id: 117, initial_bandwith: 0, is_empty: 0)

Apartment Name: E, Max Bandwidth: 380
(id: 266, initial_bandwith: 17, is_empty: 0) (id: 415, initial_bandwith: 2, is_empty: 0) (id: 151, initial_bandwith: 2, is_empty: 0) (id: 427, initial_bandwith: 16, is_empty: 0) (id: 179, initial_bandwith: 21, is_empty: 0) (id: 480, initial_bandwith: 15, is_empty: 0) (id: 67, initial_bandwith: 14, is_empty: 0) (id: 37, initial_bandwith: 7, is_empty: 0) (id: 473, initial_bandwith: 2, is_empty: 0) (id: 424, initial_bandwith: 3, is_empty: 0) (id: 388, initial_bandwith: 10, is_empty: 0) (id: 308, initial_bandwith: 5, is_empty: 0) (id: 357, initial_bandwith: 4, is_empty: 0) (id: 56, initial_bandwith: 2, is_empty: 0) (id: 183, initial_bandwith: 15, is_empty: 0) (id: 431, initial_bandwith: 5, is_empty: 0) (id: 162, initial_bandwith: 19, is_empty: 0) (id: 87, initial_bandwith: 10, is_empty: 0) 
backwards
(id: 87, initial_bandwith: 10, is_empty: 0)(id: 162, initial_bandwith: 19, is_empty: 0)(id: 431, initial_bandwith: 5, is_empty: 0)(id: 183, initial_bandwith: 15, is_empty: 0)(id: 56, initial_bandwith: 2, is_empty: 0)(id: 357, initial_bandwith: 4, is_empty: 0)(id: 308, initial_bandwith: 5, is_empty: 0)(id: 388, initial_bandwith: 10, is_empty: 0)(id: 424, initial_bandwith: 3, is_empty: 0)(id: 473, initial_bandwith: 2, is_empty: 0)(id: 37, initial_bandwith: 7, is_empty: 0)(id: 67, initial_bandwith: 14, is_empty: 0)(id: 480, initial_bandwith: 15, is_empty: 0)(id: 179, initial_bandwith: 21, is_empty: 0)(id: 427, initial_bandwith: 16, is_empty: 0)(id: 151, initial_bandwith: 2, is_empty: 0)(id: 415, initial_bandwith: 2, is_empty: 0)(id: 266, initial_bandwith: 17, is_empty: 0)

Apartment Name: C, Max Bandwidth: 360
(id: 131, initial_bandwith: 49, is_empty: 0) (id: 350, initial_bandwith: 29, is_empty: 0) (id: 267, initial_bandwith: 23, is_empty: 0) (id: 269, initial_bandwith: 11, is_empty: 0) (id: 326, initial_bandwith: 66, is_empty: 0) 
backwards
(id: 326, initial_bandwith: 66, is_empty: 0)(id: 269, initial_bandwith: 11, is_empty: 0)(id: 267, initial_bandwith: 23, is_empty: 0)(id: 350, initial_bandwith: 29, is_empty: 0)(id: 131, initial_bandwith: 49, is_empty: 0)
