
Apartment Name: H, Max Bandwidth: 320
(id: 274, initial_bandwith: 13, is_empty: 0) (id: 483, initial_bandwith: 3, is_empty: 0) (id: 462, initial_bandwith: 2, is_empty: 0) (id: 98, initial_bandwith: 5, is_empty: 0) (id: 439, initial_bandwith: 11, is_empty: 0) (id: 165, initial_bandwith: 9, is_empty: 0) (id: 148, initial_bandwith: 1, is_empty: 0) (id: 105, initial_bandwith: 2, is_empty: 0) (id: 144, initial_bandwith: 9, is_empty: 0) (id: 385, initial_bandwith: 16, is_empty: 0) (id: 10, initial_bandwith: 14, is_empty: 0) (id: 447, initial_bandwith: 16, is_empty: 0) (id: 26, initial_bandwith: 3, is_empty: 0) (id: 467, initial_bandwith: 3, is_empty: 0) (id: 201, initial_bandwith: 16, is_empty: 0) (id: 424, initial_bandwith: 15, is_empty: 0) (id: 336, initial_bandwith: 12, is_empty: 0) 
backwards
(id: 336, initial_bandwith: 12, is_empty: 0)(id: 424, initial_bandwith: 15, is_empty: 0)(id: 201, initial_bandwith: 16, is_empty: 0)(id: 467, initial_bandwith: 3, is_empty: 0)(id: 26, initial_bandwith: 3, is_empty: 0)(id: 447, initial_bandwith: 16, is_empty: 0)(id: 10, initial_bandwith: 14, is_empty: 0)(id: 385, initial_bandwith: 16, is_empty: 0)(id: 144, initial_bandwith: 9, is_empty: 0)(id: 105, initial_bandwith: 2, is_empty: 0)(id: 148, initial_bandwith: 1, is_empty: 0)(id: 165, initial_bandwith: 9, is_empty: 0)(id: 439, initial_bandwith: 11, is_empty: 0)(id: 98, initial_bandwith: 5, is_empty: 0)(id: 462, initial_bandwith: 2, is_empty: 0)(id: 483, initial_bandwith: 3, is_empty: 0)(id: 274, initial_bandwith: 13, is_empty: 0)

Apartment Name: W, Max Bandwidth: 240
(id: 158, initial_bandwith: 29, is_empty: 0) (id: 242, initial_bandwith: 27, is_empty: 0) (id: 43, initial_bandwith: 14, is_empty: 0) (id: 24, initial_bandwith: 26, is_empty: 0) (id: 341, initial_bandwith: 10, is_empty: 0) (id: 446, initial_bandwith: 24, is_empty: 0) (id: 36, initial_bandwith: 31, is_empty: 0) 
backwards
(id: 36, initial_bandwith: 31, is_empty: 0)(id: 446, initial_bandwith: 24, is_empty: 0)(id: 341, initial_bandwith: 10, is_empty: 0)(id: 24, initial_bandwith: 26, is_empty: 0)(id: 43, initial_bandwith: 14, is_empty: 0)(id: 242, initial_bandwith: 27, is_empty: 0)(id: 158, initial_bandwith: 29, is_empty: 0)

Apartment Name: E, Max Bandwidth: 340
(id: 8, initial_bandwith: 8, is_empty: 0) (id: 6, initial_bandwith: 4, is_empty: 0) (id: 133, initial_bandwith: 7, is_empty: 0) (id: 121, initial_bandwith: 10, is_empty: 0) (id: 328, initial_bandwith: 19, is_empty: 0) (id: 60, initial_bandwith: 7, is_empty: 0) (id: 103, initial_bandwith: 15, is_empty: 0) (id: 496, initial_bandwith: 15, is_empty: 0) (id: 485, initial_bandwith: 26, is_empty: 0) (id: 361, initial_bandwith: 26, is_empty: 0) (id: 497, initial_bandwith: 3, is_empty: 0) (id: 76, initial_bandwith: 9, is_empty: 0) (id: 20, initial_bandwith: 16, is_empty: 0) 
backwards
(id: 20, initial_bandwith: 16, is_empty: 0)(id: 76, initial_bandwith: 9, is_empty: 0)(id: 497, initial_bandwith: 3, is_empty: 0)(id: 361, initial_bandwith: 26, is_empty: 0)(id: 485, initial_bandwith: 26, is_empty: 0)(id: 496, initial_bandwith: 15, is_empty: 0)(id: 103, initial_bandwith: 15, is_empty: 0)(id: 60, initial_bandwith: 7, is_empty: 0)(id: 328, initial_bandwith: 19, is_empty: 0)(id: 121, initial_bandwith: 10, is_empty: 0)(id: 133, initial_bandwith: 7, is_empty: 0)(id: 6, initial_bandwith: 4, is_empty: 0)(id: 8, initial_bandwith: 8, is_empty: 0)

Apartment Name: M, Max Bandwidth: 100
(id: 299, initial_bandwith: 1, is_empty: 0) (id: 160, initial_bandwith: 2, is_empty: 0) (id: 487, initial_bandwith: 7, is_empty: 0) (id: 444, initial_bandwith: 12, is_empty: 0) (id: 47, initial_bandwith: 7, is_empty: 0) (id: 235, initial_bandwith: 3, is_empty: 0) (id: 4, initial_bandwith: 9, is_empty: 0) (id: 156, initial_bandwith: 8, is_empty: 0) 
backwards
(id: 156, initial_bandwith: 8, is_empty: 0)(id: 4, initial_bandwith: 9, is_empty: 0)(id: 235, initial_bandwith: 3, is_empty: 0)(id: 47, initial_bandwith: 7, is_empty: 0)(id: 444, initial_bandwith: 12, is_empty: 0)(id: 487, initial_bandwith: 7, is_empty: 0)(id: 160, initial_bandwith: 2, is_empty: 0)(id: 299, initial_bandwith: 1, is_empty: 0)

Apartment Name: S, Max Bandwidth: 380
(id: 56, initial_bandwith: 17, is_empty: 0) (id: 495, initial_bandwith: 17, is_empty: 0) (id: 118, initial_bandwith: 0, is_empty: 0) (id: 25, initial_bandwith: 16, is_empty: 0) (id: 213, initial_bandwith: 14, is_empty: 0) (id: 44, initial_bandwith: 3, is_empty: 0) (id: 348, initial_bandwith: 17, is_empty: 0) (id: 471, initial_bandwith: 14, is_empty: 0) (id: 92, initial_bandwith: 14, is_empty: 0) (id: 69, initial_bandwith: 3, is_empty: 0) (id: 309, initial_bandwith: 0, is_empty: 0) (id: 49, initial_bandwith: 21, is_empty: 0) (id: 396, initial_bandwith: 14, is_empty: 0) (id: 153, initial_bandwith: 4, is_empty: 0) (id: 125, initial_bandwith: 18, is_empty: 0) (id: 350, initial_bandwith: 0, is_empty: 1) (id: 270, initial_bandwith: 2, is_empty: 0) (id: 173, initial_bandwith: 12, is_empty: 0) 
backwards
(id: 173, initial_bandwith: 12, is_empty: 0)(id: 270, initial_bandwith: 2, is_empty: 0)(id: 350, initial_bandwith: 0, is_empty: 1)(id: 125, initial_bandwith: 18, is_empty: 0)(id: 153, initial_bandwith: 4, is_empty: 0)(id: 396, initial_bandwith: 14, is_empty: 0)(id: 49, initial_bandwith: 21, is_empty: 0)(id: 309, initial_bandwith: 0, is_empty: 0)(id: 69, initial_bandwith: 3, is_empty: 0)(id: 92, initial_bandwith: 14, is_empty: 0)(id: 471, initial_bandwith: 14, is_empty: 0)(id: 348, initial_bandwith: 17, is_empty: 0)(id: 44, initial_bandwith: 3, is_empty: 0)(id: 213, initial_bandwith: 14, is_empty: 0)(id: 25, initial_bandwith: 16, is_empty: 0)(id: 118, initial_bandwith: 0, is_empty: 0)(id: 495, initial_bandwith: 17, is_empty: 0)(id: 56, initial_bandwith: 17, is_empty: 0)

Apartment Name: O, Max Bandwidth: 160
(id: 136, initial_bandwith: 10, is_empty: 0) (id: 429, initial_bandwith: 0, is_empty: 0) (id: 486, initial_bandwith: 7, is_empty: 0) (id: 315, initial_bandwith: 5, is_empty: 0) (id: 369, initial_bandwith: 8, is_empty: 0) (id: 324, initial_bandwith: 2, is_empty: 0) (id: 5, initial_bandwith: 4, is_empty: 0) (id: 465, initial_bandwith: 5, is_empty: 0) (id: 143, initial_bandwith: 8, is_empty: 0) (id: 13, initial_bandwith: 4, is_empty: 0) (id: 79, initial_bandwith: 10, is_empty: 0) (id: 427, initial_bandwith: 2, is_empty: 0) (id: 411, initial_bandwith: 0, is_empty: 0) (id: 448, initial_bandwith: 5, is_empty: 0) (id: 100, initial_bandwith: 8, is_empty: 0) 
backwards
(id: 100, initial_bandwith: 8, is_empty: 0)(id: 448, initial_bandwith: 5, is_empty: 0)(id: 411, initial_bandwith: 0, is_empty: 0)(id: 427, initial_bandwith: 2, is_empty: 0)(id: 79, initial_bandwith: 10, is_empty: 0)(id: 13, initial_bandwith: 4, is_empty: 0)(id: 143, initial_bandwith: 8, is_empty: 0)(id: 465, initial_bandwith: 5, is_empty: 0)(id: 5, initial_bandwith: 4, is_empty: 0)(id: 324, initial_bandwith: 2, is_empty: 0)(id: 369, initial_bandwith: 8, is_empty: 0)(id: 315, initial_bandwith: 5, is_empty: 0)(id: 486, initial_bandwith: 7, is_empty: 0)(id: 429, initial_bandwith: 0, is_empty: 0)(id: 136, initial_bandwith: 10, is_empty: 0)

Apartment Name: I, Max Bandwidth: 360
(id: 475, initial_bandwith: 9, is_empty: 0) (id: 230, initial_bandwith: 10, is_empty: 0) (id: 154, initial_bandwith: 10, is_empty: 0) (id: 445, initial_bandwith: 20, is_empty: 0) (id: 434, initial_bandwith: 4, is_empty: 0) (id: 498, initial_bandwith: 8, is_empty: 0) (id: 231, initial_bandwith: 5, is_empty: 0) (id: 301, initial_bandwith: 4, is_empty: 0) (id: 317, initial_bandwith: 7, is_empty: 0) (id: 229, initial_bandwith: 10, is_empty: 0) (id: 198, initial_bandwith: 11, is_empty: 0) (id: 279, initial_bandwith: 4, is_empty: 0) (id: 202, initial_bandwith: 1, is_empty: 0) (id: 12, initial_bandwith: 11, is_empty: 0) (id: 101, initial_bandwith: 8, is_empty: 0) (id: 0, initial_bandwith: 3, is_empty: 0) (id: 228, initial_bandwith: 7, is_empty: 0) (id: 430, initial_bandwith: 19, is_empty: 0) 
backwards
(id: 430, initial_bandwith: 19, is_empty: 0)(id: 228, initial_bandwith: 7, is_empty: 0)(id: 0, initial_bandwith: 3, is_empty: 0)(id: 101, initial_bandwith: 8, is_empty: 0)(id: 12, initial_bandwith: 11, is_empty: 0)(id: 202, initial_bandwith: 1, is_empty: 0)(id: 279, initial_bandwith: 4, is_empty: 0)(id: 198, initial_bandwith: 11, is_empty: 0)(id: 229, initial_bandwith: 10, is_empty: 0)(id: 317, initial_bandwith: 7, is_empty: 0)(id: 301, initial_bandwith: 4, is_empty: 0)(id: 231, initial_bandwith: 5, is_empty: 0)(id: 498, initial_bandwith: 8, is_empty: 0)(id: 434, initial_bandwith: 4, is_empty: 0)(id: 445, initial_bandwith: 20, is_empty: 0)(id: 154, initial_bandwith: 10, is_empty: 0)(id: 230, initial_bandwith: 10, is_empty: 0)(id: 475, initial_bandwith: 9, is_empty: 0)

Apartment Name: Y, Max Bandwidth: 280
(id: 21, initial_bandwith: 27, is_empty: 0) (id: 59, initial_bandwith: 16, is_empty: 0) (id: 207, initial_bandwith: 28, is_empty: 0) (id: 458, initial_bandwith: 5, is_empty: 0) (id: 413, initial_bandwith: 24, is_empty: 0) (id: 456, initial_bandwith: 33, is_empty: 0) (id: 216, initial_bandwith: 11, is_empty: 0) (id: 151, initial_bandwith: 24, is_empty: 0) 
backwards
(id: 151, initial_bandwith: 24, is_empty: 0)(id: 216, initial_bandwith: 11, is_empty: 0)(id: 456, initial_bandwith: 33, is_empty: 0)(id: 413, initial_bandwith: 24, is_empty: 0)(id: 458, initial_bandwith: 5, is_empty: 0)(id: 207, initial_bandwith: 28, is_empty: 0)(id: 59, initial_bandwith: 16, is_empty: 0)(id: 21, initial_bandwith: 27, is_empty: 0)

Apartment Name: K, Max Bandwidth: 240
(id: 332, initial_bandwith: 7, is_empty: 0) (id: 141, initial_bandwith: 6, is_empty: 0) (id: 233, initial_bandwith: 13, is_empty: 0) (id: 373, initial_bandwith: 3, is_empty: 0) (id: 182, initial_bandwith: 9, is_empty: 0) (id: 206, initial_bandwith: 6, is_empty: 0) (id: 370, initial_bandwith: 13, is_empty: 0) (id: 35, initial_bandwith: 19, is_empty: 0) (id: 386, initial_bandwith: 11, is_empty: 0) (id: 218, initial_bandwith: 15, is_empty: 0) (id: 244, initial_bandwith: 13, is_empty: 0) (id: 414, initial_bandwith: 15, is_empty: 0) 
backwards
(id: 414, initial_bandwith: 15, is_empty: 0)(id: 244, initial_bandwith: 13, is_empty: 0)(id: 218, initial_bandwith: 15, is_empty: 0)(id: 386, initial_bandwith: 11, is_empty: 0)(id: 35, initial_bandwith: 19, is_empty: 0)(id: 370, initial_bandwith: 13, is_empty: 0)(id: 206, initial_bandwith: 6, is_empty: 0)(id: 182, initial_bandwith: 9, is_empty: 0)(id: 373, initial_bandwith: 3, is_empty: 0)(id: 233, initial_bandwith: 13, is_empty: 0)(id: 141, initial_bandwith: 6, is_empty: 0)(id: 332, initial_bandwith: 7, is_empty: 0)

Apartment Name: C, Max Bandwidth: 120
(id: 366, initial_bandwith: 22, is_empty: 0) (id: 50, initial_bandwith: 21, is_empty: 0) (id: 191, initial_bandwith: 19, is_empty: 0) (id: 211, initial_bandwith: 24, is_empty: 0) (id: 340, initial_bandwith: 0, is_empty: 0) 
backwards
(id: 340, initial_bandwith: 0, is_empty: 0)(id: 211, initial_bandwith: 24, is_empty: 0)(id: 191, initial_bandwith: 19, is_empty: 0)(id: 50, initial_bandwith: 21, is_empty: 0)(id: 366, initial_bandwith: 22, is_empty: 0)

Apartment Name: N, Max Bandwidth: 240
(id: 379, initial_bandwith: 11, is_empty: 0) (id: 193, initial_bandwith: 1, is_empty: 0) (id: 319, initial_bandwith: 12, is_empty: 0) (id: 152, initial_bandwith: 9, is_empty: 0) (id: 210, initial_bandwith: 26, is_empty: 0) (id: 52, initial_bandwith: 26, is_empty: 0) (id: 217, initial_bandwith: 8, is_empty: 0) (id: 180, initial_bandwith: 8, is_empty: 0) (id: 406, initial_bandwith: 20, is_empty: 0) 
backwards
(id: 406, initial_bandwith: 20, is_empty: 0)(id: 180, initial_bandwith: 8, is_empty: 0)(id: 217, initial_bandwith: 8, is_empty: 0)(id: 52, initial_bandwith: 26, is_empty: 0)(id: 210, initial_bandwith: 26, is_empty: 0)(id: 152, initial_bandwith: 9, is_empty: 0)(id: 319, initial_bandwith: 12, is_empty: 0)(id: 193, initial_bandwith: 1, is_empty: 0)(id: 379, initial_bandwith: 11, is_empty: 0)

Apartment Name: U, Max Bandwidth: 380
(id: 32, initial_bandwith: 10, is_empty: 0) (id: 480, initial_bandwith: 52, is_empty: 0) (id: 236, initial_bandwith: 61, is_empty: 0) 
backwards
(id: 236, initial_bandwith: 61, is_empty: 0)(id: 480, initial_bandwith: 52, is_empty: 0)(id: 32, initial_bandwith: 10, is_empty: 0)

Apartment Name: X, Max Bandwidth: 240
(id: 371, initial_bandwith: 5, is_empty: 0) (id: 237, initial_bandwith: 2, is_empty: 0) (id: 99, initial_bandwith: 3, is_empty: 0) (id: 226, initial_bandwith: 4, is_empty: 0) (id: 66, initial_bandwith: 9, is_empty: 0) (id: 239, initial_bandwith: 11, is_empty: 0) (id: 353, initial_bandwith: 2, is_empty: 0) (id: 258, initial_bandwith: 7, is_empty: 0) (id: 390, initial_bandwith: 11, is_empty: 0) (id: 134, initial_bandwith: 0, is_empty: 0) (id: 316, initial_bandwith: 13, is_empty: 0) (id: 260, initial_bandwith: 8, is_empty: 0) (id: 320, initial_bandwith: 5, is_empty: 0) (id: 410, initial_bandwith: 10, is_empty: 0) (id: 14, initial_bandwith: 3, is_empty: 0) (id: 129, initial_bandwith: 12, is_empty: 0) (id: 451, initial_bandwith: 12, is_empty: 0) (id: 245, initial_bandwith: 13, is_empty: 0) 
backwards
(id: 245, initial_bandwith: 13, is_empty: 0)(id: 451, initial_bandwith: 12, is_empty: 0)(id: 129, initial_bandwith: 12, is_empty: 0)(id: 14, initial_bandwith: 3, is_empty: 0)(id: 410, initial_bandwith: 10, is_empty: 0)(id: 320, initial_bandwith: 5, is_empty: 0)(id: 260, initial_bandwith: 8, is_empty: 0)(id: 316, initial_bandwith: 13, is_empty: 0)(id: 134, initial_bandwith: 0, is_empty: 0)(id: 390, initial_bandwith: 11, is_empty: 0)(id: 258, initial_bandwith: 7, is_empty: 0)(id: 353, initial_bandwith: 2, is_empty: 0)(id: 239, initial_bandwith: 11, is_empty: 0)(id: 66, initial_bandwith: 9, is_empty: 0)(id: 226, initial_bandwith: 4, is_empty: 0)(id: 99, initial_bandwith: 3, is_empty: 0)(id: 237, initial_bandwith: 2, is_empty: 0)(id: 371, initial_bandwith: 5, is_empty: 0)

Apartment Name: T, Max Bandwidth: 220
(id: 63, initial_bandwith: 7, is_empty: 0) (id: 404, initial_bandwith: 17, is_empty: 0) (id: 175, initial_bandwith: 36, is_empty: 0) (id: 325, initial_bandwith: 4, is_empty: 0) (id: 112, initial_bandwith: 37, is_empty: 0) 
backwards
(id: 112, initial_bandwith: 37, is_empty: 0)(id: 325, initial_bandwith: 4, is_empty: 0)(id: 175, initial_bandwith: 36, is_empty: 0)(id: 404, initial_bandwith: 17, is_empty: 0)(id: 63, initial_bandwith: 7, is_empty: 0)
