
Apartment Name: I, Max Bandwidth: 180
(id: 365, initial_bandwith: 5, is_empty: 0) (id: 82, initial_bandwith: 9, is_empty: 0) (id: 38, initial_bandwith: 1, is_empty: 0) (id: 248, initial_bandwith: 6, is_empty: 0) (id: 430, initial_bandwith: 9, is_empty: 0) (id: 299, initial_bandwith: 8, is_empty: 0) (id: 223, initial_bandwith: 7, is_empty: 0) (id: 480, initial_bandwith: 2, is_empty: 0) (id: 107, initial_bandwith: 9, is_empty: 0) (id: 197, initial_bandwith: 7, is_empty: 0) (id: 103, initial_bandwith: 5, is_empty: 0) (id: 140, initial_bandwith: 2, is_empty: 0) (id: 119, initial_bandwith: 7, is_empty: 0) (id: 163, initial_bandwith: 8, is_empty: 0) (id: 275, initial_bandwith: 4, is_empty: 0) (id: 183, initial_bandwith: 1, is_empty: 0) (id: 352, initial_bandwith: 3, is_empty: 0) 
backwards
(id: 352, initial_bandwith: 3, is_empty: 0)(id: 183, initial_bandwith: 1, is_empty: 0)(id: 275, initial_bandwith: 4, is_empty: 0)(id: 163, initial_bandwith: 8, is_empty: 0)(id: 119, initial_bandwith: 7, is_empty: 0)(id: 140, initial_bandwith: 2, is_empty: 0)(id: 103, initial_bandwith: 5, is_empty: 0)(id: 197, initial_bandwith: 7, is_empty: 0)(id: 107, initial_bandwith: 9, is_empty: 0)(id: 480, initial_bandwith: 2, is_empty: 0)(id: 223, initial_bandwith: 7, is_empty: 0)(id: 299, initial_bandwith: 8, is_empty: 0)(id: 430, initial_bandwith: 9, is_empty: 0)(id: 248, initial_bandwith: 6, is_empty: 0)(id: 38, initial_bandwith: 1, is_empty: 0)(id: 82, initial_bandwith: 9, is_empty: 0)(id: 365, initial_bandwith: 5, is_empty: 0)

Apartment Name: J, Max Bandwidth: 140
(id: 31, initial_bandwith: 4, is_empty: 0) (id: 68, initial_bandwith: 1, is_empty: 0) (id: 367, initial_bandwith: 9, is_empty: 0) (id: 171, initial_bandwith: 8, is_empty: 0) (id: 200, initial_bandwith: 10, is_empty: 0) (id: 392, initial_bandwith: 1, is_empty: 0) (id: 62, initial_bandwith: 10, is_empty: 0) (id: 170, initial_bandwith: 6, is_empty: 0) (id: 368, initial_bandwith: 2, is_empty: 0) (id: 189, initial_bandwith: 11, is_empty: 0) (id: 11, initial_bandwith: 1, is_empty: 0) (id: 204, initial_bandwith: 8, is_empty: 0) 
backwards
(id: 204, initial_bandwith: 8, is_empty: 0)(id: 11, initial_bandwith: 1, is_empty: 0)(id: 189, initial_bandwith: 11, is_empty: 0)(id: 368, initial_bandwith: 2, is_empty: 0)(id: 170, initial_bandwith: 6, is_empty: 0)(id: 62, initial_bandwith: 10, is_empty: 0)(id: 392, initial_bandwith: 1, is_empty: 0)(id: 200, initial_bandwith: 10, is_empty: 0)(id: 171, initial_bandwith: 8, is_empty: 0)(id: 367, initial_bandwith: 9, is_empty: 0)(id: 68, initial_bandwith: 1, is_empty: 0)(id: 31, initial_bandwith: 4, is_empty: 0)

Apartment Name: G, Max Bandwidth: 260
(id: 40, initial_bandwith: 0, is_empty: 0) (id: 274, initial_bandwith: 9, is_empty: 0) (id: 422, initial_bandwith: 10, is_empty: 0) (id: 376, initial_bandwith: 19, is_empty: 0) (id: 323, initial_bandwith: 0, is_empty: 0) (id: 126, initial_bandwith: 2, is_empty: 0) (id: 7, initial_bandwith: 14, is_empty: 0) (id: 277, initial_bandwith: 12, is_empty: 0) (id: 166, initial_bandwith: 5, is_empty: 0) (id: 264, initial_bandwith: 5, is_empty: 0) (id: 259, initial_bandwith: 17, is_empty: 0) (id: 232, initial_bandwith: 14, is_empty: 0) (id: 241, initial_bandwith: 0, is_empty: 0) 
backwards
(id: 241, initial_bandwith: 0, is_empty: 0)(id: 232, initial_bandwith: 14, is_empty: 0)(id: 259, initial_bandwith: 17, is_empty: 0)(id: 264, initial_bandwith: 5, is_empty: 0)(id: 166, initial_bandwith: 5, is_empty: 0)(id: 277, initial_bandwith: 12, is_empty: 0)(id: 7, initial_bandwith: 14, is_empty: 0)(id: 126, initial_bandwith: 2, is_empty: 0)(id: 323, initial_bandwith: 0, is_empty: 0)(id: 376, initial_bandwith: 19, is_empty: 0)(id: 422, initial_bandwith: 10, is_empty: 0)(id: 274, initial_bandwith: 9, is_empty: 0)(id: 40, initial_bandwith: 0, is_empty: 0)

Apartment Name: V, Max Bandwidth: 120
(id: 379, initial_bandwith: 8, is_empty: 0) (id: 127, initial_bandwith: 2, is_empty: 0) (id: 260, initial_bandwith: 1, is_empty: 0) (id: 174, initial_bandwith: 5, is_empty: 0) (id: 494, initial_bandwith: 0, is_empty: 0) (id: 33, initial_bandwith: 0, is_empty: 0) (id: 5, initial_bandwith: 14, is_empty: 0) (id: 456, initial_bandwith: 15, is_empty: 0) 
backwards
(id: 456, initial_bandwith: 15, is_empty: 0)(id: 5, initial_bandwith: 14, is_empty: 0)(id: 33, initial_bandwith: 0, is_empty: 0)(id: 494, initial_bandwith: 0, is_empty: 0)(id: 174, initial_bandwith: 5, is_empty: 0)(id: 260, initial_bandwith: 1, is_empty: 0)(id: 127, initial_bandwith: 2, is_empty: 0)(id: 379, initial_bandwith: 8, is_empty: 0)

Apartment Name: O, Max Bandwidth: 260
(id: 142, initial_bandwith: 18, is_empty: 0) (id: 240, initial_bandwith: 36, is_empty: 0) (id: 250, initial_bandwith: 25, is_empty: 0) (id: 412, initial_bandwith: 4, is_empty: 0) (id: 471, initial_bandwith: 33, is_empty: 0) (id: 184, initial_bandwith: 35, is_empty: 0) (id: 293, initial_bandwith: 11, is_empty: 0) 
backwards
(id: 293, initial_bandwith: 11, is_empty: 0)(id: 184, initial_bandwith: 35, is_empty: 0)(id: 471, initial_bandwith: 33, is_empty: 0)(id: 412, initial_bandwith: 4, is_empty: 0)(id: 250, initial_bandwith: 25, is_empty: 0)(id: 240, initial_bandwith: 36, is_empty: 0)(id: 142, initial_bandwith: 18, is_empty: 0)
