
Apartment Name: G, Max Bandwidth: 340
(id: 161, initial_bandwith: 12, is_empty: 0) (id: 329, initial_bandwith: 6, is_empty: 0) (id: 354, initial_bandwith: 13, is_empty: 0) (id: 202, initial_bandwith: 4, is_empty: 0) (id: 352, initial_bandwith: 18, is_empty: 0) (id: 240, initial_bandwith: 11, is_empty: 0) (id: 176, initial_bandwith: 18, is_empty: 0) (id: 36, initial_bandwith: 19, is_empty: 0) (id: 473, initial_bandwith: 11, is_empty: 0) (id: 350, initial_bandwith: 10, is_empty: 0) (id: 331, initial_bandwith: 4, is_empty: 0) (id: 251, initial_bandwith: 13, is_empty: 0) (id: 450, initial_bandwith: 3, is_empty: 0) (id: 320, initial_bandwith: 10, is_empty: 0) (id: 362, initial_bandwith: 6, is_empty: 0) (id: 430, initial_bandwith: 8, is_empty: 0) (id: 425, initial_bandwith: 9, is_empty: 0) 
backwards
(id: 425, initial_bandwith: 9, is_empty: 0)(id: 430, initial_bandwith: 8, is_empty: 0)(id: 362, initial_bandwith: 6, is_empty: 0)(id: 320, initial_bandwith: 10, is_empty: 0)(id: 450, initial_bandwith: 3, is_empty: 0)(id: 251, initial_bandwith: 13, is_empty: 0)(id: 331, initial_bandwith: 4, is_empty: 0)(id: 350, initial_bandwith: 10, is_empty: 0)(id: 473, initial_bandwith: 11, is_empty: 0)(id: 36, initial_bandwith: 19, is_empty: 0)(id: 176, initial_bandwith: 18, is_empty: 0)(id: 240, initial_bandwith: 11, is_empty: 0)(id: 352, initial_bandwith: 18, is_empty: 0)(id: 202, initial_bandwith: 4, is_empty: 0)(id: 354, initial_bandwith: 13, is_empty: 0)(id: 329, initial_bandwith: 6, is_empty: 0)(id: 161, initial_bandwith: 12, is_empty: 0)

Apartment Name: J, Max Bandwidth: 180
(id: 371, initial_bandwith: 6, is_empty: 0) (id: 197, initial_bandwith: 19, is_empty: 0) (id: 145, initial_bandwith: 19, is_empty: 0) (id: 190, initial_bandwith: 14, is_empty: 0) (id: 477, initial_bandwith: 7, is_empty: 0) (id: 131, initial_bandwith: 7, is_empty: 0) (id: 75, initial_bandwith: 6, is_empty: 0) (id: 457, initial_bandwith: 1, is_empty: 0) (id: 47, initial_bandwith: 12, is_empty: 0) 
backwards
(id: 47, initial_bandwith: 12, is_empty: 0)(id: 457, initial_bandwith: 1, is_empty: 0)(id: 75, initial_bandwith: 6, is_empty: 0)(id: 131, initial_bandwith: 7, is_empty: 0)(id: 477, initial_bandwith: 7, is_empty: 0)(id: 190, initial_bandwith: 14, is_empty: 0)(id: 145, initial_bandwith: 19, is_empty: 0)(id: 197, initial_bandwith: 19, is_empty: 0)(id: 371, initial_bandwith: 6, is_empty: 0)

Apartment Name: O, Max Bandwidth: 140
(id: 287, initial_bandwith: 1, is_empty: 0) (id: 134, initial_bandwith: 2, is_empty: 0) (id: 493, initial_bandwith: 3, is_empty: 0) (id: 84, initial_bandwith: 3, is_empty: 0) (id: 414, initial_bandwith: 3, is_empty: 0) (id: 333, initial_bandwith: 0, is_empty: 0) (id: 7, initial_bandwith: 6, is_empty: 0) (id: 28, initial_bandwith: 6, is_empty: 0) (id: 466, initial_bandwith: 8, is_empty: 0) (id: 165, initial_bandwith: 0, is_empty: 0) (id: 243, initial_bandwith: 2, is_empty: 0) (id: 121, initial_bandwith: 6, is_empty: 0) (id: 113, initial_bandwith: 3, is_empty: 0) (id: 296, initial_bandwith: 4, is_empty: 0) (id: 162, initial_bandwith: 5, is_empty: 0) (id: 492, initial_bandwith: 6, is_empty: 0) (id: 180, initial_bandwith: 7, is_empty: 0) 
backwards
(id: 180, initial_bandwith: 7, is_empty: 0)(id: 492, initial_bandwith: 6, is_empty: 0)(id: 162, initial_bandwith: 5, is_empty: 0)(id: 296, initial_bandwith: 4, is_empty: 0)(id: 113, initial_bandwith: 3, is_empty: 0)(id: 121, initial_bandwith: 6, is_empty: 0)(id: 243, initial_bandwith: 2, is_empty: 0)(id: 165, initial_bandwith: 0, is_empty: 0)(id: 466, initial_bandwith: 8, is_empty: 0)(id: 28, initial_bandwith: 6, is_empty: 0)(id: 7, initial_bandwith: 6, is_empty: 0)(id: 333, initial_bandwith: 0, is_empty: 0)(id: 414, initial_bandwith: 3, is_empty: 0)(id: 84, initial_bandwith: 3, is_empty: 0)(id: 493, initial_bandwith: 3, is_empty: 0)(id: 134, initial_bandwith: 2, is_empty: 0)(id: 287, initial_bandwith: 1, is_empty: 0)

Apartment Name: H, Max Bandwidth: 100
(id: 109, initial_bandwith: 7, is_empty: 0) (id: 346, initial_bandwith: 1, is_empty: 0) (id: 375, initial_bandwith: 1, is_empty: 0) (id: 324, initial_bandwith: 0, is_empty: 0) (id: 456, initial_bandwith: 1, is_empty: 0) (id: 485, initial_bandwith: 4, is_empty: 0) (id: 229, initial_bandwith: 2, is_empty: 0) (id: 384, initial_bandwith: 1, is_empty: 0) (id: 428, initial_bandwith: 1, is_empty: 0) (id: 497, initial_bandwith: 5, is_empty: 0) (id: 406, initial_bandwith: 7, is_empty: 0) (id: 200, initial_bandwith: 6, is_empty: 0) (id: 468, initial_bandwith: 3, is_empty: 0) 
backwards
(id: 468, initial_bandwith: 3, is_empty: 0)(id: 200, initial_bandwith: 6, is_empty: 0)(id: 406, initial_bandwith: 7, is_empty: 0)(id: 497, initial_bandwith: 5, is_empty: 0)(id: 428, initial_bandwith: 1, is_empty: 0)(id: 384, initial_bandwith: 1, is_empty: 0)(id: 229, initial_bandwith: 2, is_empty: 0)(id: 485, initial_bandwith: 4, is_empty: 0)(id: 456, initial_bandwith: 1, is_empty: 0)(id: 324, initial_bandwith: 0, is_empty: 0)(id: 375, initial_bandwith: 1, is_empty: 0)(id: 346, initial_bandwith: 1, is_empty: 0)(id: 109, initial_bandwith: 7, is_empty: 0)

Apartment Name: U, Max Bandwidth: 160
(id: 120, initial_bandwith: 7, is_empty: 0) (id: 434, initial_bandwith: 15, is_empty: 0) (id: 264, initial_bandwith: 18, is_empty: 0) (id: 422, initial_bandwith: 7, is_empty: 0) (id: 318, initial_bandwith: 5, is_empty: 0) (id: 79, initial_bandwith: 6, is_empty: 0) 
backwards
(id: 79, initial_bandwith: 6, is_empty: 0)(id: 318, initial_bandwith: 5, is_empty: 0)(id: 422, initial_bandwith: 7, is_empty: 0)(id: 264, initial_bandwith: 18, is_empty: 0)(id: 434, initial_bandwith: 15, is_empty: 0)(id: 120, initial_bandwith: 7, is_empty: 0)

Apartment Name: D, Max Bandwidth: 140
(id: 116, initial_bandwith: 17, is_empty: 0) (id: 189, initial_bandwith: 19, is_empty: 0) (id: 294, initial_bandwith: 2, is_empty: 0) (id: 455, initial_bandwith: 3, is_empty: 0) (id: 9, initial_bandwith: 4, is_empty: 0) (id: 98, initial_bandwith: 5, is_empty: 0) 
backwards
(id: 98, initial_bandwith: 5, is_empty: 0)(id: 9, initial_bandwith: 4, is_empty: 0)(id: 455, initial_bandwith: 3, is_empty: 0)(id: 294, initial_bandwith: 2, is_empty: 0)(id: 189, initial_bandwith: 19, is_empty: 0)(id: 116, initial_bandwith: 17, is_empty: 0)

Apartment Name: Y, Max Bandwidth: 260
(id: 182, initial_bandwith: 6, is_empty: 0) (id: 361, initial_bandwith: 13, is_empty: 0) (id: 193, initial_bandwith: 4, is_empty: 0) (id: 373, initial_bandwith: 9, is_empty: 0) (id: 138, initial_bandwith: 8, is_empty: 0) (id: 482, initial_bandwith: 11, is_empty: 0) (id: 156, initial_bandwith: 2, is_empty: 0) (id: 249, initial_bandwith: 3, is_empty: 0) (id: 325, initial_bandwith: 14, is_empty: 0) (id: 315, initial_bandwith: 2, is_empty: 0) (id: 48, initial_bandwith: 6, is_empty: 0) (id: 499, initial_bandwith: 10, is_empty: 0) (id: 111, initial_bandwith: 8, is_empty: 0) (id: 387, initial_bandwith: 14, is_empty: 0) (id: 104, initial_bandwith: 12, is_empty: 0) (id: 405, initial_bandwith: 9, is_empty: 0) (id: 130, initial_bandwith: 11, is_empty: 0) (id: 100, initial_bandwith: 4, is_empty: 0) 
backwards
(id: 100, initial_bandwith: 4, is_empty: 0)(id: 130, initial_bandwith: 11, is_empty: 0)(id: 405, initial_bandwith: 9, is_empty: 0)(id: 104, initial_bandwith: 12, is_empty: 0)(id: 387, initial_bandwith: 14, is_empty: 0)(id: 111, initial_bandwith: 8, is_empty: 0)(id: 499, initial_bandwith: 10, is_empty: 0)(id: 48, initial_bandwith: 6, is_empty: 0)(id: 315, initial_bandwith: 2, is_empty: 0)(id: 325, initial_bandwith: 14, is_empty: 0)(id: 249, initial_bandwith: 3, is_empty: 0)(id: 156, initial_bandwith: 2, is_empty: 0)(id: 482, initial_bandwith: 11, is_empty: 0)(id: 138, initial_bandwith: 8, is_empty: 0)(id: 373, initial_bandwith: 9, is_empty: 0)(id: 193, initial_bandwith: 4, is_empty: 0)(id: 361, initial_bandwith: 13, is_empty: 0)(id: 182, initial_bandwith: 6, is_empty: 0)

Apartment Name: K, Max Bandwidth: 180
(id: 153, initial_bandwith: 17, is_empty: 0) (id: 291, initial_bandwith: 5, is_empty: 0) (id: 95, initial_bandwith: 0, is_empty: 0) (id: 487, initial_bandwith: 2, is_empty: 0) (id: 149, initial_bandwith: 21, is_empty: 0) (id: 164, initial_bandwith: 18, is_empty: 0) (id: 326, initial_bandwith: 12, is_empty: 0) (id: 132, initial_bandwith: 16, is_empty: 0) 
backwards
(id: 132, initial_bandwith: 16, is_empty: 0)(id: 326, initial_bandwith: 12, is_empty: 0)(id: 164, initial_bandwith: 18, is_empty: 0)(id: 149, initial_bandwith: 21, is_empty: 0)(id: 487, initial_bandwith: 2, is_empty: 0)(id: 95, initial_bandwith: 0, is_empty: 0)(id: 291, initial_bandwith: 5, is_empty: 0)(id: 153, initial_bandwith: 17, is_empty: 0)

Apartment Name: E, Max Bandwidth: 340
(id: 64, initial_bandwith: 22, is_empty: 0) (id: 45, initial_bandwith: 6, is_empty: 0) (id: 103, initial_bandwith: 13, is_empty: 0) (id: 491, initial_bandwith: 13, is_empty: 0) (id: 44, initial_bandwith: 16, is_empty: 0) (id: 146, initial_bandwith: 17, is_empty: 0) (id: 186, initial_bandwith: 24, is_empty: 0) (id: 239, initial_bandwith: 13, is_empty: 0) (id: 254, initial_bandwith: 25, is_empty: 0) (id: 211, initial_bandwith: 17, is_empty: 0) (id: 225, initial_bandwith: 21, is_empty: 0) (id: 1, initial_bandwith: 8, is_empty: 0) (id: 35, initial_bandwith: 22, is_empty: 0) (id: 206, initial_bandwith: 8, is_empty: 0) 
backwards
(id: 206, initial_bandwith: 8, is_empty: 0)(id: 35, initial_bandwith: 22, is_empty: 0)(id: 1, initial_bandwith: 8, is_empty: 0)(id: 225, initial_bandwith: 21, is_empty: 0)(id: 211, initial_bandwith: 17, is_empty: 0)(id: 254, initial_bandwith: 25, is_empty: 0)(id: 239, initial_bandwith: 13, is_empty: 0)(id: 186, initial_bandwith: 24, is_empty: 0)(id: 146, initial_bandwith: 17, is_empty: 0)(id: 44, initial_bandwith: 16, is_empty: 0)(id: 491, initial_bandwith: 13, is_empty: 0)(id: 103, initial_bandwith: 13, is_empty: 0)(id: 45, initial_bandwith: 6, is_empty: 0)(id: 64, initial_bandwith: 22, is_empty: 0)

Apartment Name: I, Max Bandwidth: 220
(id: 454, initial_bandwith: 10, is_empty: 0) (id: 255, initial_bandwith: 2, is_empty: 0) (id: 235, initial_bandwith: 14, is_empty: 0) (id: 394, initial_bandwith: 10, is_empty: 0) (id: 459, initial_bandwith: 2, is_empty: 0) (id: 306, initial_bandwith: 0, is_empty: 0) (id: 253, initial_bandwith: 10, is_empty: 0) (id: 14, initial_bandwith: 16, is_empty: 0) (id: 355, initial_bandwith: 4, is_empty: 0) (id: 127, initial_bandwith: 0, is_empty: 0) (id: 358, initial_bandwith: 2, is_empty: 0) (id: 280, initial_bandwith: 2, is_empty: 0) (id: 205, initial_bandwith: 16, is_empty: 0) 
backwards
(id: 205, initial_bandwith: 16, is_empty: 0)(id: 280, initial_bandwith: 2, is_empty: 0)(id: 358, initial_bandwith: 2, is_empty: 0)(id: 127, initial_bandwith: 0, is_empty: 0)(id: 355, initial_bandwith: 4, is_empty: 0)(id: 14, initial_bandwith: 16, is_empty: 0)(id: 253, initial_bandwith: 10, is_empty: 0)(id: 306, initial_bandwith: 0, is_empty: 0)(id: 459, initial_bandwith: 2, is_empty: 0)(id: 394, initial_bandwith: 10, is_empty: 0)(id: 235, initial_bandwith: 14, is_empty: 0)(id: 255, initial_bandwith: 2, is_empty: 0)(id: 454, initial_bandwith: 10, is_empty: 0)
